[0.007s] Invoking command in '/home/pratik/ros2_ws/src/shm/build/shm': CMAKE_PREFIX_PATH=/opt/ros/humble /usr/bin/cmake /home/pratik/ros2_ws/src/shm -DCMAKE_INSTALL_PREFIX=/home/pratik/ros2_ws/src/shm/install/shm
[0.014s] -- Found ament_cmake: 1.3.12 (/opt/ros/humble/share/ament_cmake/cmake)
[0.097s] -- Found rclcpp: 16.0.16 (/opt/ros/humble/share/rclcpp/cmake)
[0.111s] -- Found rosidl_generator_c: 3.1.7 (/opt/ros/humble/share/rosidl_generator_c/cmake)
[0.112s] -- Found rosidl_adapter: 3.1.7 (/opt/ros/humble/share/rosidl_adapter/cmake)
[0.115s] -- Found rosidl_generator_cpp: 3.1.7 (/opt/ros/humble/share/rosidl_generator_cpp/cmake)
[0.119s] -- Using all available rosidl_typesupport_c: rosidl_typesupport_fastrtps_c;rosidl_typesupport_introspection_c
[0.125s] -- Using all available rosidl_typesupport_cpp: rosidl_typesupport_fastrtps_cpp;rosidl_typesupport_introspection_cpp
[0.141s] -- Found rmw_implementation_cmake: 6.1.2 (/opt/ros/humble/share/rmw_implementation_cmake/cmake)
[0.142s] -- Found rmw_fastrtps_cpp: 6.2.9 (/opt/ros/humble/share/rmw_fastrtps_cpp/cmake)
[0.201s] -- Using RMW implementation 'rmw_fastrtps_cpp' as default
[0.229s] -- Found visualization_msgs: 4.9.0 (/opt/ros/humble/share/visualization_msgs/cmake)
[0.261s] -- Found ament_lint_auto: 0.12.14 (/opt/ros/humble/share/ament_lint_auto/cmake)
[0.317s] -- Added test 'cppcheck' to perform static code analysis on C / C++ code
[0.317s] -- Configured cppcheck include dirs: 
[0.317s] -- Configured cppcheck exclude dirs and/or files: 
[0.317s] -- Added test 'flake8' to check Python code syntax and style conventions
[0.318s] -- Added test 'lint_cmake' to check CMake code style
[0.319s] -- Added test 'pep257' to check Python code against some of the docstring style conventions in PEP 257
[0.322s] -- Added test 'uncrustify' to check C / C++ code style
[0.322s] -- Configured uncrustify additional arguments: 
[0.322s] -- Added test 'xmllint' to check XML markup files
[0.323s] -- Configuring done
[0.328s] -- Generating done
[0.330s] -- Build files have been written to: /home/pratik/ros2_ws/src/shm/build/shm
[0.335s] Invoked command in '/home/pratik/ros2_ws/src/shm/build/shm' returned '0': CMAKE_PREFIX_PATH=/opt/ros/humble /usr/bin/cmake /home/pratik/ros2_ws/src/shm -DCMAKE_INSTALL_PREFIX=/home/pratik/ros2_ws/src/shm/install/shm
[0.337s] Invoking command in '/home/pratik/ros2_ws/src/shm/build/shm': CMAKE_PREFIX_PATH=/opt/ros/humble /usr/bin/cmake --build /home/pratik/ros2_ws/src/shm/build/shm -- -j20 -l20
[0.380s] [ 50%] [32mBuilding CXX object CMakeFiles/shm.dir/src/spring.cpp.o[0m
[2.511s] [100%] [32m[1mLinking CXX executable shm[0m
[2.625s] [100%] Built target shm
[2.634s] Invoked command in '/home/pratik/ros2_ws/src/shm/build/shm' returned '0': CMAKE_PREFIX_PATH=/opt/ros/humble /usr/bin/cmake --build /home/pratik/ros2_ws/src/shm/build/shm -- -j20 -l20
[2.639s] Invoking command in '/home/pratik/ros2_ws/src/shm/build/shm': CMAKE_PREFIX_PATH=/opt/ros/humble /usr/bin/cmake --install /home/pratik/ros2_ws/src/shm/build/shm
[2.646s] -- Install configuration: ""
[2.646s] -- Installing: /home/pratik/ros2_ws/src/shm/install/shm/lib/shm/shm
[2.648s] -- Set runtime path of "/home/pratik/ros2_ws/src/shm/install/shm/lib/shm/shm" to ""
[2.648s] -- Installing: /home/pratik/ros2_ws/src/shm/install/shm/share/ament_index/resource_index/package_run_dependencies/shm
[2.648s] -- Installing: /home/pratik/ros2_ws/src/shm/install/shm/share/ament_index/resource_index/parent_prefix_path/shm
[2.648s] -- Installing: /home/pratik/ros2_ws/src/shm/install/shm/share/shm/environment/ament_prefix_path.sh
[2.648s] -- Installing: /home/pratik/ros2_ws/src/shm/install/shm/share/shm/environment/ament_prefix_path.dsv
[2.648s] -- Installing: /home/pratik/ros2_ws/src/shm/install/shm/share/shm/environment/path.sh
[2.648s] -- Installing: /home/pratik/ros2_ws/src/shm/install/shm/share/shm/environment/path.dsv
[2.648s] -- Installing: /home/pratik/ros2_ws/src/shm/install/shm/share/shm/local_setup.bash
[2.648s] -- Installing: /home/pratik/ros2_ws/src/shm/install/shm/share/shm/local_setup.sh
[2.648s] -- Installing: /home/pratik/ros2_ws/src/shm/install/shm/share/shm/local_setup.zsh
[2.648s] -- Installing: /home/pratik/ros2_ws/src/shm/install/shm/share/shm/local_setup.dsv
[2.648s] -- Installing: /home/pratik/ros2_ws/src/shm/install/shm/share/shm/package.dsv
[2.649s] -- Installing: /home/pratik/ros2_ws/src/shm/install/shm/share/ament_index/resource_index/packages/shm
[2.649s] -- Installing: /home/pratik/ros2_ws/src/shm/install/shm/share/shm/cmake/shmConfig.cmake
[2.649s] -- Installing: /home/pratik/ros2_ws/src/shm/install/shm/share/shm/cmake/shmConfig-version.cmake
[2.649s] -- Installing: /home/pratik/ros2_ws/src/shm/install/shm/share/shm/package.xml
[2.651s] Invoked command in '/home/pratik/ros2_ws/src/shm/build/shm' returned '0': CMAKE_PREFIX_PATH=/opt/ros/humble /usr/bin/cmake --install /home/pratik/ros2_ws/src/shm/build/shm
