[0.007s] Invoking command in '/home/pratik/IITB_RacingTeam/AISD_Module/shm_visualization_Checkpoint1/shm/build/shm': CMAKE_PREFIX_PATH=${CMAKE_PREFIX_PATH}:/opt/ros/humble /usr/bin/cmake --build /home/pratik/IITB_RacingTeam/AISD_Module/shm_visualization_Checkpoint1/shm/build/shm -- -j20 -l20
[0.034s] -- Found ament_cmake: 1.3.12 (/opt/ros/humble/share/ament_cmake/cmake)
[0.111s] -- Found rclcpp: 16.0.16 (/opt/ros/humble/share/rclcpp/cmake)
[0.129s] -- Found rosidl_generator_c: 3.1.7 (/opt/ros/humble/share/rosidl_generator_c/cmake)
[0.130s] -- Found rosidl_adapter: 3.1.7 (/opt/ros/humble/share/rosidl_adapter/cmake)
[0.134s] -- Found rosidl_generator_cpp: 3.1.7 (/opt/ros/humble/share/rosidl_generator_cpp/cmake)
[0.140s] -- Using all available rosidl_typesupport_c: rosidl_typesupport_fastrtps_c;rosidl_typesupport_introspection_c
[0.147s] -- Using all available rosidl_typesupport_cpp: rosidl_typesupport_fastrtps_cpp;rosidl_typesupport_introspection_cpp
[0.167s] -- Found rmw_implementation_cmake: 6.1.2 (/opt/ros/humble/share/rmw_implementation_cmake/cmake)
[0.168s] -- Found rmw_fastrtps_cpp: 6.2.9 (/opt/ros/humble/share/rmw_fastrtps_cpp/cmake)
[0.233s] -- Using RMW implementation 'rmw_fastrtps_cpp' as default
[0.265s] -- Found visualization_msgs: 4.9.0 (/opt/ros/humble/share/visualization_msgs/cmake)
[0.294s] -- Found rosidl_default_generators: 1.2.0 (/opt/ros/humble/share/rosidl_default_generators/cmake)
[0.477s] -- Found ament_cmake_ros: 0.10.0 (/opt/ros/humble/share/ament_cmake_ros/cmake)
[0.685s] -- Using all available rosidl_typesupport_c: rosidl_typesupport_fastrtps_c;rosidl_typesupport_introspection_c
[0.762s] -- Using all available rosidl_typesupport_cpp: rosidl_typesupport_fastrtps_cpp;rosidl_typesupport_introspection_cpp
[0.784s] -- Found python_cmake_module: 0.10.0 (/opt/ros/humble/share/python_cmake_module/cmake)
[0.803s] -- Using PYTHON_EXECUTABLE: /usr/bin/python3
[0.803s] -- Using PYTHON_INCLUDE_DIRS: /usr/include/python3.10
[0.803s] -- Using PYTHON_LIBRARIES: /usr/lib/x86_64-linux-gnu/libpython3.10.so
[0.810s] [31mCMake Error at CMakeLists.txt:26 (add_executable):
[0.810s]   add_executable cannot create target "shm" because another target with the
[0.810s]   same name already exists.  The existing target is a custom target created
[0.810s]   in source directory
[0.810s]   "/home/pratik/IITB_RacingTeam/AISD_Module/shm_visualization_Checkpoint1/shm".
[0.810s]   See documentation for policy CMP0002 for more details.
[0.810s] 
[0.810s] [0m
[0.811s] [31mCMake Error at /opt/ros/humble/share/ament_cmake_target_dependencies/cmake/ament_target_dependencies.cmake:128 (target_compile_definitions):
[0.811s]   target_compile_definitions called with non-compilable target type
[0.811s] Call Stack (most recent call first):
[0.811s]   CMakeLists.txt:28 (ament_target_dependencies)
[0.811s] 
[0.811s] [0m
[0.811s] [31mCMake Error at /opt/ros/humble/share/ament_cmake_target_dependencies/cmake/ament_target_dependencies.cmake:141 (target_include_directories):
[0.811s]   target_include_directories called with non-compilable target type
[0.811s] Call Stack (most recent call first):
[0.811s]   CMakeLists.txt:28 (ament_target_dependencies)
[0.811s] 
[0.811s] [0m
[0.811s] [31mCMake Error at /opt/ros/humble/share/ament_cmake_target_dependencies/cmake/ament_target_dependencies.cmake:145 (target_link_libraries):
[0.811s]   Utility target "shm" must not be used as the target of a
[0.812s]   target_link_libraries call.
[0.812s] Call Stack (most recent call first):
[0.812s]   CMakeLists.txt:28 (ament_target_dependencies)
[0.812s] 
[0.812s] [0m
[0.812s] [31mCMake Error at /opt/ros/humble/share/ament_cmake_target_dependencies/cmake/ament_target_dependencies.cmake:147 (target_include_directories):
[0.812s]   target_include_directories called with non-compilable target type
[0.812s] Call Stack (most recent call first):
[0.812s]   CMakeLists.txt:28 (ament_target_dependencies)
[0.812s] 
[0.812s] [0m
[0.812s] [31mCMake Error at /opt/ros/humble/share/ament_cmake_target_dependencies/cmake/ament_target_dependencies.cmake:151 (target_link_libraries):
[0.812s]   Utility target "shm" must not be used as the target of a
[0.812s]   target_link_libraries call.
[0.812s] Call Stack (most recent call first):
[0.812s]   CMakeLists.txt:28 (ament_target_dependencies)
[0.812s] 
[0.812s] [0m
[0.812s] [0mCMake Deprecation Warning at /opt/ros/humble/share/rosidl_cmake/cmake/rosidl_target_interfaces.cmake:32 (message):
[0.812s]   Use rosidl_get_typesupport_target() and target_link_libraries() instead of
[0.812s]   rosidl_target_interfaces()
[0.812s] Call Stack (most recent call first):
[0.812s]   CMakeLists.txt:36 (rosidl_target_interfaces)
[0.812s] 
[0.812s] [0m
[0.812s] [31mCMake Error at /opt/ros/humble/share/rosidl_cmake/cmake/rosidl_target_interfaces.cmake:58 (target_link_libraries):
[0.812s]   Utility target "shm" must not be used as the target of a
[0.812s]   target_link_libraries call.
[0.812s] Call Stack (most recent call first):
[0.812s]   CMakeLists.txt:36 (rosidl_target_interfaces)
[0.812s] 
[0.812s] [0m
[0.813s] [31mCMake Error at CMakeLists.txt:41 (install):
[0.813s]   install TARGETS given target "shm" which is not an executable, library, or
[0.813s]   module.
[0.813s] 
[0.813s] [0m
[0.813s] -- Configuring incomplete, errors occurred!
[0.814s] See also "/home/pratik/IITB_RacingTeam/AISD_Module/shm_visualization_Checkpoint1/shm/build/shm/CMakeFiles/CMakeOutput.log".
[0.818s] gmake: *** [Makefile:788: cmake_check_build_system] Error 1
[0.820s] Invoked command in '/home/pratik/IITB_RacingTeam/AISD_Module/shm_visualization_Checkpoint1/shm/build/shm' returned '2': CMAKE_PREFIX_PATH=${CMAKE_PREFIX_PATH}:/opt/ros/humble /usr/bin/cmake --build /home/pratik/IITB_RacingTeam/AISD_Module/shm_visualization_Checkpoint1/shm/build/shm -- -j20 -l20
