-- Found ament_cmake: 1.3.12 (/opt/ros/humble/share/ament_cmake/cmake)
-- Found rclcpp: 16.0.16 (/opt/ros/humble/share/rclcpp/cmake)
-- Found rosidl_generator_c: 3.1.7 (/opt/ros/humble/share/rosidl_generator_c/cmake)
-- Found rosidl_adapter: 3.1.7 (/opt/ros/humble/share/rosidl_adapter/cmake)
-- Found rosidl_generator_cpp: 3.1.7 (/opt/ros/humble/share/rosidl_generator_cpp/cmake)
-- Using all available rosidl_typesupport_c: rosidl_typesupport_fastrtps_c;rosidl_typesupport_introspection_c
-- Using all available rosidl_typesupport_cpp: rosidl_typesupport_fastrtps_cpp;rosidl_typesupport_introspection_cpp
-- Found rmw_implementation_cmake: 6.1.2 (/opt/ros/humble/share/rmw_implementation_cmake/cmake)
-- Found rmw_fastrtps_cpp: 6.2.9 (/opt/ros/humble/share/rmw_fastrtps_cpp/cmake)
-- Using RMW implementation 'rmw_fastrtps_cpp' as default
-- Found visualization_msgs: 4.9.0 (/opt/ros/humble/share/visualization_msgs/cmake)
-- Found rosidl_default_generators: 1.2.0 (/opt/ros/humble/share/rosidl_default_generators/cmake)
-- Found ament_cmake_ros: 0.10.0 (/opt/ros/humble/share/ament_cmake_ros/cmake)
-- Using all available rosidl_typesupport_c: rosidl_typesupport_fastrtps_c;rosidl_typesupport_introspection_c
-- Using all available rosidl_typesupport_cpp: rosidl_typesupport_fastrtps_cpp;rosidl_typesupport_introspection_cpp
-- Found python_cmake_module: 0.10.0 (/opt/ros/humble/share/python_cmake_module/cmake)
-- Using PYTHON_EXECUTABLE: /usr/bin/python3
-- Using PYTHON_INCLUDE_DIRS: /usr/include/python3.10
-- Using PYTHON_LIBRARIES: /usr/lib/x86_64-linux-gnu/libpython3.10.so
[0mCMake Deprecation Warning at /opt/ros/humble/share/rosidl_cmake/cmake/rosidl_target_interfaces.cmake:32 (message):
  Use rosidl_get_typesupport_target() and target_link_libraries() instead of
  rosidl_target_interfaces()
Call Stack (most recent call first):
  CMakeLists.txt:34 (rosidl_target_interfaces)

[0m
-- Configuring done
-- Generating done
-- Build files have been written to: /home/pratik/IITB_RacingTeam/AISD_Module/shm_visualization_Checkpoint1/shm/build/shm
[  3%] [34m[1mGenerating C code for ROS interfaces[0m
[  6%] [34m[1mGenerating C++ code for ROS interfaces[0m
[  6%] Built target ament_cmake_python_copy_shm
running egg_info
creating shm.egg-info
writing shm.egg-info/PKG-INFO
writing dependency_links to shm.egg-info/dependency_links.txt
writing top-level names to shm.egg-info/top_level.txt
writing manifest file 'shm.egg-info/SOURCES.txt'
reading manifest file 'shm.egg-info/SOURCES.txt'
writing manifest file 'shm.egg-info/SOURCES.txt'
[  6%] Built target ament_cmake_python_build_shm_egg
[  9%] [32mBuilding C object CMakeFiles/shm__rosidl_generator_c.dir/rosidl_generator_c/shm/srv/detail/set_shm_params__functions.c.o[0m
[  9%] Built target shm__cpp
[ 12%] [34m[1mGenerating C++ type support dispatch for ROS interfaces[0m
[ 18%] [34m[1mGenerating C++ type support for eProsima Fast-RTPS[0m
[ 18%] [34m[1mGenerating C++ introspection for ROS interfaces[0m
[ 21%] [32m[1mLinking C shared library libshm__rosidl_generator_c.so[0m
[ 21%] Built target shm__rosidl_generator_c
[ 30%] [34m[1mGenerating C type support dispatch for ROS interfaces[0m
[ 30%] [34m[1mGenerating C introspection for ROS interfaces[0m
[ 30%] [34m[1mGenerating C type support for eProsima Fast-RTPS[0m
[ 33%] [32mBuilding CXX object CMakeFiles/shm__rosidl_typesupport_cpp.dir/rosidl_typesupport_cpp/shm/srv/set_shm_params__type_support.cpp.o[0m
[ 36%] [32mBuilding CXX object CMakeFiles/shm__rosidl_typesupport_introspection_cpp.dir/rosidl_typesupport_introspection_cpp/shm/srv/detail/set_shm_params__type_support.cpp.o[0m
[ 39%] [32mBuilding CXX object CMakeFiles/shm__rosidl_typesupport_fastrtps_cpp.dir/rosidl_typesupport_fastrtps_cpp/shm/srv/detail/dds_fastrtps/set_shm_params__type_support.cpp.o[0m
[ 42%] [32mBuilding CXX object CMakeFiles/shm__rosidl_typesupport_c.dir/rosidl_typesupport_c/shm/srv/set_shm_params__type_support.cpp.o[0m
[ 45%] [32mBuilding CXX object CMakeFiles/shm__rosidl_typesupport_fastrtps_c.dir/rosidl_typesupport_fastrtps_c/shm/srv/detail/set_shm_params__type_support_c.cpp.o[0m
[ 48%] [32mBuilding C object CMakeFiles/shm__rosidl_typesupport_introspection_c.dir/rosidl_typesupport_introspection_c/shm/srv/detail/set_shm_params__type_support.c.o[0m
[ 51%] [32m[1mLinking CXX shared library libshm__rosidl_typesupport_c.so[0m
[ 54%] [32m[1mLinking C shared library libshm__rosidl_typesupport_introspection_c.so[0m
[ 54%] Built target shm__rosidl_typesupport_c
[ 54%] Built target shm__rosidl_typesupport_introspection_c
[ 57%] [32m[1mLinking CXX shared library libshm__rosidl_typesupport_cpp.so[0m
[ 57%] Built target shm__rosidl_typesupport_cpp
[ 60%] [32m[1mLinking CXX shared library libshm__rosidl_typesupport_introspection_cpp.so[0m
[ 63%] [32m[1mLinking CXX shared library libshm__rosidl_typesupport_fastrtps_cpp.so[0m
[ 66%] [32m[1mLinking CXX shared library libshm__rosidl_typesupport_fastrtps_c.so[0m
[ 66%] Built target shm__rosidl_typesupport_introspection_cpp
[ 66%] Built target shm__rosidl_typesupport_fastrtps_cpp
[ 66%] Built target shm__rosidl_typesupport_fastrtps_c
[ 66%] Built target shm
[ 69%] [32mBuilding CXX object CMakeFiles/damped_shm_node.dir/src/spring.cpp.o[0m
[ 72%] [34m[1mGenerating Python code for ROS interfaces[0m
[ 72%] Built target shm__py
[ 75%] [32mBuilding C object CMakeFiles/shm__rosidl_generator_py.dir/rosidl_generator_py/shm/srv/_set_shm_params_s.c.o[0m
[ 78%] [32m[1mLinking C shared library rosidl_generator_py/shm/libshm__rosidl_generator_py.so[0m
[ 78%] Built target shm__rosidl_generator_py
[ 81%] [32mBuilding C object CMakeFiles/shm__rosidl_typesupport_introspection_c__pyext.dir/rosidl_generator_py/shm/_shm_s.ep.rosidl_typesupport_introspection_c.c.o[0m
[ 87%] [32mBuilding C object CMakeFiles/shm__rosidl_typesupport_fastrtps_c__pyext.dir/rosidl_generator_py/shm/_shm_s.ep.rosidl_typesupport_fastrtps_c.c.o[0m
[ 87%] [32mBuilding C object CMakeFiles/shm__rosidl_typesupport_c__pyext.dir/rosidl_generator_py/shm/_shm_s.ep.rosidl_typesupport_c.c.o[0m
[ 90%] [32m[1mLinking C shared library rosidl_generator_py/shm/shm_s__rosidl_typesupport_c.cpython-310-x86_64-linux-gnu.so[0m
[ 93%] [32m[1mLinking C shared library rosidl_generator_py/shm/shm_s__rosidl_typesupport_introspection_c.cpython-310-x86_64-linux-gnu.so[0m
[ 96%] [32m[1mLinking C shared library rosidl_generator_py/shm/shm_s__rosidl_typesupport_fastrtps_c.cpython-310-x86_64-linux-gnu.so[0m
[ 96%] Built target shm__rosidl_typesupport_c__pyext
[ 96%] Built target shm__rosidl_typesupport_introspection_c__pyext
[ 96%] Built target shm__rosidl_typesupport_fastrtps_c__pyext
[100%] [32m[1mLinking CXX executable damped_shm_node[0m
[100%] Built target damped_shm_node
-- Install configuration: ""
-- Installing: /home/pratik/IITB_RacingTeam/AISD_Module/shm_visualization_Checkpoint1/shm/install/shm/share/ament_index/resource_index/rosidl_interfaces/shm
-- Installing: /home/pratik/IITB_RacingTeam/AISD_Module/shm_visualization_Checkpoint1/shm/install/shm/include/shm/shm
-- Installing: /home/pratik/IITB_RacingTeam/AISD_Module/shm_visualization_Checkpoint1/shm/install/shm/include/shm/shm/srv
-- Installing: /home/pratik/IITB_RacingTeam/AISD_Module/shm_visualization_Checkpoint1/shm/install/shm/include/shm/shm/srv/detail
-- Installing: /home/pratik/IITB_RacingTeam/AISD_Module/shm_visualization_Checkpoint1/shm/install/shm/include/shm/shm/srv/detail/set_shm_params__functions.c
-- Installing: /home/pratik/IITB_RacingTeam/AISD_Module/shm_visualization_Checkpoint1/shm/install/shm/include/shm/shm/srv/detail/set_shm_params__functions.h
-- Installing: /home/pratik/IITB_RacingTeam/AISD_Module/shm_visualization_Checkpoint1/shm/install/shm/include/shm/shm/srv/detail/set_shm_params__struct.h
-- Installing: /home/pratik/IITB_RacingTeam/AISD_Module/shm_visualization_Checkpoint1/shm/install/shm/include/shm/shm/srv/detail/set_shm_params__type_support.h
-- Installing: /home/pratik/IITB_RacingTeam/AISD_Module/shm_visualization_Checkpoint1/shm/install/shm/include/shm/shm/srv/set_shm_params.h
-- Installing: /home/pratik/IITB_RacingTeam/AISD_Module/shm_visualization_Checkpoint1/shm/install/shm/include/shm/shm/msg
-- Installing: /home/pratik/IITB_RacingTeam/AISD_Module/shm_visualization_Checkpoint1/shm/install/shm/include/shm/shm/msg/rosidl_generator_c__visibility_control.h
-- Installing: /home/pratik/IITB_RacingTeam/AISD_Module/shm_visualization_Checkpoint1/shm/install/shm/share/shm/environment/library_path.sh
-- Installing: /home/pratik/IITB_RacingTeam/AISD_Module/shm_visualization_Checkpoint1/shm/install/shm/share/shm/environment/library_path.dsv
-- Installing: /home/pratik/IITB_RacingTeam/AISD_Module/shm_visualization_Checkpoint1/shm/install/shm/lib/libshm__rosidl_generator_c.so
-- Set runtime path of "/home/pratik/IITB_RacingTeam/AISD_Module/shm_visualization_Checkpoint1/shm/install/shm/lib/libshm__rosidl_generator_c.so" to ""
-- Up-to-date: /home/pratik/IITB_RacingTeam/AISD_Module/shm_visualization_Checkpoint1/shm/install/shm/include/shm/shm
-- Up-to-date: /home/pratik/IITB_RacingTeam/AISD_Module/shm_visualization_Checkpoint1/shm/install/shm/include/shm/shm/srv
-- Up-to-date: /home/pratik/IITB_RacingTeam/AISD_Module/shm_visualization_Checkpoint1/shm/install/shm/include/shm/shm/srv/detail
-- Installing: /home/pratik/IITB_RacingTeam/AISD_Module/shm_visualization_Checkpoint1/shm/install/shm/include/shm/shm/srv/detail/set_shm_params__rosidl_typesupport_fastrtps_c.h
-- Up-to-date: /home/pratik/IITB_RacingTeam/AISD_Module/shm_visualization_Checkpoint1/shm/install/shm/include/shm/shm/msg
-- Installing: /home/pratik/IITB_RacingTeam/AISD_Module/shm_visualization_Checkpoint1/shm/install/shm/include/shm/shm/msg/rosidl_typesupport_fastrtps_c__visibility_control.h
-- Installing: /home/pratik/IITB_RacingTeam/AISD_Module/shm_visualization_Checkpoint1/shm/install/shm/lib/libshm__rosidl_typesupport_fastrtps_c.so
-- Set runtime path of "/home/pratik/IITB_RacingTeam/AISD_Module/shm_visualization_Checkpoint1/shm/install/shm/lib/libshm__rosidl_typesupport_fastrtps_c.so" to ""
-- Up-to-date: /home/pratik/IITB_RacingTeam/AISD_Module/shm_visualization_Checkpoint1/shm/install/shm/include/shm/shm
-- Up-to-date: /home/pratik/IITB_RacingTeam/AISD_Module/shm_visualization_Checkpoint1/shm/install/shm/include/shm/shm/srv
-- Up-to-date: /home/pratik/IITB_RacingTeam/AISD_Module/shm_visualization_Checkpoint1/shm/install/shm/include/shm/shm/srv/detail
-- Installing: /home/pratik/IITB_RacingTeam/AISD_Module/shm_visualization_Checkpoint1/shm/install/shm/include/shm/shm/srv/detail/set_shm_params__struct.hpp
-- Installing: /home/pratik/IITB_RacingTeam/AISD_Module/shm_visualization_Checkpoint1/shm/install/shm/include/shm/shm/srv/detail/set_shm_params__type_support.hpp
-- Installing: /home/pratik/IITB_RacingTeam/AISD_Module/shm_visualization_Checkpoint1/shm/install/shm/include/shm/shm/srv/detail/set_shm_params__traits.hpp
-- Installing: /home/pratik/IITB_RacingTeam/AISD_Module/shm_visualization_Checkpoint1/shm/install/shm/include/shm/shm/srv/detail/set_shm_params__builder.hpp
-- Installing: /home/pratik/IITB_RacingTeam/AISD_Module/shm_visualization_Checkpoint1/shm/install/shm/include/shm/shm/srv/set_shm_params.hpp
-- Up-to-date: /home/pratik/IITB_RacingTeam/AISD_Module/shm_visualization_Checkpoint1/shm/install/shm/include/shm/shm/msg
-- Installing: /home/pratik/IITB_RacingTeam/AISD_Module/shm_visualization_Checkpoint1/shm/install/shm/include/shm/shm/msg/rosidl_generator_cpp__visibility_control.hpp
-- Up-to-date: /home/pratik/IITB_RacingTeam/AISD_Module/shm_visualization_Checkpoint1/shm/install/shm/include/shm/shm
-- Up-to-date: /home/pratik/IITB_RacingTeam/AISD_Module/shm_visualization_Checkpoint1/shm/install/shm/include/shm/shm/srv
-- Up-to-date: /home/pratik/IITB_RacingTeam/AISD_Module/shm_visualization_Checkpoint1/shm/install/shm/include/shm/shm/srv/detail
-- Installing: /home/pratik/IITB_RacingTeam/AISD_Module/shm_visualization_Checkpoint1/shm/install/shm/include/shm/shm/srv/detail/dds_fastrtps
-- Installing: /home/pratik/IITB_RacingTeam/AISD_Module/shm_visualization_Checkpoint1/shm/install/shm/include/shm/shm/srv/detail/set_shm_params__rosidl_typesupport_fastrtps_cpp.hpp
-- Up-to-date: /home/pratik/IITB_RacingTeam/AISD_Module/shm_visualization_Checkpoint1/shm/install/shm/include/shm/shm/msg
-- Installing: /home/pratik/IITB_RacingTeam/AISD_Module/shm_visualization_Checkpoint1/shm/install/shm/include/shm/shm/msg/rosidl_typesupport_fastrtps_cpp__visibility_control.h
-- Installing: /home/pratik/IITB_RacingTeam/AISD_Module/shm_visualization_Checkpoint1/shm/install/shm/lib/libshm__rosidl_typesupport_fastrtps_cpp.so
-- Set runtime path of "/home/pratik/IITB_RacingTeam/AISD_Module/shm_visualization_Checkpoint1/shm/install/shm/lib/libshm__rosidl_typesupport_fastrtps_cpp.so" to ""
-- Up-to-date: /home/pratik/IITB_RacingTeam/AISD_Module/shm_visualization_Checkpoint1/shm/install/shm/include/shm/shm
-- Up-to-date: /home/pratik/IITB_RacingTeam/AISD_Module/shm_visualization_Checkpoint1/shm/install/shm/include/shm/shm/srv
-- Up-to-date: /home/pratik/IITB_RacingTeam/AISD_Module/shm_visualization_Checkpoint1/shm/install/shm/include/shm/shm/srv/detail
-- Installing: /home/pratik/IITB_RacingTeam/AISD_Module/shm_visualization_Checkpoint1/shm/install/shm/include/shm/shm/srv/detail/set_shm_params__rosidl_typesupport_introspection_c.h
-- Installing: /home/pratik/IITB_RacingTeam/AISD_Module/shm_visualization_Checkpoint1/shm/install/shm/include/shm/shm/srv/detail/set_shm_params__type_support.c
-- Up-to-date: /home/pratik/IITB_RacingTeam/AISD_Module/shm_visualization_Checkpoint1/shm/install/shm/include/shm/shm/msg
-- Installing: /home/pratik/IITB_RacingTeam/AISD_Module/shm_visualization_Checkpoint1/shm/install/shm/include/shm/shm/msg/rosidl_typesupport_introspection_c__visibility_control.h
-- Installing: /home/pratik/IITB_RacingTeam/AISD_Module/shm_visualization_Checkpoint1/shm/install/shm/lib/libshm__rosidl_typesupport_introspection_c.so
-- Set runtime path of "/home/pratik/IITB_RacingTeam/AISD_Module/shm_visualization_Checkpoint1/shm/install/shm/lib/libshm__rosidl_typesupport_introspection_c.so" to ""
-- Installing: /home/pratik/IITB_RacingTeam/AISD_Module/shm_visualization_Checkpoint1/shm/install/shm/lib/libshm__rosidl_typesupport_c.so
-- Set runtime path of "/home/pratik/IITB_RacingTeam/AISD_Module/shm_visualization_Checkpoint1/shm/install/shm/lib/libshm__rosidl_typesupport_c.so" to ""
-- Up-to-date: /home/pratik/IITB_RacingTeam/AISD_Module/shm_visualization_Checkpoint1/shm/install/shm/include/shm/shm
-- Up-to-date: /home/pratik/IITB_RacingTeam/AISD_Module/shm_visualization_Checkpoint1/shm/install/shm/include/shm/shm/srv
-- Up-to-date: /home/pratik/IITB_RacingTeam/AISD_Module/shm_visualization_Checkpoint1/shm/install/shm/include/shm/shm/srv/detail
-- Installing: /home/pratik/IITB_RacingTeam/AISD_Module/shm_visualization_Checkpoint1/shm/install/shm/include/shm/shm/srv/detail/set_shm_params__type_support.cpp
-- Installing: /home/pratik/IITB_RacingTeam/AISD_Module/shm_visualization_Checkpoint1/shm/install/shm/include/shm/shm/srv/detail/set_shm_params__rosidl_typesupport_introspection_cpp.hpp
-- Installing: /home/pratik/IITB_RacingTeam/AISD_Module/shm_visualization_Checkpoint1/shm/install/shm/lib/libshm__rosidl_typesupport_introspection_cpp.so
-- Set runtime path of "/home/pratik/IITB_RacingTeam/AISD_Module/shm_visualization_Checkpoint1/shm/install/shm/lib/libshm__rosidl_typesupport_introspection_cpp.so" to ""
-- Installing: /home/pratik/IITB_RacingTeam/AISD_Module/shm_visualization_Checkpoint1/shm/install/shm/lib/libshm__rosidl_typesupport_cpp.so
-- Set runtime path of "/home/pratik/IITB_RacingTeam/AISD_Module/shm_visualization_Checkpoint1/shm/install/shm/lib/libshm__rosidl_typesupport_cpp.so" to ""
-- Installing: /home/pratik/IITB_RacingTeam/AISD_Module/shm_visualization_Checkpoint1/shm/install/shm/share/shm/environment/pythonpath.sh
-- Installing: /home/pratik/IITB_RacingTeam/AISD_Module/shm_visualization_Checkpoint1/shm/install/shm/share/shm/environment/pythonpath.dsv
-- Installing: /home/pratik/IITB_RacingTeam/AISD_Module/shm_visualization_Checkpoint1/shm/install/shm/local/lib/python3.10/dist-packages/shm-0.0.0-py3.10.egg-info
-- Installing: /home/pratik/IITB_RacingTeam/AISD_Module/shm_visualization_Checkpoint1/shm/install/shm/local/lib/python3.10/dist-packages/shm-0.0.0-py3.10.egg-info/PKG-INFO
-- Installing: /home/pratik/IITB_RacingTeam/AISD_Module/shm_visualization_Checkpoint1/shm/install/shm/local/lib/python3.10/dist-packages/shm-0.0.0-py3.10.egg-info/SOURCES.txt
-- Installing: /home/pratik/IITB_RacingTeam/AISD_Module/shm_visualization_Checkpoint1/shm/install/shm/local/lib/python3.10/dist-packages/shm-0.0.0-py3.10.egg-info/top_level.txt
-- Installing: /home/pratik/IITB_RacingTeam/AISD_Module/shm_visualization_Checkpoint1/shm/install/shm/local/lib/python3.10/dist-packages/shm-0.0.0-py3.10.egg-info/dependency_links.txt
-- Installing: /home/pratik/IITB_RacingTeam/AISD_Module/shm_visualization_Checkpoint1/shm/install/shm/local/lib/python3.10/dist-packages/shm
-- Installing: /home/pratik/IITB_RacingTeam/AISD_Module/shm_visualization_Checkpoint1/shm/install/shm/local/lib/python3.10/dist-packages/shm/shm_s__rosidl_typesupport_fastrtps_c.cpython-310-x86_64-linux-gnu.so
-- Installing: /home/pratik/IITB_RacingTeam/AISD_Module/shm_visualization_Checkpoint1/shm/install/shm/local/lib/python3.10/dist-packages/shm/_shm_s.ep.rosidl_typesupport_c.c
-- Installing: /home/pratik/IITB_RacingTeam/AISD_Module/shm_visualization_Checkpoint1/shm/install/shm/local/lib/python3.10/dist-packages/shm/__init__.py
-- Installing: /home/pratik/IITB_RacingTeam/AISD_Module/shm_visualization_Checkpoint1/shm/install/shm/local/lib/python3.10/dist-packages/shm/_shm_s.ep.rosidl_typesupport_fastrtps_c.c
-- Installing: /home/pratik/IITB_RacingTeam/AISD_Module/shm_visualization_Checkpoint1/shm/install/shm/local/lib/python3.10/dist-packages/shm/_shm_s.ep.rosidl_typesupport_introspection_c.c
-- Installing: /home/pratik/IITB_RacingTeam/AISD_Module/shm_visualization_Checkpoint1/shm/install/shm/local/lib/python3.10/dist-packages/shm/libshm__rosidl_generator_py.so
-- Installing: /home/pratik/IITB_RacingTeam/AISD_Module/shm_visualization_Checkpoint1/shm/install/shm/local/lib/python3.10/dist-packages/shm/shm_s__rosidl_typesupport_c.cpython-310-x86_64-linux-gnu.so
-- Installing: /home/pratik/IITB_RacingTeam/AISD_Module/shm_visualization_Checkpoint1/shm/install/shm/local/lib/python3.10/dist-packages/shm/srv
-- Installing: /home/pratik/IITB_RacingTeam/AISD_Module/shm_visualization_Checkpoint1/shm/install/shm/local/lib/python3.10/dist-packages/shm/srv/__init__.py
-- Installing: /home/pratik/IITB_RacingTeam/AISD_Module/shm_visualization_Checkpoint1/shm/install/shm/local/lib/python3.10/dist-packages/shm/srv/_set_shm_params.py
-- Installing: /home/pratik/IITB_RacingTeam/AISD_Module/shm_visualization_Checkpoint1/shm/install/shm/local/lib/python3.10/dist-packages/shm/srv/_set_shm_params_s.c
-- Installing: /home/pratik/IITB_RacingTeam/AISD_Module/shm_visualization_Checkpoint1/shm/install/shm/local/lib/python3.10/dist-packages/shm/shm_s__rosidl_typesupport_introspection_c.cpython-310-x86_64-linux-gnu.so
Listing '/home/pratik/IITB_RacingTeam/AISD_Module/shm_visualization_Checkpoint1/shm/install/shm/local/lib/python3.10/dist-packages/shm'...
Compiling '/home/pratik/IITB_RacingTeam/AISD_Module/shm_visualization_Checkpoint1/shm/install/shm/local/lib/python3.10/dist-packages/shm/__init__.py'...
Listing '/home/pratik/IITB_RacingTeam/AISD_Module/shm_visualization_Checkpoint1/shm/install/shm/local/lib/python3.10/dist-packages/shm/srv'...
Compiling '/home/pratik/IITB_RacingTeam/AISD_Module/shm_visualization_Checkpoint1/shm/install/shm/local/lib/python3.10/dist-packages/shm/srv/__init__.py'...
Compiling '/home/pratik/IITB_RacingTeam/AISD_Module/shm_visualization_Checkpoint1/shm/install/shm/local/lib/python3.10/dist-packages/shm/srv/_set_shm_params.py'...
-- Installing: /home/pratik/IITB_RacingTeam/AISD_Module/shm_visualization_Checkpoint1/shm/install/shm/local/lib/python3.10/dist-packages/shm/shm_s__rosidl_typesupport_fastrtps_c.cpython-310-x86_64-linux-gnu.so
-- Set runtime path of "/home/pratik/IITB_RacingTeam/AISD_Module/shm_visualization_Checkpoint1/shm/install/shm/local/lib/python3.10/dist-packages/shm/shm_s__rosidl_typesupport_fastrtps_c.cpython-310-x86_64-linux-gnu.so" to ""
-- Installing: /home/pratik/IITB_RacingTeam/AISD_Module/shm_visualization_Checkpoint1/shm/install/shm/local/lib/python3.10/dist-packages/shm/shm_s__rosidl_typesupport_introspection_c.cpython-310-x86_64-linux-gnu.so
-- Set runtime path of "/home/pratik/IITB_RacingTeam/AISD_Module/shm_visualization_Checkpoint1/shm/install/shm/local/lib/python3.10/dist-packages/shm/shm_s__rosidl_typesupport_introspection_c.cpython-310-x86_64-linux-gnu.so" to ""
-- Installing: /home/pratik/IITB_RacingTeam/AISD_Module/shm_visualization_Checkpoint1/shm/install/shm/local/lib/python3.10/dist-packages/shm/shm_s__rosidl_typesupport_c.cpython-310-x86_64-linux-gnu.so
-- Set runtime path of "/home/pratik/IITB_RacingTeam/AISD_Module/shm_visualization_Checkpoint1/shm/install/shm/local/lib/python3.10/dist-packages/shm/shm_s__rosidl_typesupport_c.cpython-310-x86_64-linux-gnu.so" to ""
-- Installing: /home/pratik/IITB_RacingTeam/AISD_Module/shm_visualization_Checkpoint1/shm/install/shm/lib/libshm__rosidl_generator_py.so
-- Set runtime path of "/home/pratik/IITB_RacingTeam/AISD_Module/shm_visualization_Checkpoint1/shm/install/shm/lib/libshm__rosidl_generator_py.so" to ""
-- Installing: /home/pratik/IITB_RacingTeam/AISD_Module/shm_visualization_Checkpoint1/shm/install/shm/share/shm/srv/SetSHMParams.idl
-- Installing: /home/pratik/IITB_RacingTeam/AISD_Module/shm_visualization_Checkpoint1/shm/install/shm/share/shm/srv/SetSHMParams.srv
-- Installing: /home/pratik/IITB_RacingTeam/AISD_Module/shm_visualization_Checkpoint1/shm/install/shm/share/shm/srv/SetSHMParams_Request.msg
-- Installing: /home/pratik/IITB_RacingTeam/AISD_Module/shm_visualization_Checkpoint1/shm/install/shm/share/shm/srv/SetSHMParams_Response.msg
-- Installing: /home/pratik/IITB_RacingTeam/AISD_Module/shm_visualization_Checkpoint1/shm/install/shm/lib/shm/damped_shm_node
-- Set runtime path of "/home/pratik/IITB_RacingTeam/AISD_Module/shm_visualization_Checkpoint1/shm/install/shm/lib/shm/damped_shm_node" to ""
-- Installing: /home/pratik/IITB_RacingTeam/AISD_Module/shm_visualization_Checkpoint1/shm/install/shm/share/ament_index/resource_index/package_run_dependencies/shm
-- Up-to-date: /home/pratik/IITB_RacingTeam/AISD_Module/shm_visualization_Checkpoint1/shm/install/shm/share/ament_index/resource_index/parent_prefix_path/shm
-- Up-to-date: /home/pratik/IITB_RacingTeam/AISD_Module/shm_visualization_Checkpoint1/shm/install/shm/share/shm/environment/ament_prefix_path.sh
-- Installing: /home/pratik/IITB_RacingTeam/AISD_Module/shm_visualization_Checkpoint1/shm/install/shm/share/shm/environment/ament_prefix_path.dsv
-- Up-to-date: /home/pratik/IITB_RacingTeam/AISD_Module/shm_visualization_Checkpoint1/shm/install/shm/share/shm/environment/path.sh
-- Installing: /home/pratik/IITB_RacingTeam/AISD_Module/shm_visualization_Checkpoint1/shm/install/shm/share/shm/environment/path.dsv
-- Up-to-date: /home/pratik/IITB_RacingTeam/AISD_Module/shm_visualization_Checkpoint1/shm/install/shm/share/shm/local_setup.bash
-- Installing: /home/pratik/IITB_RacingTeam/AISD_Module/shm_visualization_Checkpoint1/shm/install/shm/share/shm/local_setup.sh
-- Up-to-date: /home/pratik/IITB_RacingTeam/AISD_Module/shm_visualization_Checkpoint1/shm/install/shm/share/shm/local_setup.zsh
-- Installing: /home/pratik/IITB_RacingTeam/AISD_Module/shm_visualization_Checkpoint1/shm/install/shm/share/shm/local_setup.dsv
-- Installing: /home/pratik/IITB_RacingTeam/AISD_Module/shm_visualization_Checkpoint1/shm/install/shm/share/shm/package.dsv
-- Up-to-date: /home/pratik/IITB_RacingTeam/AISD_Module/shm_visualization_Checkpoint1/shm/install/shm/share/ament_index/resource_index/packages/shm
-- Installing: /home/pratik/IITB_RacingTeam/AISD_Module/shm_visualization_Checkpoint1/shm/install/shm/share/shm/cmake/export_shm__rosidl_generator_cExport.cmake
-- Installing: /home/pratik/IITB_RacingTeam/AISD_Module/shm_visualization_Checkpoint1/shm/install/shm/share/shm/cmake/export_shm__rosidl_generator_cExport-noconfig.cmake
-- Installing: /home/pratik/IITB_RacingTeam/AISD_Module/shm_visualization_Checkpoint1/shm/install/shm/share/shm/cmake/export_shm__rosidl_typesupport_fastrtps_cExport.cmake
-- Installing: /home/pratik/IITB_RacingTeam/AISD_Module/shm_visualization_Checkpoint1/shm/install/shm/share/shm/cmake/export_shm__rosidl_typesupport_fastrtps_cExport-noconfig.cmake
-- Installing: /home/pratik/IITB_RacingTeam/AISD_Module/shm_visualization_Checkpoint1/shm/install/shm/share/shm/cmake/export_shm__rosidl_generator_cppExport.cmake
-- Installing: /home/pratik/IITB_RacingTeam/AISD_Module/shm_visualization_Checkpoint1/shm/install/shm/share/shm/cmake/export_shm__rosidl_typesupport_fastrtps_cppExport.cmake
-- Installing: /home/pratik/IITB_RacingTeam/AISD_Module/shm_visualization_Checkpoint1/shm/install/shm/share/shm/cmake/export_shm__rosidl_typesupport_fastrtps_cppExport-noconfig.cmake
-- Installing: /home/pratik/IITB_RacingTeam/AISD_Module/shm_visualization_Checkpoint1/shm/install/shm/share/shm/cmake/shm__rosidl_typesupport_introspection_cExport.cmake
-- Installing: /home/pratik/IITB_RacingTeam/AISD_Module/shm_visualization_Checkpoint1/shm/install/shm/share/shm/cmake/shm__rosidl_typesupport_introspection_cExport-noconfig.cmake
-- Installing: /home/pratik/IITB_RacingTeam/AISD_Module/shm_visualization_Checkpoint1/shm/install/shm/share/shm/cmake/shm__rosidl_typesupport_cExport.cmake
-- Installing: /home/pratik/IITB_RacingTeam/AISD_Module/shm_visualization_Checkpoint1/shm/install/shm/share/shm/cmake/shm__rosidl_typesupport_cExport-noconfig.cmake
-- Installing: /home/pratik/IITB_RacingTeam/AISD_Module/shm_visualization_Checkpoint1/shm/install/shm/share/shm/cmake/shm__rosidl_typesupport_introspection_cppExport.cmake
-- Installing: /home/pratik/IITB_RacingTeam/AISD_Module/shm_visualization_Checkpoint1/shm/install/shm/share/shm/cmake/shm__rosidl_typesupport_introspection_cppExport-noconfig.cmake
-- Installing: /home/pratik/IITB_RacingTeam/AISD_Module/shm_visualization_Checkpoint1/shm/install/shm/share/shm/cmake/shm__rosidl_typesupport_cppExport.cmake
-- Installing: /home/pratik/IITB_RacingTeam/AISD_Module/shm_visualization_Checkpoint1/shm/install/shm/share/shm/cmake/shm__rosidl_typesupport_cppExport-noconfig.cmake
-- Installing: /home/pratik/IITB_RacingTeam/AISD_Module/shm_visualization_Checkpoint1/shm/install/shm/share/shm/cmake/export_shm__rosidl_generator_pyExport.cmake
-- Installing: /home/pratik/IITB_RacingTeam/AISD_Module/shm_visualization_Checkpoint1/shm/install/shm/share/shm/cmake/export_shm__rosidl_generator_pyExport-noconfig.cmake
-- Installing: /home/pratik/IITB_RacingTeam/AISD_Module/shm_visualization_Checkpoint1/shm/install/shm/share/shm/cmake/rosidl_cmake-extras.cmake
-- Installing: /home/pratik/IITB_RacingTeam/AISD_Module/shm_visualization_Checkpoint1/shm/install/shm/share/shm/cmake/ament_cmake_export_include_directories-extras.cmake
-- Installing: /home/pratik/IITB_RacingTeam/AISD_Module/shm_visualization_Checkpoint1/shm/install/shm/share/shm/cmake/ament_cmake_export_libraries-extras.cmake
-- Installing: /home/pratik/IITB_RacingTeam/AISD_Module/shm_visualization_Checkpoint1/shm/install/shm/share/shm/cmake/ament_cmake_export_targets-extras.cmake
-- Installing: /home/pratik/IITB_RacingTeam/AISD_Module/shm_visualization_Checkpoint1/shm/install/shm/share/shm/cmake/rosidl_cmake_export_typesupport_targets-extras.cmake
-- Installing: /home/pratik/IITB_RacingTeam/AISD_Module/shm_visualization_Checkpoint1/shm/install/shm/share/shm/cmake/ament_cmake_export_dependencies-extras.cmake
-- Installing: /home/pratik/IITB_RacingTeam/AISD_Module/shm_visualization_Checkpoint1/shm/install/shm/share/shm/cmake/rosidl_cmake_export_typesupport_libraries-extras.cmake
-- Installing: /home/pratik/IITB_RacingTeam/AISD_Module/shm_visualization_Checkpoint1/shm/install/shm/share/shm/cmake/shmConfig.cmake
-- Up-to-date: /home/pratik/IITB_RacingTeam/AISD_Module/shm_visualization_Checkpoint1/shm/install/shm/share/shm/cmake/shmConfig-version.cmake
-- Installing: /home/pratik/IITB_RacingTeam/AISD_Module/shm_visualization_Checkpoint1/shm/install/shm/share/shm/package.xml
