[0.007s] Invoking command in '/home/pratik/IITB_RacingTeam/AISD_Module/shm_visualization_Checkpoint1/shm/build/shm': CMAKE_PREFIX_PATH=/opt/ros/humble /usr/bin/cmake --build /home/pratik/IITB_RacingTeam/AISD_Module/shm_visualization_Checkpoint1/shm/build/shm -- -j20 -l20
[0.024s] -- Found ament_cmake: 1.3.12 (/opt/ros/humble/share/ament_cmake/cmake)
[0.113s] -- Found rclcpp: 16.0.16 (/opt/ros/humble/share/rclcpp/cmake)
[0.128s] -- Found rosidl_generator_c: 3.1.7 (/opt/ros/humble/share/rosidl_generator_c/cmake)
[0.129s] -- Found rosidl_adapter: 3.1.7 (/opt/ros/humble/share/rosidl_adapter/cmake)
[0.133s] -- Found rosidl_generator_cpp: 3.1.7 (/opt/ros/humble/share/rosidl_generator_cpp/cmake)
[0.137s] -- Using all available rosidl_typesupport_c: rosidl_typesupport_fastrtps_c;rosidl_typesupport_introspection_c
[0.143s] -- Using all available rosidl_typesupport_cpp: rosidl_typesupport_fastrtps_cpp;rosidl_typesupport_introspection_cpp
[0.159s] -- Found rmw_implementation_cmake: 6.1.2 (/opt/ros/humble/share/rmw_implementation_cmake/cmake)
[0.160s] -- Found rmw_fastrtps_cpp: 6.2.9 (/opt/ros/humble/share/rmw_fastrtps_cpp/cmake)
[0.224s] -- Using RMW implementation 'rmw_fastrtps_cpp' as default
[0.254s] -- Found visualization_msgs: 4.9.0 (/opt/ros/humble/share/visualization_msgs/cmake)
[0.279s] -- Found rosidl_default_generators: 1.2.0 (/opt/ros/humble/share/rosidl_default_generators/cmake)
[0.430s] -- Found ament_cmake_ros: 0.10.0 (/opt/ros/humble/share/ament_cmake_ros/cmake)
[0.622s] -- Using all available rosidl_typesupport_c: rosidl_typesupport_fastrtps_c;rosidl_typesupport_introspection_c
[0.706s] -- Using all available rosidl_typesupport_cpp: rosidl_typesupport_fastrtps_cpp;rosidl_typesupport_introspection_cpp
[0.720s] -- Found python_cmake_module: 0.10.0 (/opt/ros/humble/share/python_cmake_module/cmake)
[0.743s] -- Using PYTHON_EXECUTABLE: /usr/bin/python3
[0.743s] -- Using PYTHON_INCLUDE_DIRS: /usr/include/python3.10
[0.743s] -- Using PYTHON_LIBRARIES: /usr/lib/x86_64-linux-gnu/libpython3.10.so
[0.752s] [0mCMake Deprecation Warning at /opt/ros/humble/share/rosidl_cmake/cmake/rosidl_target_interfaces.cmake:32 (message):
[0.752s]   Use rosidl_get_typesupport_target() and target_link_libraries() instead of
[0.752s]   rosidl_target_interfaces()
[0.752s] Call Stack (most recent call first):
[0.752s]   CMakeLists.txt:34 (rosidl_target_interfaces)
[0.752s] 
[0.752s] [0m
[0.754s] -- Configuring done
[0.770s] -- Generating done
[0.776s] -- Build files have been written to: /home/pratik/IITB_RacingTeam/AISD_Module/shm_visualization_Checkpoint1/shm/build/shm
[0.794s] [  3%] [34m[1mGenerating C code for ROS interfaces[0m
[0.801s] [  6%] [34m[1mGenerating C++ code for ROS interfaces[0m
[0.805s] [  6%] Built target ament_cmake_python_copy_shm
[0.922s] running egg_info
[0.922s] creating shm.egg-info
[0.922s] writing shm.egg-info/PKG-INFO
[0.922s] writing dependency_links to shm.egg-info/dependency_links.txt
[0.922s] writing top-level names to shm.egg-info/top_level.txt
[0.922s] writing manifest file 'shm.egg-info/SOURCES.txt'
[0.923s] reading manifest file 'shm.egg-info/SOURCES.txt'
[0.923s] writing manifest file 'shm.egg-info/SOURCES.txt'
[0.939s] [  6%] Built target ament_cmake_python_build_shm_egg
[0.940s] [  9%] [32mBuilding C object CMakeFiles/shm__rosidl_generator_c.dir/rosidl_generator_c/shm/srv/detail/set_shm_params__functions.c.o[0m
[0.948s] [  9%] Built target shm__cpp
[0.955s] [ 12%] [34m[1mGenerating C++ type support dispatch for ROS interfaces[0m
[0.956s] [ 18%] [34m[1mGenerating C++ type support for eProsima Fast-RTPS[0m
[0.956s] [ 18%] [34m[1mGenerating C++ introspection for ROS interfaces[0m
[0.972s] [ 21%] [32m[1mLinking C shared library libshm__rosidl_generator_c.so[0m
[0.998s] [ 21%] Built target shm__rosidl_generator_c
[1.006s] [ 30%] [34m[1mGenerating C type support dispatch for ROS interfaces[0m
[1.006s] [ 30%] [34m[1mGenerating C introspection for ROS interfaces[0m
[1.006s] [ 30%] [34m[1mGenerating C type support for eProsima Fast-RTPS[0m
[1.082s] [ 33%] [32mBuilding CXX object CMakeFiles/shm__rosidl_typesupport_cpp.dir/rosidl_typesupport_cpp/shm/srv/set_shm_params__type_support.cpp.o[0m
[1.098s] [ 36%] [32mBuilding CXX object CMakeFiles/shm__rosidl_typesupport_introspection_cpp.dir/rosidl_typesupport_introspection_cpp/shm/srv/detail/set_shm_params__type_support.cpp.o[0m
[1.117s] [ 39%] [32mBuilding CXX object CMakeFiles/shm__rosidl_typesupport_fastrtps_cpp.dir/rosidl_typesupport_fastrtps_cpp/shm/srv/detail/dds_fastrtps/set_shm_params__type_support.cpp.o[0m
[1.140s] [ 42%] [32mBuilding CXX object CMakeFiles/shm__rosidl_typesupport_c.dir/rosidl_typesupport_c/shm/srv/set_shm_params__type_support.cpp.o[0m
[1.158s] [ 45%] [32mBuilding CXX object CMakeFiles/shm__rosidl_typesupport_fastrtps_c.dir/rosidl_typesupport_fastrtps_c/shm/srv/detail/set_shm_params__type_support_c.cpp.o[0m
[1.158s] [ 48%] [32mBuilding C object CMakeFiles/shm__rosidl_typesupport_introspection_c.dir/rosidl_typesupport_introspection_c/shm/srv/detail/set_shm_params__type_support.c.o[0m
[1.161s] [ 51%] [32m[1mLinking CXX shared library libshm__rosidl_typesupport_c.so[0m
[1.188s] [ 54%] [32m[1mLinking C shared library libshm__rosidl_typesupport_introspection_c.so[0m
[1.189s] [ 54%] Built target shm__rosidl_typesupport_c
[1.211s] [ 54%] Built target shm__rosidl_typesupport_introspection_c
[1.223s] [ 57%] [32m[1mLinking CXX shared library libshm__rosidl_typesupport_cpp.so[0m
[1.252s] [ 57%] Built target shm__rosidl_typesupport_cpp
[1.291s] [ 60%] [32m[1mLinking CXX shared library libshm__rosidl_typesupport_introspection_cpp.so[0m
[1.322s] [ 63%] [32m[1mLinking CXX shared library libshm__rosidl_typesupport_fastrtps_cpp.so[0m
[1.329s] [ 66%] [32m[1mLinking CXX shared library libshm__rosidl_typesupport_fastrtps_c.so[0m
[1.329s] [ 66%] Built target shm__rosidl_typesupport_introspection_cpp
[1.365s] [ 66%] Built target shm__rosidl_typesupport_fastrtps_cpp
[1.371s] [ 66%] Built target shm__rosidl_typesupport_fastrtps_c
[1.387s] [ 66%] Built target shm
[1.409s] [ 69%] [32mBuilding CXX object CMakeFiles/damped_shm_node.dir/src/spring.cpp.o[0m
[1.410s] [ 72%] [34m[1mGenerating Python code for ROS interfaces[0m
[1.596s] [ 72%] Built target shm__py
[1.610s] [ 75%] [32mBuilding C object CMakeFiles/shm__rosidl_generator_py.dir/rosidl_generator_py/shm/srv/_set_shm_params_s.c.o[0m
[1.667s] [ 78%] [32m[1mLinking C shared library rosidl_generator_py/shm/libshm__rosidl_generator_py.so[0m
[1.693s] [ 78%] Built target shm__rosidl_generator_py
[1.706s] [ 81%] [32mBuilding C object CMakeFiles/shm__rosidl_typesupport_introspection_c__pyext.dir/rosidl_generator_py/shm/_shm_s.ep.rosidl_typesupport_introspection_c.c.o[0m
[1.707s] [ 87%] [32mBuilding C object CMakeFiles/shm__rosidl_typesupport_fastrtps_c__pyext.dir/rosidl_generator_py/shm/_shm_s.ep.rosidl_typesupport_fastrtps_c.c.o[0m
[1.707s] [ 87%] [32mBuilding C object CMakeFiles/shm__rosidl_typesupport_c__pyext.dir/rosidl_generator_py/shm/_shm_s.ep.rosidl_typesupport_c.c.o[0m
[1.758s] [ 90%] [32m[1mLinking C shared library rosidl_generator_py/shm/shm_s__rosidl_typesupport_c.cpython-310-x86_64-linux-gnu.so[0m
[1.759s] [ 93%] [32m[1mLinking C shared library rosidl_generator_py/shm/shm_s__rosidl_typesupport_introspection_c.cpython-310-x86_64-linux-gnu.so[0m
[1.760s] [ 96%] [32m[1mLinking C shared library rosidl_generator_py/shm/shm_s__rosidl_typesupport_fastrtps_c.cpython-310-x86_64-linux-gnu.so[0m
[1.779s] [ 96%] Built target shm__rosidl_typesupport_c__pyext
[1.782s] [ 96%] Built target shm__rosidl_typesupport_introspection_c__pyext
[1.782s] [ 96%] Built target shm__rosidl_typesupport_fastrtps_c__pyext
[6.123s] [100%] [32m[1mLinking CXX executable damped_shm_node[0m
[6.366s] [100%] Built target damped_shm_node
[6.374s] Invoked command in '/home/pratik/IITB_RacingTeam/AISD_Module/shm_visualization_Checkpoint1/shm/build/shm' returned '0': CMAKE_PREFIX_PATH=/opt/ros/humble /usr/bin/cmake --build /home/pratik/IITB_RacingTeam/AISD_Module/shm_visualization_Checkpoint1/shm/build/shm -- -j20 -l20
[6.382s] Invoking command in '/home/pratik/IITB_RacingTeam/AISD_Module/shm_visualization_Checkpoint1/shm/build/shm': CMAKE_PREFIX_PATH=/opt/ros/humble /usr/bin/cmake --install /home/pratik/IITB_RacingTeam/AISD_Module/shm_visualization_Checkpoint1/shm/build/shm
[6.387s] -- Install configuration: ""
[6.387s] -- Installing: /home/pratik/IITB_RacingTeam/AISD_Module/shm_visualization_Checkpoint1/shm/install/shm/share/ament_index/resource_index/rosidl_interfaces/shm
[6.387s] -- Installing: /home/pratik/IITB_RacingTeam/AISD_Module/shm_visualization_Checkpoint1/shm/install/shm/include/shm/shm
[6.387s] -- Installing: /home/pratik/IITB_RacingTeam/AISD_Module/shm_visualization_Checkpoint1/shm/install/shm/include/shm/shm/srv
[6.387s] -- Installing: /home/pratik/IITB_RacingTeam/AISD_Module/shm_visualization_Checkpoint1/shm/install/shm/include/shm/shm/srv/detail
[6.387s] -- Installing: /home/pratik/IITB_RacingTeam/AISD_Module/shm_visualization_Checkpoint1/shm/install/shm/include/shm/shm/srv/detail/set_shm_params__functions.c
[6.387s] -- Installing: /home/pratik/IITB_RacingTeam/AISD_Module/shm_visualization_Checkpoint1/shm/install/shm/include/shm/shm/srv/detail/set_shm_params__functions.h
[6.388s] -- Installing: /home/pratik/IITB_RacingTeam/AISD_Module/shm_visualization_Checkpoint1/shm/install/shm/include/shm/shm/srv/detail/set_shm_params__struct.h
[6.388s] -- Installing: /home/pratik/IITB_RacingTeam/AISD_Module/shm_visualization_Checkpoint1/shm/install/shm/include/shm/shm/srv/detail/set_shm_params__type_support.h
[6.388s] -- Installing: /home/pratik/IITB_RacingTeam/AISD_Module/shm_visualization_Checkpoint1/shm/install/shm/include/shm/shm/srv/set_shm_params.h
[6.388s] -- Installing: /home/pratik/IITB_RacingTeam/AISD_Module/shm_visualization_Checkpoint1/shm/install/shm/include/shm/shm/msg
[6.388s] -- Installing: /home/pratik/IITB_RacingTeam/AISD_Module/shm_visualization_Checkpoint1/shm/install/shm/include/shm/shm/msg/rosidl_generator_c__visibility_control.h
[6.388s] -- Installing: /home/pratik/IITB_RacingTeam/AISD_Module/shm_visualization_Checkpoint1/shm/install/shm/share/shm/environment/library_path.sh
[6.388s] -- Installing: /home/pratik/IITB_RacingTeam/AISD_Module/shm_visualization_Checkpoint1/shm/install/shm/share/shm/environment/library_path.dsv
[6.388s] -- Installing: /home/pratik/IITB_RacingTeam/AISD_Module/shm_visualization_Checkpoint1/shm/install/shm/lib/libshm__rosidl_generator_c.so
[6.388s] -- Set runtime path of "/home/pratik/IITB_RacingTeam/AISD_Module/shm_visualization_Checkpoint1/shm/install/shm/lib/libshm__rosidl_generator_c.so" to ""
[6.388s] -- Up-to-date: /home/pratik/IITB_RacingTeam/AISD_Module/shm_visualization_Checkpoint1/shm/install/shm/include/shm/shm
[6.388s] -- Up-to-date: /home/pratik/IITB_RacingTeam/AISD_Module/shm_visualization_Checkpoint1/shm/install/shm/include/shm/shm/srv
[6.388s] -- Up-to-date: /home/pratik/IITB_RacingTeam/AISD_Module/shm_visualization_Checkpoint1/shm/install/shm/include/shm/shm/srv/detail
[6.388s] -- Installing: /home/pratik/IITB_RacingTeam/AISD_Module/shm_visualization_Checkpoint1/shm/install/shm/include/shm/shm/srv/detail/set_shm_params__rosidl_typesupport_fastrtps_c.h
[6.388s] -- Up-to-date: /home/pratik/IITB_RacingTeam/AISD_Module/shm_visualization_Checkpoint1/shm/install/shm/include/shm/shm/msg
[6.388s] -- Installing: /home/pratik/IITB_RacingTeam/AISD_Module/shm_visualization_Checkpoint1/shm/install/shm/include/shm/shm/msg/rosidl_typesupport_fastrtps_c__visibility_control.h
[6.388s] -- Installing: /home/pratik/IITB_RacingTeam/AISD_Module/shm_visualization_Checkpoint1/shm/install/shm/lib/libshm__rosidl_typesupport_fastrtps_c.so
[6.388s] -- Set runtime path of "/home/pratik/IITB_RacingTeam/AISD_Module/shm_visualization_Checkpoint1/shm/install/shm/lib/libshm__rosidl_typesupport_fastrtps_c.so" to ""
[6.389s] -- Up-to-date: /home/pratik/IITB_RacingTeam/AISD_Module/shm_visualization_Checkpoint1/shm/install/shm/include/shm/shm
[6.389s] -- Up-to-date: /home/pratik/IITB_RacingTeam/AISD_Module/shm_visualization_Checkpoint1/shm/install/shm/include/shm/shm/srv
[6.389s] -- Up-to-date: /home/pratik/IITB_RacingTeam/AISD_Module/shm_visualization_Checkpoint1/shm/install/shm/include/shm/shm/srv/detail
[6.389s] -- Installing: /home/pratik/IITB_RacingTeam/AISD_Module/shm_visualization_Checkpoint1/shm/install/shm/include/shm/shm/srv/detail/set_shm_params__struct.hpp
[6.389s] -- Installing: /home/pratik/IITB_RacingTeam/AISD_Module/shm_visualization_Checkpoint1/shm/install/shm/include/shm/shm/srv/detail/set_shm_params__type_support.hpp
[6.389s] -- Installing: /home/pratik/IITB_RacingTeam/AISD_Module/shm_visualization_Checkpoint1/shm/install/shm/include/shm/shm/srv/detail/set_shm_params__traits.hpp
[6.389s] -- Installing: /home/pratik/IITB_RacingTeam/AISD_Module/shm_visualization_Checkpoint1/shm/install/shm/include/shm/shm/srv/detail/set_shm_params__builder.hpp
[6.389s] -- Installing: /home/pratik/IITB_RacingTeam/AISD_Module/shm_visualization_Checkpoint1/shm/install/shm/include/shm/shm/srv/set_shm_params.hpp
[6.389s] -- Up-to-date: /home/pratik/IITB_RacingTeam/AISD_Module/shm_visualization_Checkpoint1/shm/install/shm/include/shm/shm/msg
[6.389s] -- Installing: /home/pratik/IITB_RacingTeam/AISD_Module/shm_visualization_Checkpoint1/shm/install/shm/include/shm/shm/msg/rosidl_generator_cpp__visibility_control.hpp
[6.389s] -- Up-to-date: /home/pratik/IITB_RacingTeam/AISD_Module/shm_visualization_Checkpoint1/shm/install/shm/include/shm/shm
[6.389s] -- Up-to-date: /home/pratik/IITB_RacingTeam/AISD_Module/shm_visualization_Checkpoint1/shm/install/shm/include/shm/shm/srv
[6.389s] -- Up-to-date: /home/pratik/IITB_RacingTeam/AISD_Module/shm_visualization_Checkpoint1/shm/install/shm/include/shm/shm/srv/detail
[6.389s] -- Installing: /home/pratik/IITB_RacingTeam/AISD_Module/shm_visualization_Checkpoint1/shm/install/shm/include/shm/shm/srv/detail/dds_fastrtps
[6.389s] -- Installing: /home/pratik/IITB_RacingTeam/AISD_Module/shm_visualization_Checkpoint1/shm/install/shm/include/shm/shm/srv/detail/set_shm_params__rosidl_typesupport_fastrtps_cpp.hpp
[6.389s] -- Up-to-date: /home/pratik/IITB_RacingTeam/AISD_Module/shm_visualization_Checkpoint1/shm/install/shm/include/shm/shm/msg
[6.389s] -- Installing: /home/pratik/IITB_RacingTeam/AISD_Module/shm_visualization_Checkpoint1/shm/install/shm/include/shm/shm/msg/rosidl_typesupport_fastrtps_cpp__visibility_control.h
[6.390s] -- Installing: /home/pratik/IITB_RacingTeam/AISD_Module/shm_visualization_Checkpoint1/shm/install/shm/lib/libshm__rosidl_typesupport_fastrtps_cpp.so
[6.390s] -- Set runtime path of "/home/pratik/IITB_RacingTeam/AISD_Module/shm_visualization_Checkpoint1/shm/install/shm/lib/libshm__rosidl_typesupport_fastrtps_cpp.so" to ""
[6.390s] -- Up-to-date: /home/pratik/IITB_RacingTeam/AISD_Module/shm_visualization_Checkpoint1/shm/install/shm/include/shm/shm
[6.390s] -- Up-to-date: /home/pratik/IITB_RacingTeam/AISD_Module/shm_visualization_Checkpoint1/shm/install/shm/include/shm/shm/srv
[6.390s] -- Up-to-date: /home/pratik/IITB_RacingTeam/AISD_Module/shm_visualization_Checkpoint1/shm/install/shm/include/shm/shm/srv/detail
[6.390s] -- Installing: /home/pratik/IITB_RacingTeam/AISD_Module/shm_visualization_Checkpoint1/shm/install/shm/include/shm/shm/srv/detail/set_shm_params__rosidl_typesupport_introspection_c.h
[6.390s] -- Installing: /home/pratik/IITB_RacingTeam/AISD_Module/shm_visualization_Checkpoint1/shm/install/shm/include/shm/shm/srv/detail/set_shm_params__type_support.c
[6.390s] -- Up-to-date: /home/pratik/IITB_RacingTeam/AISD_Module/shm_visualization_Checkpoint1/shm/install/shm/include/shm/shm/msg
[6.390s] -- Installing: /home/pratik/IITB_RacingTeam/AISD_Module/shm_visualization_Checkpoint1/shm/install/shm/include/shm/shm/msg/rosidl_typesupport_introspection_c__visibility_control.h
[6.390s] -- Installing: /home/pratik/IITB_RacingTeam/AISD_Module/shm_visualization_Checkpoint1/shm/install/shm/lib/libshm__rosidl_typesupport_introspection_c.so
[6.390s] -- Set runtime path of "/home/pratik/IITB_RacingTeam/AISD_Module/shm_visualization_Checkpoint1/shm/install/shm/lib/libshm__rosidl_typesupport_introspection_c.so" to ""
[6.390s] -- Installing: /home/pratik/IITB_RacingTeam/AISD_Module/shm_visualization_Checkpoint1/shm/install/shm/lib/libshm__rosidl_typesupport_c.so
[6.390s] -- Set runtime path of "/home/pratik/IITB_RacingTeam/AISD_Module/shm_visualization_Checkpoint1/shm/install/shm/lib/libshm__rosidl_typesupport_c.so" to ""
[6.390s] -- Up-to-date: /home/pratik/IITB_RacingTeam/AISD_Module/shm_visualization_Checkpoint1/shm/install/shm/include/shm/shm
[6.390s] -- Up-to-date: /home/pratik/IITB_RacingTeam/AISD_Module/shm_visualization_Checkpoint1/shm/install/shm/include/shm/shm/srv
[6.390s] -- Up-to-date: /home/pratik/IITB_RacingTeam/AISD_Module/shm_visualization_Checkpoint1/shm/install/shm/include/shm/shm/srv/detail
[6.390s] -- Installing: /home/pratik/IITB_RacingTeam/AISD_Module/shm_visualization_Checkpoint1/shm/install/shm/include/shm/shm/srv/detail/set_shm_params__type_support.cpp
[6.391s] -- Installing: /home/pratik/IITB_RacingTeam/AISD_Module/shm_visualization_Checkpoint1/shm/install/shm/include/shm/shm/srv/detail/set_shm_params__rosidl_typesupport_introspection_cpp.hpp
[6.391s] -- Installing: /home/pratik/IITB_RacingTeam/AISD_Module/shm_visualization_Checkpoint1/shm/install/shm/lib/libshm__rosidl_typesupport_introspection_cpp.so
[6.391s] -- Set runtime path of "/home/pratik/IITB_RacingTeam/AISD_Module/shm_visualization_Checkpoint1/shm/install/shm/lib/libshm__rosidl_typesupport_introspection_cpp.so" to ""
[6.391s] -- Installing: /home/pratik/IITB_RacingTeam/AISD_Module/shm_visualization_Checkpoint1/shm/install/shm/lib/libshm__rosidl_typesupport_cpp.so
[6.391s] -- Set runtime path of "/home/pratik/IITB_RacingTeam/AISD_Module/shm_visualization_Checkpoint1/shm/install/shm/lib/libshm__rosidl_typesupport_cpp.so" to ""
[6.391s] -- Installing: /home/pratik/IITB_RacingTeam/AISD_Module/shm_visualization_Checkpoint1/shm/install/shm/share/shm/environment/pythonpath.sh
[6.391s] -- Installing: /home/pratik/IITB_RacingTeam/AISD_Module/shm_visualization_Checkpoint1/shm/install/shm/share/shm/environment/pythonpath.dsv
[6.391s] -- Installing: /home/pratik/IITB_RacingTeam/AISD_Module/shm_visualization_Checkpoint1/shm/install/shm/local/lib/python3.10/dist-packages/shm-0.0.0-py3.10.egg-info
[6.391s] -- Installing: /home/pratik/IITB_RacingTeam/AISD_Module/shm_visualization_Checkpoint1/shm/install/shm/local/lib/python3.10/dist-packages/shm-0.0.0-py3.10.egg-info/PKG-INFO
[6.391s] -- Installing: /home/pratik/IITB_RacingTeam/AISD_Module/shm_visualization_Checkpoint1/shm/install/shm/local/lib/python3.10/dist-packages/shm-0.0.0-py3.10.egg-info/SOURCES.txt
[6.392s] -- Installing: /home/pratik/IITB_RacingTeam/AISD_Module/shm_visualization_Checkpoint1/shm/install/shm/local/lib/python3.10/dist-packages/shm-0.0.0-py3.10.egg-info/top_level.txt
[6.392s] -- Installing: /home/pratik/IITB_RacingTeam/AISD_Module/shm_visualization_Checkpoint1/shm/install/shm/local/lib/python3.10/dist-packages/shm-0.0.0-py3.10.egg-info/dependency_links.txt
[6.392s] -- Installing: /home/pratik/IITB_RacingTeam/AISD_Module/shm_visualization_Checkpoint1/shm/install/shm/local/lib/python3.10/dist-packages/shm
[6.392s] -- Installing: /home/pratik/IITB_RacingTeam/AISD_Module/shm_visualization_Checkpoint1/shm/install/shm/local/lib/python3.10/dist-packages/shm/shm_s__rosidl_typesupport_fastrtps_c.cpython-310-x86_64-linux-gnu.so
[6.392s] -- Installing: /home/pratik/IITB_RacingTeam/AISD_Module/shm_visualization_Checkpoint1/shm/install/shm/local/lib/python3.10/dist-packages/shm/_shm_s.ep.rosidl_typesupport_c.c
[6.392s] -- Installing: /home/pratik/IITB_RacingTeam/AISD_Module/shm_visualization_Checkpoint1/shm/install/shm/local/lib/python3.10/dist-packages/shm/__init__.py
[6.392s] -- Installing: /home/pratik/IITB_RacingTeam/AISD_Module/shm_visualization_Checkpoint1/shm/install/shm/local/lib/python3.10/dist-packages/shm/_shm_s.ep.rosidl_typesupport_fastrtps_c.c
[6.392s] -- Installing: /home/pratik/IITB_RacingTeam/AISD_Module/shm_visualization_Checkpoint1/shm/install/shm/local/lib/python3.10/dist-packages/shm/_shm_s.ep.rosidl_typesupport_introspection_c.c
[6.392s] -- Installing: /home/pratik/IITB_RacingTeam/AISD_Module/shm_visualization_Checkpoint1/shm/install/shm/local/lib/python3.10/dist-packages/shm/libshm__rosidl_generator_py.so
[6.392s] -- Installing: /home/pratik/IITB_RacingTeam/AISD_Module/shm_visualization_Checkpoint1/shm/install/shm/local/lib/python3.10/dist-packages/shm/shm_s__rosidl_typesupport_c.cpython-310-x86_64-linux-gnu.so
[6.392s] -- Installing: /home/pratik/IITB_RacingTeam/AISD_Module/shm_visualization_Checkpoint1/shm/install/shm/local/lib/python3.10/dist-packages/shm/srv
[6.392s] -- Installing: /home/pratik/IITB_RacingTeam/AISD_Module/shm_visualization_Checkpoint1/shm/install/shm/local/lib/python3.10/dist-packages/shm/srv/__init__.py
[6.392s] -- Installing: /home/pratik/IITB_RacingTeam/AISD_Module/shm_visualization_Checkpoint1/shm/install/shm/local/lib/python3.10/dist-packages/shm/srv/_set_shm_params.py
[6.392s] -- Installing: /home/pratik/IITB_RacingTeam/AISD_Module/shm_visualization_Checkpoint1/shm/install/shm/local/lib/python3.10/dist-packages/shm/srv/_set_shm_params_s.c
[6.392s] -- Installing: /home/pratik/IITB_RacingTeam/AISD_Module/shm_visualization_Checkpoint1/shm/install/shm/local/lib/python3.10/dist-packages/shm/shm_s__rosidl_typesupport_introspection_c.cpython-310-x86_64-linux-gnu.so
[6.415s] Listing '/home/pratik/IITB_RacingTeam/AISD_Module/shm_visualization_Checkpoint1/shm/install/shm/local/lib/python3.10/dist-packages/shm'...
[6.415s] Compiling '/home/pratik/IITB_RacingTeam/AISD_Module/shm_visualization_Checkpoint1/shm/install/shm/local/lib/python3.10/dist-packages/shm/__init__.py'...
[6.415s] Listing '/home/pratik/IITB_RacingTeam/AISD_Module/shm_visualization_Checkpoint1/shm/install/shm/local/lib/python3.10/dist-packages/shm/srv'...
[6.415s] Compiling '/home/pratik/IITB_RacingTeam/AISD_Module/shm_visualization_Checkpoint1/shm/install/shm/local/lib/python3.10/dist-packages/shm/srv/__init__.py'...
[6.415s] Compiling '/home/pratik/IITB_RacingTeam/AISD_Module/shm_visualization_Checkpoint1/shm/install/shm/local/lib/python3.10/dist-packages/shm/srv/_set_shm_params.py'...
[6.418s] -- Installing: /home/pratik/IITB_RacingTeam/AISD_Module/shm_visualization_Checkpoint1/shm/install/shm/local/lib/python3.10/dist-packages/shm/shm_s__rosidl_typesupport_fastrtps_c.cpython-310-x86_64-linux-gnu.so
[6.418s] -- Set runtime path of "/home/pratik/IITB_RacingTeam/AISD_Module/shm_visualization_Checkpoint1/shm/install/shm/local/lib/python3.10/dist-packages/shm/shm_s__rosidl_typesupport_fastrtps_c.cpython-310-x86_64-linux-gnu.so" to ""
[6.418s] -- Installing: /home/pratik/IITB_RacingTeam/AISD_Module/shm_visualization_Checkpoint1/shm/install/shm/local/lib/python3.10/dist-packages/shm/shm_s__rosidl_typesupport_introspection_c.cpython-310-x86_64-linux-gnu.so
[6.418s] -- Set runtime path of "/home/pratik/IITB_RacingTeam/AISD_Module/shm_visualization_Checkpoint1/shm/install/shm/local/lib/python3.10/dist-packages/shm/shm_s__rosidl_typesupport_introspection_c.cpython-310-x86_64-linux-gnu.so" to ""
[6.418s] -- Installing: /home/pratik/IITB_RacingTeam/AISD_Module/shm_visualization_Checkpoint1/shm/install/shm/local/lib/python3.10/dist-packages/shm/shm_s__rosidl_typesupport_c.cpython-310-x86_64-linux-gnu.so
[6.418s] -- Set runtime path of "/home/pratik/IITB_RacingTeam/AISD_Module/shm_visualization_Checkpoint1/shm/install/shm/local/lib/python3.10/dist-packages/shm/shm_s__rosidl_typesupport_c.cpython-310-x86_64-linux-gnu.so" to ""
[6.418s] -- Installing: /home/pratik/IITB_RacingTeam/AISD_Module/shm_visualization_Checkpoint1/shm/install/shm/lib/libshm__rosidl_generator_py.so
[6.418s] -- Set runtime path of "/home/pratik/IITB_RacingTeam/AISD_Module/shm_visualization_Checkpoint1/shm/install/shm/lib/libshm__rosidl_generator_py.so" to ""
[6.418s] -- Installing: /home/pratik/IITB_RacingTeam/AISD_Module/shm_visualization_Checkpoint1/shm/install/shm/share/shm/srv/SetSHMParams.idl
[6.418s] -- Installing: /home/pratik/IITB_RacingTeam/AISD_Module/shm_visualization_Checkpoint1/shm/install/shm/share/shm/srv/SetSHMParams.srv
[6.418s] -- Installing: /home/pratik/IITB_RacingTeam/AISD_Module/shm_visualization_Checkpoint1/shm/install/shm/share/shm/srv/SetSHMParams_Request.msg
[6.418s] -- Installing: /home/pratik/IITB_RacingTeam/AISD_Module/shm_visualization_Checkpoint1/shm/install/shm/share/shm/srv/SetSHMParams_Response.msg
[6.418s] -- Installing: /home/pratik/IITB_RacingTeam/AISD_Module/shm_visualization_Checkpoint1/shm/install/shm/lib/shm/damped_shm_node
[6.421s] -- Set runtime path of "/home/pratik/IITB_RacingTeam/AISD_Module/shm_visualization_Checkpoint1/shm/install/shm/lib/shm/damped_shm_node" to ""
[6.421s] -- Installing: /home/pratik/IITB_RacingTeam/AISD_Module/shm_visualization_Checkpoint1/shm/install/shm/share/ament_index/resource_index/package_run_dependencies/shm
[6.421s] -- Up-to-date: /home/pratik/IITB_RacingTeam/AISD_Module/shm_visualization_Checkpoint1/shm/install/shm/share/ament_index/resource_index/parent_prefix_path/shm
[6.421s] -- Up-to-date: /home/pratik/IITB_RacingTeam/AISD_Module/shm_visualization_Checkpoint1/shm/install/shm/share/shm/environment/ament_prefix_path.sh
[6.421s] -- Installing: /home/pratik/IITB_RacingTeam/AISD_Module/shm_visualization_Checkpoint1/shm/install/shm/share/shm/environment/ament_prefix_path.dsv
[6.421s] -- Up-to-date: /home/pratik/IITB_RacingTeam/AISD_Module/shm_visualization_Checkpoint1/shm/install/shm/share/shm/environment/path.sh
[6.421s] -- Installing: /home/pratik/IITB_RacingTeam/AISD_Module/shm_visualization_Checkpoint1/shm/install/shm/share/shm/environment/path.dsv
[6.421s] -- Up-to-date: /home/pratik/IITB_RacingTeam/AISD_Module/shm_visualization_Checkpoint1/shm/install/shm/share/shm/local_setup.bash
[6.421s] -- Installing: /home/pratik/IITB_RacingTeam/AISD_Module/shm_visualization_Checkpoint1/shm/install/shm/share/shm/local_setup.sh
[6.421s] -- Up-to-date: /home/pratik/IITB_RacingTeam/AISD_Module/shm_visualization_Checkpoint1/shm/install/shm/share/shm/local_setup.zsh
[6.421s] -- Installing: /home/pratik/IITB_RacingTeam/AISD_Module/shm_visualization_Checkpoint1/shm/install/shm/share/shm/local_setup.dsv
[6.421s] -- Installing: /home/pratik/IITB_RacingTeam/AISD_Module/shm_visualization_Checkpoint1/shm/install/shm/share/shm/package.dsv
[6.421s] -- Up-to-date: /home/pratik/IITB_RacingTeam/AISD_Module/shm_visualization_Checkpoint1/shm/install/shm/share/ament_index/resource_index/packages/shm
[6.421s] -- Installing: /home/pratik/IITB_RacingTeam/AISD_Module/shm_visualization_Checkpoint1/shm/install/shm/share/shm/cmake/export_shm__rosidl_generator_cExport.cmake
[6.421s] -- Installing: /home/pratik/IITB_RacingTeam/AISD_Module/shm_visualization_Checkpoint1/shm/install/shm/share/shm/cmake/export_shm__rosidl_generator_cExport-noconfig.cmake
[6.421s] -- Installing: /home/pratik/IITB_RacingTeam/AISD_Module/shm_visualization_Checkpoint1/shm/install/shm/share/shm/cmake/export_shm__rosidl_typesupport_fastrtps_cExport.cmake
[6.421s] -- Installing: /home/pratik/IITB_RacingTeam/AISD_Module/shm_visualization_Checkpoint1/shm/install/shm/share/shm/cmake/export_shm__rosidl_typesupport_fastrtps_cExport-noconfig.cmake
[6.421s] -- Installing: /home/pratik/IITB_RacingTeam/AISD_Module/shm_visualization_Checkpoint1/shm/install/shm/share/shm/cmake/export_shm__rosidl_generator_cppExport.cmake
[6.421s] -- Installing: /home/pratik/IITB_RacingTeam/AISD_Module/shm_visualization_Checkpoint1/shm/install/shm/share/shm/cmake/export_shm__rosidl_typesupport_fastrtps_cppExport.cmake
[6.421s] -- Installing: /home/pratik/IITB_RacingTeam/AISD_Module/shm_visualization_Checkpoint1/shm/install/shm/share/shm/cmake/export_shm__rosidl_typesupport_fastrtps_cppExport-noconfig.cmake
[6.421s] -- Installing: /home/pratik/IITB_RacingTeam/AISD_Module/shm_visualization_Checkpoint1/shm/install/shm/share/shm/cmake/shm__rosidl_typesupport_introspection_cExport.cmake
[6.421s] -- Installing: /home/pratik/IITB_RacingTeam/AISD_Module/shm_visualization_Checkpoint1/shm/install/shm/share/shm/cmake/shm__rosidl_typesupport_introspection_cExport-noconfig.cmake
[6.421s] -- Installing: /home/pratik/IITB_RacingTeam/AISD_Module/shm_visualization_Checkpoint1/shm/install/shm/share/shm/cmake/shm__rosidl_typesupport_cExport.cmake
[6.421s] -- Installing: /home/pratik/IITB_RacingTeam/AISD_Module/shm_visualization_Checkpoint1/shm/install/shm/share/shm/cmake/shm__rosidl_typesupport_cExport-noconfig.cmake
[6.421s] -- Installing: /home/pratik/IITB_RacingTeam/AISD_Module/shm_visualization_Checkpoint1/shm/install/shm/share/shm/cmake/shm__rosidl_typesupport_introspection_cppExport.cmake
[6.421s] -- Installing: /home/pratik/IITB_RacingTeam/AISD_Module/shm_visualization_Checkpoint1/shm/install/shm/share/shm/cmake/shm__rosidl_typesupport_introspection_cppExport-noconfig.cmake
[6.422s] -- Installing: /home/pratik/IITB_RacingTeam/AISD_Module/shm_visualization_Checkpoint1/shm/install/shm/share/shm/cmake/shm__rosidl_typesupport_cppExport.cmake
[6.422s] -- Installing: /home/pratik/IITB_RacingTeam/AISD_Module/shm_visualization_Checkpoint1/shm/install/shm/share/shm/cmake/shm__rosidl_typesupport_cppExport-noconfig.cmake
[6.422s] -- Installing: /home/pratik/IITB_RacingTeam/AISD_Module/shm_visualization_Checkpoint1/shm/install/shm/share/shm/cmake/export_shm__rosidl_generator_pyExport.cmake
[6.422s] -- Installing: /home/pratik/IITB_RacingTeam/AISD_Module/shm_visualization_Checkpoint1/shm/install/shm/share/shm/cmake/export_shm__rosidl_generator_pyExport-noconfig.cmake
[6.422s] -- Installing: /home/pratik/IITB_RacingTeam/AISD_Module/shm_visualization_Checkpoint1/shm/install/shm/share/shm/cmake/rosidl_cmake-extras.cmake
[6.422s] -- Installing: /home/pratik/IITB_RacingTeam/AISD_Module/shm_visualization_Checkpoint1/shm/install/shm/share/shm/cmake/ament_cmake_export_include_directories-extras.cmake
[6.422s] -- Installing: /home/pratik/IITB_RacingTeam/AISD_Module/shm_visualization_Checkpoint1/shm/install/shm/share/shm/cmake/ament_cmake_export_libraries-extras.cmake
[6.422s] -- Installing: /home/pratik/IITB_RacingTeam/AISD_Module/shm_visualization_Checkpoint1/shm/install/shm/share/shm/cmake/ament_cmake_export_targets-extras.cmake
[6.422s] -- Installing: /home/pratik/IITB_RacingTeam/AISD_Module/shm_visualization_Checkpoint1/shm/install/shm/share/shm/cmake/rosidl_cmake_export_typesupport_targets-extras.cmake
[6.422s] -- Installing: /home/pratik/IITB_RacingTeam/AISD_Module/shm_visualization_Checkpoint1/shm/install/shm/share/shm/cmake/ament_cmake_export_dependencies-extras.cmake
[6.422s] -- Installing: /home/pratik/IITB_RacingTeam/AISD_Module/shm_visualization_Checkpoint1/shm/install/shm/share/shm/cmake/rosidl_cmake_export_typesupport_libraries-extras.cmake
[6.422s] -- Installing: /home/pratik/IITB_RacingTeam/AISD_Module/shm_visualization_Checkpoint1/shm/install/shm/share/shm/cmake/shmConfig.cmake
[6.422s] -- Up-to-date: /home/pratik/IITB_RacingTeam/AISD_Module/shm_visualization_Checkpoint1/shm/install/shm/share/shm/cmake/shmConfig-version.cmake
[6.422s] -- Installing: /home/pratik/IITB_RacingTeam/AISD_Module/shm_visualization_Checkpoint1/shm/install/shm/share/shm/package.xml
[6.424s] Invoked command in '/home/pratik/IITB_RacingTeam/AISD_Module/shm_visualization_Checkpoint1/shm/build/shm' returned '0': CMAKE_PREFIX_PATH=/opt/ros/humble /usr/bin/cmake --install /home/pratik/IITB_RacingTeam/AISD_Module/shm_visualization_Checkpoint1/shm/build/shm
