[0.007s] Invoking command in '/home/pratik/IITB_RacingTeam/AISD_Module/shm_visualization_Checkpoint1/shm/build/shm': CMAKE_PREFIX_PATH=${CMAKE_PREFIX_PATH}:/opt/ros/humble /usr/bin/cmake --build /home/pratik/IITB_RacingTeam/AISD_Module/shm_visualization_Checkpoint1/shm/build/shm -- -j20 -l20
[0.035s] -- Found ament_cmake: 1.3.12 (/opt/ros/humble/share/ament_cmake/cmake)
[0.181s] -- Found rclcpp: 16.0.16 (/opt/ros/humble/share/rclcpp/cmake)
[0.210s] -- Found rosidl_generator_c: 3.1.7 (/opt/ros/humble/share/rosidl_generator_c/cmake)
[0.213s] -- Found rosidl_adapter: 3.1.7 (/opt/ros/humble/share/rosidl_adapter/cmake)
[0.219s] -- Found rosidl_generator_cpp: 3.1.7 (/opt/ros/humble/share/rosidl_generator_cpp/cmake)
[0.230s] -- Using all available rosidl_typesupport_c: rosidl_typesupport_fastrtps_c;rosidl_typesupport_introspection_c
[0.243s] -- Using all available rosidl_typesupport_cpp: rosidl_typesupport_fastrtps_cpp;rosidl_typesupport_introspection_cpp
[0.275s] -- Found rmw_implementation_cmake: 6.1.2 (/opt/ros/humble/share/rmw_implementation_cmake/cmake)
[0.276s] -- Found rmw_fastrtps_cpp: 6.2.9 (/opt/ros/humble/share/rmw_fastrtps_cpp/cmake)
[0.379s] -- Using RMW implementation 'rmw_fastrtps_cpp' as default
[0.426s] -- Found visualization_msgs: 4.9.0 (/opt/ros/humble/share/visualization_msgs/cmake)
[0.452s] -- Found rosidl_default_generators: 1.2.0 (/opt/ros/humble/share/rosidl_default_generators/cmake)
[0.764s] -- Found ament_cmake_ros: 0.10.0 (/opt/ros/humble/share/ament_cmake_ros/cmake)
[1.095s] -- Using all available rosidl_typesupport_c: rosidl_typesupport_fastrtps_c;rosidl_typesupport_introspection_c
[1.230s] -- Using all available rosidl_typesupport_cpp: rosidl_typesupport_fastrtps_cpp;rosidl_typesupport_introspection_cpp
[1.256s] -- Found python_cmake_module: 0.10.0 (/opt/ros/humble/share/python_cmake_module/cmake)
[1.284s] -- Using PYTHON_EXECUTABLE: /usr/bin/python3
[1.284s] -- Using PYTHON_INCLUDE_DIRS: /usr/include/python3.10
[1.284s] -- Using PYTHON_LIBRARIES: /usr/lib/x86_64-linux-gnu/libpython3.10.so
[1.296s] [0mCMake Deprecation Warning at /opt/ros/humble/share/rosidl_cmake/cmake/rosidl_target_interfaces.cmake:32 (message):
[1.296s]   Use rosidl_get_typesupport_target() and target_link_libraries() instead of
[1.296s]   rosidl_target_interfaces()
[1.296s] Call Stack (most recent call first):
[1.296s]   CMakeLists.txt:42 (rosidl_target_interfaces)
[1.296s] 
[1.296s] [0m
[1.301s] -- Configuring done
[1.340s] -- Generating done
[1.356s] -- Build files have been written to: /home/pratik/IITB_RacingTeam/AISD_Module/shm_visualization_Checkpoint1/shm/build/shm
[1.392s] [35m[1mConsolidate compiler generated dependencies of target shm__rosidl_generator_c[0m
[1.409s] [  2%] Built target shm__cpp
[1.409s] [ 12%] Built target shm__rosidl_generator_c
[1.422s] [ 12%] Built target ament_cmake_python_copy_shm
[1.425s] [35m[1mConsolidate compiler generated dependencies of target shm__rosidl_typesupport_cpp[0m
[1.426s] [35m[1mConsolidate compiler generated dependencies of target shm__rosidl_typesupport_introspection_cpp[0m
[1.426s] [35m[1mConsolidate compiler generated dependencies of target shm__rosidl_typesupport_fastrtps_cpp[0m
[1.443s] [35m[1mConsolidate compiler generated dependencies of target shm__rosidl_typesupport_c[0m
[1.443s] [35m[1mConsolidate compiler generated dependencies of target shm__rosidl_typesupport_introspection_c[0m
[1.444s] [35m[1mConsolidate compiler generated dependencies of target shm__rosidl_typesupport_fastrtps_c[0m
[1.444s] [ 21%] Built target shm__rosidl_typesupport_cpp
[1.448s] [ 31%] Built target shm__rosidl_typesupport_introspection_cpp
[1.448s] [ 41%] Built target shm__rosidl_typesupport_fastrtps_cpp
[1.462s] [ 51%] Built target shm__rosidl_typesupport_c
[1.464s] [ 60%] Built target shm__rosidl_typesupport_introspection_c
[1.466s] [ 70%] Built target shm__rosidl_typesupport_fastrtps_c
[1.506s] [ 70%] Built target shm
[1.525s] [35m[1mConsolidate compiler generated dependencies of target damped_shm_node[0m
[1.539s] [ 73%] Built target shm__py
[1.549s] [ 75%] [32mBuilding CXX object CMakeFiles/damped_shm_node.dir/src/spring.cpp.o[0m
[1.552s] [35m[1mConsolidate compiler generated dependencies of target shm__rosidl_generator_py[0m
[1.565s] [ 82%] Built target shm__rosidl_generator_py
[1.572s] [35m[1mConsolidate compiler generated dependencies of target shm__rosidl_typesupport_fastrtps_c__pyext[0m
[1.573s] [35m[1mConsolidate compiler generated dependencies of target shm__rosidl_typesupport_c__pyext[0m
[1.574s] [35m[1mConsolidate compiler generated dependencies of target shm__rosidl_typesupport_introspection_c__pyext[0m
[1.581s] [ 87%] Built target shm__rosidl_typesupport_fastrtps_c__pyext
[1.582s] [ 92%] Built target shm__rosidl_typesupport_c__pyext
[1.583s] [ 97%] Built target shm__rosidl_typesupport_introspection_c__pyext
[1.633s] running egg_info
[1.633s] writing shm.egg-info/PKG-INFO
[1.633s] writing dependency_links to shm.egg-info/dependency_links.txt
[1.633s] writing top-level names to shm.egg-info/top_level.txt
[1.634s] reading manifest file 'shm.egg-info/SOURCES.txt'
[1.634s] writing manifest file 'shm.egg-info/SOURCES.txt'
[1.649s] [ 97%] Built target ament_cmake_python_build_shm_egg
[4.854s] [100%] [32m[1mLinking CXX executable damped_shm_node[0m
[5.038s] [100%] Built target damped_shm_node
[5.050s] Invoked command in '/home/pratik/IITB_RacingTeam/AISD_Module/shm_visualization_Checkpoint1/shm/build/shm' returned '0': CMAKE_PREFIX_PATH=${CMAKE_PREFIX_PATH}:/opt/ros/humble /usr/bin/cmake --build /home/pratik/IITB_RacingTeam/AISD_Module/shm_visualization_Checkpoint1/shm/build/shm -- -j20 -l20
[5.064s] Invoking command in '/home/pratik/IITB_RacingTeam/AISD_Module/shm_visualization_Checkpoint1/shm/build/shm': CMAKE_PREFIX_PATH=${CMAKE_PREFIX_PATH}:/opt/ros/humble /usr/bin/cmake --install /home/pratik/IITB_RacingTeam/AISD_Module/shm_visualization_Checkpoint1/shm/build/shm
[5.073s] -- Install configuration: ""
[5.074s] -- Up-to-date: /home/pratik/IITB_RacingTeam/AISD_Module/shm_visualization_Checkpoint1/shm/install/shm/share/ament_index/resource_index/rosidl_interfaces/shm
[5.074s] -- Up-to-date: /home/pratik/IITB_RacingTeam/AISD_Module/shm_visualization_Checkpoint1/shm/install/shm/include/shm/shm
[5.074s] -- Up-to-date: /home/pratik/IITB_RacingTeam/AISD_Module/shm_visualization_Checkpoint1/shm/install/shm/include/shm/shm/srv
[5.074s] -- Up-to-date: /home/pratik/IITB_RacingTeam/AISD_Module/shm_visualization_Checkpoint1/shm/install/shm/include/shm/shm/srv/detail
[5.074s] -- Up-to-date: /home/pratik/IITB_RacingTeam/AISD_Module/shm_visualization_Checkpoint1/shm/install/shm/include/shm/shm/srv/detail/apply_force__struct.h
[5.074s] -- Up-to-date: /home/pratik/IITB_RacingTeam/AISD_Module/shm_visualization_Checkpoint1/shm/install/shm/include/shm/shm/srv/detail/apply_force__functions.c
[5.074s] -- Up-to-date: /home/pratik/IITB_RacingTeam/AISD_Module/shm_visualization_Checkpoint1/shm/install/shm/include/shm/shm/srv/detail/set_shm_params__functions.c
[5.074s] -- Up-to-date: /home/pratik/IITB_RacingTeam/AISD_Module/shm_visualization_Checkpoint1/shm/install/shm/include/shm/shm/srv/detail/apply_force__functions.h
[5.074s] -- Up-to-date: /home/pratik/IITB_RacingTeam/AISD_Module/shm_visualization_Checkpoint1/shm/install/shm/include/shm/shm/srv/detail/apply_force__type_support.h
[5.075s] -- Up-to-date: /home/pratik/IITB_RacingTeam/AISD_Module/shm_visualization_Checkpoint1/shm/install/shm/include/shm/shm/srv/detail/set_shm_params__functions.h
[5.075s] -- Up-to-date: /home/pratik/IITB_RacingTeam/AISD_Module/shm_visualization_Checkpoint1/shm/install/shm/include/shm/shm/srv/detail/set_shm_params__struct.h
[5.075s] -- Up-to-date: /home/pratik/IITB_RacingTeam/AISD_Module/shm_visualization_Checkpoint1/shm/install/shm/include/shm/shm/srv/detail/set_shm_params__type_support.h
[5.075s] -- Up-to-date: /home/pratik/IITB_RacingTeam/AISD_Module/shm_visualization_Checkpoint1/shm/install/shm/include/shm/shm/srv/apply_force.h
[5.075s] -- Up-to-date: /home/pratik/IITB_RacingTeam/AISD_Module/shm_visualization_Checkpoint1/shm/install/shm/include/shm/shm/srv/set_shm_params.h
[5.075s] -- Up-to-date: /home/pratik/IITB_RacingTeam/AISD_Module/shm_visualization_Checkpoint1/shm/install/shm/include/shm/shm/msg
[5.075s] -- Up-to-date: /home/pratik/IITB_RacingTeam/AISD_Module/shm_visualization_Checkpoint1/shm/install/shm/include/shm/shm/msg/rosidl_generator_c__visibility_control.h
[5.075s] -- Up-to-date: /home/pratik/IITB_RacingTeam/AISD_Module/shm_visualization_Checkpoint1/shm/install/shm/share/shm/environment/library_path.sh
[5.075s] -- Installing: /home/pratik/IITB_RacingTeam/AISD_Module/shm_visualization_Checkpoint1/shm/install/shm/share/shm/environment/library_path.dsv
[5.075s] -- Up-to-date: /home/pratik/IITB_RacingTeam/AISD_Module/shm_visualization_Checkpoint1/shm/install/shm/lib/libshm__rosidl_generator_c.so
[5.075s] -- Up-to-date: /home/pratik/IITB_RacingTeam/AISD_Module/shm_visualization_Checkpoint1/shm/install/shm/include/shm/shm
[5.075s] -- Up-to-date: /home/pratik/IITB_RacingTeam/AISD_Module/shm_visualization_Checkpoint1/shm/install/shm/include/shm/shm/srv
[5.075s] -- Up-to-date: /home/pratik/IITB_RacingTeam/AISD_Module/shm_visualization_Checkpoint1/shm/install/shm/include/shm/shm/srv/detail
[5.075s] -- Up-to-date: /home/pratik/IITB_RacingTeam/AISD_Module/shm_visualization_Checkpoint1/shm/install/shm/include/shm/shm/srv/detail/set_shm_params__rosidl_typesupport_fastrtps_c.h
[5.076s] -- Up-to-date: /home/pratik/IITB_RacingTeam/AISD_Module/shm_visualization_Checkpoint1/shm/install/shm/include/shm/shm/srv/detail/apply_force__rosidl_typesupport_fastrtps_c.h
[5.076s] -- Up-to-date: /home/pratik/IITB_RacingTeam/AISD_Module/shm_visualization_Checkpoint1/shm/install/shm/include/shm/shm/msg
[5.076s] -- Up-to-date: /home/pratik/IITB_RacingTeam/AISD_Module/shm_visualization_Checkpoint1/shm/install/shm/include/shm/shm/msg/rosidl_typesupport_fastrtps_c__visibility_control.h
[5.076s] -- Up-to-date: /home/pratik/IITB_RacingTeam/AISD_Module/shm_visualization_Checkpoint1/shm/install/shm/lib/libshm__rosidl_typesupport_fastrtps_c.so
[5.076s] -- Up-to-date: /home/pratik/IITB_RacingTeam/AISD_Module/shm_visualization_Checkpoint1/shm/install/shm/include/shm/shm
[5.076s] -- Up-to-date: /home/pratik/IITB_RacingTeam/AISD_Module/shm_visualization_Checkpoint1/shm/install/shm/include/shm/shm/srv
[5.076s] -- Up-to-date: /home/pratik/IITB_RacingTeam/AISD_Module/shm_visualization_Checkpoint1/shm/install/shm/include/shm/shm/srv/apply_force.hpp
[5.076s] -- Up-to-date: /home/pratik/IITB_RacingTeam/AISD_Module/shm_visualization_Checkpoint1/shm/install/shm/include/shm/shm/srv/detail
[5.076s] -- Up-to-date: /home/pratik/IITB_RacingTeam/AISD_Module/shm_visualization_Checkpoint1/shm/install/shm/include/shm/shm/srv/detail/apply_force__builder.hpp
[5.076s] -- Up-to-date: /home/pratik/IITB_RacingTeam/AISD_Module/shm_visualization_Checkpoint1/shm/install/shm/include/shm/shm/srv/detail/set_shm_params__struct.hpp
[5.076s] -- Up-to-date: /home/pratik/IITB_RacingTeam/AISD_Module/shm_visualization_Checkpoint1/shm/install/shm/include/shm/shm/srv/detail/set_shm_params__type_support.hpp
[5.076s] -- Up-to-date: /home/pratik/IITB_RacingTeam/AISD_Module/shm_visualization_Checkpoint1/shm/install/shm/include/shm/shm/srv/detail/apply_force__struct.hpp
[5.076s] -- Up-to-date: /home/pratik/IITB_RacingTeam/AISD_Module/shm_visualization_Checkpoint1/shm/install/shm/include/shm/shm/srv/detail/set_shm_params__traits.hpp
[5.077s] -- Up-to-date: /home/pratik/IITB_RacingTeam/AISD_Module/shm_visualization_Checkpoint1/shm/install/shm/include/shm/shm/srv/detail/apply_force__traits.hpp
[5.077s] -- Up-to-date: /home/pratik/IITB_RacingTeam/AISD_Module/shm_visualization_Checkpoint1/shm/install/shm/include/shm/shm/srv/detail/apply_force__type_support.hpp
[5.077s] -- Up-to-date: /home/pratik/IITB_RacingTeam/AISD_Module/shm_visualization_Checkpoint1/shm/install/shm/include/shm/shm/srv/detail/set_shm_params__builder.hpp
[5.077s] -- Up-to-date: /home/pratik/IITB_RacingTeam/AISD_Module/shm_visualization_Checkpoint1/shm/install/shm/include/shm/shm/srv/set_shm_params.hpp
[5.077s] -- Up-to-date: /home/pratik/IITB_RacingTeam/AISD_Module/shm_visualization_Checkpoint1/shm/install/shm/include/shm/shm/msg
[5.077s] -- Up-to-date: /home/pratik/IITB_RacingTeam/AISD_Module/shm_visualization_Checkpoint1/shm/install/shm/include/shm/shm/msg/rosidl_generator_cpp__visibility_control.hpp
[5.077s] -- Up-to-date: /home/pratik/IITB_RacingTeam/AISD_Module/shm_visualization_Checkpoint1/shm/install/shm/include/shm/shm
[5.077s] -- Up-to-date: /home/pratik/IITB_RacingTeam/AISD_Module/shm_visualization_Checkpoint1/shm/install/shm/include/shm/shm/srv
[5.077s] -- Up-to-date: /home/pratik/IITB_RacingTeam/AISD_Module/shm_visualization_Checkpoint1/shm/install/shm/include/shm/shm/srv/detail
[5.077s] -- Up-to-date: /home/pratik/IITB_RacingTeam/AISD_Module/shm_visualization_Checkpoint1/shm/install/shm/include/shm/shm/srv/detail/dds_fastrtps
[5.077s] -- Up-to-date: /home/pratik/IITB_RacingTeam/AISD_Module/shm_visualization_Checkpoint1/shm/install/shm/include/shm/shm/srv/detail/set_shm_params__rosidl_typesupport_fastrtps_cpp.hpp
[5.077s] -- Up-to-date: /home/pratik/IITB_RacingTeam/AISD_Module/shm_visualization_Checkpoint1/shm/install/shm/include/shm/shm/srv/detail/apply_force__rosidl_typesupport_fastrtps_cpp.hpp
[5.077s] -- Up-to-date: /home/pratik/IITB_RacingTeam/AISD_Module/shm_visualization_Checkpoint1/shm/install/shm/include/shm/shm/msg
[5.077s] -- Up-to-date: /home/pratik/IITB_RacingTeam/AISD_Module/shm_visualization_Checkpoint1/shm/install/shm/include/shm/shm/msg/rosidl_typesupport_fastrtps_cpp__visibility_control.h
[5.077s] -- Up-to-date: /home/pratik/IITB_RacingTeam/AISD_Module/shm_visualization_Checkpoint1/shm/install/shm/lib/libshm__rosidl_typesupport_fastrtps_cpp.so
[5.077s] -- Up-to-date: /home/pratik/IITB_RacingTeam/AISD_Module/shm_visualization_Checkpoint1/shm/install/shm/include/shm/shm
[5.078s] -- Up-to-date: /home/pratik/IITB_RacingTeam/AISD_Module/shm_visualization_Checkpoint1/shm/install/shm/include/shm/shm/srv
[5.078s] -- Up-to-date: /home/pratik/IITB_RacingTeam/AISD_Module/shm_visualization_Checkpoint1/shm/install/shm/include/shm/shm/srv/detail
[5.078s] -- Up-to-date: /home/pratik/IITB_RacingTeam/AISD_Module/shm_visualization_Checkpoint1/shm/install/shm/include/shm/shm/srv/detail/set_shm_params__rosidl_typesupport_introspection_c.h
[5.078s] -- Up-to-date: /home/pratik/IITB_RacingTeam/AISD_Module/shm_visualization_Checkpoint1/shm/install/shm/include/shm/shm/srv/detail/apply_force__rosidl_typesupport_introspection_c.h
[5.078s] -- Up-to-date: /home/pratik/IITB_RacingTeam/AISD_Module/shm_visualization_Checkpoint1/shm/install/shm/include/shm/shm/srv/detail/set_shm_params__type_support.c
[5.078s] -- Up-to-date: /home/pratik/IITB_RacingTeam/AISD_Module/shm_visualization_Checkpoint1/shm/install/shm/include/shm/shm/srv/detail/apply_force__type_support.c
[5.078s] -- Up-to-date: /home/pratik/IITB_RacingTeam/AISD_Module/shm_visualization_Checkpoint1/shm/install/shm/include/shm/shm/msg
[5.078s] -- Up-to-date: /home/pratik/IITB_RacingTeam/AISD_Module/shm_visualization_Checkpoint1/shm/install/shm/include/shm/shm/msg/rosidl_typesupport_introspection_c__visibility_control.h
[5.078s] -- Up-to-date: /home/pratik/IITB_RacingTeam/AISD_Module/shm_visualization_Checkpoint1/shm/install/shm/lib/libshm__rosidl_typesupport_introspection_c.so
[5.078s] -- Up-to-date: /home/pratik/IITB_RacingTeam/AISD_Module/shm_visualization_Checkpoint1/shm/install/shm/lib/libshm__rosidl_typesupport_c.so
[5.078s] -- Up-to-date: /home/pratik/IITB_RacingTeam/AISD_Module/shm_visualization_Checkpoint1/shm/install/shm/include/shm/shm
[5.078s] -- Up-to-date: /home/pratik/IITB_RacingTeam/AISD_Module/shm_visualization_Checkpoint1/shm/install/shm/include/shm/shm/srv
[5.078s] -- Up-to-date: /home/pratik/IITB_RacingTeam/AISD_Module/shm_visualization_Checkpoint1/shm/install/shm/include/shm/shm/srv/detail
[5.078s] -- Up-to-date: /home/pratik/IITB_RacingTeam/AISD_Module/shm_visualization_Checkpoint1/shm/install/shm/include/shm/shm/srv/detail/set_shm_params__type_support.cpp
[5.079s] -- Up-to-date: /home/pratik/IITB_RacingTeam/AISD_Module/shm_visualization_Checkpoint1/shm/install/shm/include/shm/shm/srv/detail/apply_force__type_support.cpp
[5.079s] -- Up-to-date: /home/pratik/IITB_RacingTeam/AISD_Module/shm_visualization_Checkpoint1/shm/install/shm/include/shm/shm/srv/detail/set_shm_params__rosidl_typesupport_introspection_cpp.hpp
[5.079s] -- Up-to-date: /home/pratik/IITB_RacingTeam/AISD_Module/shm_visualization_Checkpoint1/shm/install/shm/include/shm/shm/srv/detail/apply_force__rosidl_typesupport_introspection_cpp.hpp
[5.079s] -- Up-to-date: /home/pratik/IITB_RacingTeam/AISD_Module/shm_visualization_Checkpoint1/shm/install/shm/lib/libshm__rosidl_typesupport_introspection_cpp.so
[5.079s] -- Up-to-date: /home/pratik/IITB_RacingTeam/AISD_Module/shm_visualization_Checkpoint1/shm/install/shm/lib/libshm__rosidl_typesupport_cpp.so
[5.079s] -- Up-to-date: /home/pratik/IITB_RacingTeam/AISD_Module/shm_visualization_Checkpoint1/shm/install/shm/share/shm/environment/pythonpath.sh
[5.079s] -- Installing: /home/pratik/IITB_RacingTeam/AISD_Module/shm_visualization_Checkpoint1/shm/install/shm/share/shm/environment/pythonpath.dsv
[5.079s] -- Up-to-date: /home/pratik/IITB_RacingTeam/AISD_Module/shm_visualization_Checkpoint1/shm/install/shm/local/lib/python3.10/dist-packages/shm-0.0.0-py3.10.egg-info
[5.079s] -- Installing: /home/pratik/IITB_RacingTeam/AISD_Module/shm_visualization_Checkpoint1/shm/install/shm/local/lib/python3.10/dist-packages/shm-0.0.0-py3.10.egg-info/PKG-INFO
[5.079s] -- Installing: /home/pratik/IITB_RacingTeam/AISD_Module/shm_visualization_Checkpoint1/shm/install/shm/local/lib/python3.10/dist-packages/shm-0.0.0-py3.10.egg-info/SOURCES.txt
[5.079s] -- Installing: /home/pratik/IITB_RacingTeam/AISD_Module/shm_visualization_Checkpoint1/shm/install/shm/local/lib/python3.10/dist-packages/shm-0.0.0-py3.10.egg-info/top_level.txt
[5.079s] -- Installing: /home/pratik/IITB_RacingTeam/AISD_Module/shm_visualization_Checkpoint1/shm/install/shm/local/lib/python3.10/dist-packages/shm-0.0.0-py3.10.egg-info/dependency_links.txt
[5.079s] -- Up-to-date: /home/pratik/IITB_RacingTeam/AISD_Module/shm_visualization_Checkpoint1/shm/install/shm/local/lib/python3.10/dist-packages/shm
[5.079s] -- Up-to-date: /home/pratik/IITB_RacingTeam/AISD_Module/shm_visualization_Checkpoint1/shm/install/shm/local/lib/python3.10/dist-packages/shm/shm_s__rosidl_typesupport_fastrtps_c.cpython-310-x86_64-linux-gnu.so
[5.079s] -- Up-to-date: /home/pratik/IITB_RacingTeam/AISD_Module/shm_visualization_Checkpoint1/shm/install/shm/local/lib/python3.10/dist-packages/shm/_shm_s.ep.rosidl_typesupport_c.c
[5.079s] -- Installing: /home/pratik/IITB_RacingTeam/AISD_Module/shm_visualization_Checkpoint1/shm/install/shm/local/lib/python3.10/dist-packages/shm/__init__.py
[5.079s] -- Up-to-date: /home/pratik/IITB_RacingTeam/AISD_Module/shm_visualization_Checkpoint1/shm/install/shm/local/lib/python3.10/dist-packages/shm/_shm_s.ep.rosidl_typesupport_fastrtps_c.c
[5.080s] -- Up-to-date: /home/pratik/IITB_RacingTeam/AISD_Module/shm_visualization_Checkpoint1/shm/install/shm/local/lib/python3.10/dist-packages/shm/_shm_s.ep.rosidl_typesupport_introspection_c.c
[5.080s] -- Up-to-date: /home/pratik/IITB_RacingTeam/AISD_Module/shm_visualization_Checkpoint1/shm/install/shm/local/lib/python3.10/dist-packages/shm/libshm__rosidl_generator_py.so
[5.080s] -- Up-to-date: /home/pratik/IITB_RacingTeam/AISD_Module/shm_visualization_Checkpoint1/shm/install/shm/local/lib/python3.10/dist-packages/shm/shm_s__rosidl_typesupport_c.cpython-310-x86_64-linux-gnu.so
[5.080s] -- Up-to-date: /home/pratik/IITB_RacingTeam/AISD_Module/shm_visualization_Checkpoint1/shm/install/shm/local/lib/python3.10/dist-packages/shm/srv
[5.080s] -- Up-to-date: /home/pratik/IITB_RacingTeam/AISD_Module/shm_visualization_Checkpoint1/shm/install/shm/local/lib/python3.10/dist-packages/shm/srv/__init__.py
[5.080s] -- Up-to-date: /home/pratik/IITB_RacingTeam/AISD_Module/shm_visualization_Checkpoint1/shm/install/shm/local/lib/python3.10/dist-packages/shm/srv/_apply_force.py
[5.080s] -- Up-to-date: /home/pratik/IITB_RacingTeam/AISD_Module/shm_visualization_Checkpoint1/shm/install/shm/local/lib/python3.10/dist-packages/shm/srv/_apply_force_s.c
[5.080s] -- Up-to-date: /home/pratik/IITB_RacingTeam/AISD_Module/shm_visualization_Checkpoint1/shm/install/shm/local/lib/python3.10/dist-packages/shm/srv/_set_shm_params.py
[5.080s] -- Up-to-date: /home/pratik/IITB_RacingTeam/AISD_Module/shm_visualization_Checkpoint1/shm/install/shm/local/lib/python3.10/dist-packages/shm/srv/_set_shm_params_s.c
[5.080s] -- Up-to-date: /home/pratik/IITB_RacingTeam/AISD_Module/shm_visualization_Checkpoint1/shm/install/shm/local/lib/python3.10/dist-packages/shm/shm_s__rosidl_typesupport_introspection_c.cpython-310-x86_64-linux-gnu.so
[5.122s] Listing '/home/pratik/IITB_RacingTeam/AISD_Module/shm_visualization_Checkpoint1/shm/install/shm/local/lib/python3.10/dist-packages/shm'...
[5.122s] Compiling '/home/pratik/IITB_RacingTeam/AISD_Module/shm_visualization_Checkpoint1/shm/install/shm/local/lib/python3.10/dist-packages/shm/__init__.py'...
[5.122s] Listing '/home/pratik/IITB_RacingTeam/AISD_Module/shm_visualization_Checkpoint1/shm/install/shm/local/lib/python3.10/dist-packages/shm/srv'...
[5.128s] -- Up-to-date: /home/pratik/IITB_RacingTeam/AISD_Module/shm_visualization_Checkpoint1/shm/install/shm/local/lib/python3.10/dist-packages/shm/shm_s__rosidl_typesupport_fastrtps_c.cpython-310-x86_64-linux-gnu.so
[5.128s] -- Up-to-date: /home/pratik/IITB_RacingTeam/AISD_Module/shm_visualization_Checkpoint1/shm/install/shm/local/lib/python3.10/dist-packages/shm/shm_s__rosidl_typesupport_introspection_c.cpython-310-x86_64-linux-gnu.so
[5.128s] -- Up-to-date: /home/pratik/IITB_RacingTeam/AISD_Module/shm_visualization_Checkpoint1/shm/install/shm/local/lib/python3.10/dist-packages/shm/shm_s__rosidl_typesupport_c.cpython-310-x86_64-linux-gnu.so
[5.129s] -- Up-to-date: /home/pratik/IITB_RacingTeam/AISD_Module/shm_visualization_Checkpoint1/shm/install/shm/lib/libshm__rosidl_generator_py.so
[5.129s] -- Up-to-date: /home/pratik/IITB_RacingTeam/AISD_Module/shm_visualization_Checkpoint1/shm/install/shm/share/shm/srv/SetSHMParams.idl
[5.129s] -- Up-to-date: /home/pratik/IITB_RacingTeam/AISD_Module/shm_visualization_Checkpoint1/shm/install/shm/share/shm/srv/ApplyForce.idl
[5.129s] -- Up-to-date: /home/pratik/IITB_RacingTeam/AISD_Module/shm_visualization_Checkpoint1/shm/install/shm/share/shm/srv/SetSHMParams.srv
[5.129s] -- Up-to-date: /home/pratik/IITB_RacingTeam/AISD_Module/shm_visualization_Checkpoint1/shm/install/shm/share/shm/srv/SetSHMParams_Request.msg
[5.129s] -- Up-to-date: /home/pratik/IITB_RacingTeam/AISD_Module/shm_visualization_Checkpoint1/shm/install/shm/share/shm/srv/SetSHMParams_Response.msg
[5.129s] -- Up-to-date: /home/pratik/IITB_RacingTeam/AISD_Module/shm_visualization_Checkpoint1/shm/install/shm/share/shm/srv/ApplyForce.srv
[5.129s] -- Up-to-date: /home/pratik/IITB_RacingTeam/AISD_Module/shm_visualization_Checkpoint1/shm/install/shm/share/shm/srv/ApplyForce_Request.msg
[5.129s] -- Up-to-date: /home/pratik/IITB_RacingTeam/AISD_Module/shm_visualization_Checkpoint1/shm/install/shm/share/shm/srv/ApplyForce_Response.msg
[5.129s] -- Installing: /home/pratik/IITB_RacingTeam/AISD_Module/shm_visualization_Checkpoint1/shm/install/shm/lib/shm/damped_shm_node
[5.131s] -- Set runtime path of "/home/pratik/IITB_RacingTeam/AISD_Module/shm_visualization_Checkpoint1/shm/install/shm/lib/shm/damped_shm_node" to ""
[5.131s] -- Up-to-date: /home/pratik/IITB_RacingTeam/AISD_Module/shm_visualization_Checkpoint1/shm/install/shm/share/ament_index/resource_index/package_run_dependencies/shm
[5.131s] -- Installing: /home/pratik/IITB_RacingTeam/AISD_Module/shm_visualization_Checkpoint1/shm/install/shm/share/ament_index/resource_index/parent_prefix_path/shm
[5.131s] -- Up-to-date: /home/pratik/IITB_RacingTeam/AISD_Module/shm_visualization_Checkpoint1/shm/install/shm/share/shm/environment/ament_prefix_path.sh
[5.131s] -- Installing: /home/pratik/IITB_RacingTeam/AISD_Module/shm_visualization_Checkpoint1/shm/install/shm/share/shm/environment/ament_prefix_path.dsv
[5.132s] -- Up-to-date: /home/pratik/IITB_RacingTeam/AISD_Module/shm_visualization_Checkpoint1/shm/install/shm/share/shm/environment/path.sh
[5.132s] -- Installing: /home/pratik/IITB_RacingTeam/AISD_Module/shm_visualization_Checkpoint1/shm/install/shm/share/shm/environment/path.dsv
[5.132s] -- Up-to-date: /home/pratik/IITB_RacingTeam/AISD_Module/shm_visualization_Checkpoint1/shm/install/shm/share/shm/local_setup.bash
[5.132s] -- Up-to-date: /home/pratik/IITB_RacingTeam/AISD_Module/shm_visualization_Checkpoint1/shm/install/shm/share/shm/local_setup.sh
[5.132s] -- Up-to-date: /home/pratik/IITB_RacingTeam/AISD_Module/shm_visualization_Checkpoint1/shm/install/shm/share/shm/local_setup.zsh
[5.132s] -- Installing: /home/pratik/IITB_RacingTeam/AISD_Module/shm_visualization_Checkpoint1/shm/install/shm/share/shm/local_setup.dsv
[5.132s] -- Installing: /home/pratik/IITB_RacingTeam/AISD_Module/shm_visualization_Checkpoint1/shm/install/shm/share/shm/package.dsv
[5.132s] -- Up-to-date: /home/pratik/IITB_RacingTeam/AISD_Module/shm_visualization_Checkpoint1/shm/install/shm/share/ament_index/resource_index/packages/shm
[5.133s] -- Up-to-date: /home/pratik/IITB_RacingTeam/AISD_Module/shm_visualization_Checkpoint1/shm/install/shm/share/shm/cmake/export_shm__rosidl_generator_cExport.cmake
[5.133s] -- Up-to-date: /home/pratik/IITB_RacingTeam/AISD_Module/shm_visualization_Checkpoint1/shm/install/shm/share/shm/cmake/export_shm__rosidl_generator_cExport-noconfig.cmake
[5.133s] -- Up-to-date: /home/pratik/IITB_RacingTeam/AISD_Module/shm_visualization_Checkpoint1/shm/install/shm/share/shm/cmake/export_shm__rosidl_typesupport_fastrtps_cExport.cmake
[5.133s] -- Up-to-date: /home/pratik/IITB_RacingTeam/AISD_Module/shm_visualization_Checkpoint1/shm/install/shm/share/shm/cmake/export_shm__rosidl_typesupport_fastrtps_cExport-noconfig.cmake
[5.133s] -- Up-to-date: /home/pratik/IITB_RacingTeam/AISD_Module/shm_visualization_Checkpoint1/shm/install/shm/share/shm/cmake/export_shm__rosidl_generator_cppExport.cmake
[5.133s] -- Up-to-date: /home/pratik/IITB_RacingTeam/AISD_Module/shm_visualization_Checkpoint1/shm/install/shm/share/shm/cmake/export_shm__rosidl_typesupport_fastrtps_cppExport.cmake
[5.133s] -- Up-to-date: /home/pratik/IITB_RacingTeam/AISD_Module/shm_visualization_Checkpoint1/shm/install/shm/share/shm/cmake/export_shm__rosidl_typesupport_fastrtps_cppExport-noconfig.cmake
[5.133s] -- Up-to-date: /home/pratik/IITB_RacingTeam/AISD_Module/shm_visualization_Checkpoint1/shm/install/shm/share/shm/cmake/shm__rosidl_typesupport_introspection_cExport.cmake
[5.133s] -- Up-to-date: /home/pratik/IITB_RacingTeam/AISD_Module/shm_visualization_Checkpoint1/shm/install/shm/share/shm/cmake/shm__rosidl_typesupport_introspection_cExport-noconfig.cmake
[5.133s] -- Up-to-date: /home/pratik/IITB_RacingTeam/AISD_Module/shm_visualization_Checkpoint1/shm/install/shm/share/shm/cmake/shm__rosidl_typesupport_cExport.cmake
[5.133s] -- Up-to-date: /home/pratik/IITB_RacingTeam/AISD_Module/shm_visualization_Checkpoint1/shm/install/shm/share/shm/cmake/shm__rosidl_typesupport_cExport-noconfig.cmake
[5.133s] -- Up-to-date: /home/pratik/IITB_RacingTeam/AISD_Module/shm_visualization_Checkpoint1/shm/install/shm/share/shm/cmake/shm__rosidl_typesupport_introspection_cppExport.cmake
[5.133s] -- Up-to-date: /home/pratik/IITB_RacingTeam/AISD_Module/shm_visualization_Checkpoint1/shm/install/shm/share/shm/cmake/shm__rosidl_typesupport_introspection_cppExport-noconfig.cmake
[5.133s] -- Up-to-date: /home/pratik/IITB_RacingTeam/AISD_Module/shm_visualization_Checkpoint1/shm/install/shm/share/shm/cmake/shm__rosidl_typesupport_cppExport.cmake
[5.133s] -- Up-to-date: /home/pratik/IITB_RacingTeam/AISD_Module/shm_visualization_Checkpoint1/shm/install/shm/share/shm/cmake/shm__rosidl_typesupport_cppExport-noconfig.cmake
[5.133s] -- Up-to-date: /home/pratik/IITB_RacingTeam/AISD_Module/shm_visualization_Checkpoint1/shm/install/shm/share/shm/cmake/export_shm__rosidl_generator_pyExport.cmake
[5.133s] -- Up-to-date: /home/pratik/IITB_RacingTeam/AISD_Module/shm_visualization_Checkpoint1/shm/install/shm/share/shm/cmake/export_shm__rosidl_generator_pyExport-noconfig.cmake
[5.134s] -- Up-to-date: /home/pratik/IITB_RacingTeam/AISD_Module/shm_visualization_Checkpoint1/shm/install/shm/share/shm/cmake/rosidl_cmake-extras.cmake
[5.134s] -- Up-to-date: /home/pratik/IITB_RacingTeam/AISD_Module/shm_visualization_Checkpoint1/shm/install/shm/share/shm/cmake/ament_cmake_export_include_directories-extras.cmake
[5.134s] -- Up-to-date: /home/pratik/IITB_RacingTeam/AISD_Module/shm_visualization_Checkpoint1/shm/install/shm/share/shm/cmake/ament_cmake_export_libraries-extras.cmake
[5.134s] -- Up-to-date: /home/pratik/IITB_RacingTeam/AISD_Module/shm_visualization_Checkpoint1/shm/install/shm/share/shm/cmake/ament_cmake_export_targets-extras.cmake
[5.134s] -- Up-to-date: /home/pratik/IITB_RacingTeam/AISD_Module/shm_visualization_Checkpoint1/shm/install/shm/share/shm/cmake/rosidl_cmake_export_typesupport_targets-extras.cmake
[5.134s] -- Up-to-date: /home/pratik/IITB_RacingTeam/AISD_Module/shm_visualization_Checkpoint1/shm/install/shm/share/shm/cmake/ament_cmake_export_dependencies-extras.cmake
[5.134s] -- Up-to-date: /home/pratik/IITB_RacingTeam/AISD_Module/shm_visualization_Checkpoint1/shm/install/shm/share/shm/cmake/rosidl_cmake_export_typesupport_libraries-extras.cmake
[5.134s] -- Up-to-date: /home/pratik/IITB_RacingTeam/AISD_Module/shm_visualization_Checkpoint1/shm/install/shm/share/shm/cmake/shmConfig.cmake
[5.134s] -- Up-to-date: /home/pratik/IITB_RacingTeam/AISD_Module/shm_visualization_Checkpoint1/shm/install/shm/share/shm/cmake/shmConfig-version.cmake
[5.134s] -- Up-to-date: /home/pratik/IITB_RacingTeam/AISD_Module/shm_visualization_Checkpoint1/shm/install/shm/share/shm/package.xml
[5.136s] Invoked command in '/home/pratik/IITB_RacingTeam/AISD_Module/shm_visualization_Checkpoint1/shm/build/shm' returned '0': CMAKE_PREFIX_PATH=${CMAKE_PREFIX_PATH}:/opt/ros/humble /usr/bin/cmake --install /home/pratik/IITB_RacingTeam/AISD_Module/shm_visualization_Checkpoint1/shm/build/shm
