[0.008s] Invoking command in '/home/pratik/IITB_RacingTeam/AISD_Module/shm_visualization_Checkpoint1/shm/build/shm': CMAKE_PREFIX_PATH=/opt/ros/humble /usr/bin/cmake --build /home/pratik/IITB_RacingTeam/AISD_Module/shm_visualization_Checkpoint1/shm/build/shm -- -j20 -l20
[0.047s] -- Found ament_cmake: 1.3.12 (/opt/ros/humble/share/ament_cmake/cmake)
[0.139s] -- Found rclcpp: 16.0.16 (/opt/ros/humble/share/rclcpp/cmake)
[0.163s] -- Found rosidl_generator_c: 3.1.7 (/opt/ros/humble/share/rosidl_generator_c/cmake)
[0.164s] -- Found rosidl_adapter: 3.1.7 (/opt/ros/humble/share/rosidl_adapter/cmake)
[0.169s] -- Found rosidl_generator_cpp: 3.1.7 (/opt/ros/humble/share/rosidl_generator_cpp/cmake)
[0.176s] -- Using all available rosidl_typesupport_c: rosidl_typesupport_fastrtps_c;rosidl_typesupport_introspection_c
[0.184s] -- Using all available rosidl_typesupport_cpp: rosidl_typesupport_fastrtps_cpp;rosidl_typesupport_introspection_cpp
[0.206s] -- Found rmw_implementation_cmake: 6.1.2 (/opt/ros/humble/share/rmw_implementation_cmake/cmake)
[0.207s] -- Found rmw_fastrtps_cpp: 6.2.9 (/opt/ros/humble/share/rmw_fastrtps_cpp/cmake)
[0.287s] -- Using RMW implementation 'rmw_fastrtps_cpp' as default
[0.333s] -- Found visualization_msgs: 4.9.0 (/opt/ros/humble/share/visualization_msgs/cmake)
[0.434s] -- Configuring done
[0.443s] -- Generating done
[0.446s] -- Build files have been written to: /home/pratik/IITB_RacingTeam/AISD_Module/shm_visualization_Checkpoint1/shm/build/shm
[0.465s] [35m[1mConsolidate compiler generated dependencies of target shm[0m
[0.494s] [ 50%] [32mBuilding CXX object CMakeFiles/shm.dir/src/spring.cpp.o[0m
[0.690s] [01m[K/home/pratik/IITB_RacingTeam/AISD_Module/shm_visualization_Checkpoint1/shm/src/spring.cpp:4:10:[m[K [01;31m[Kfatal error: [m[Kshm/srv/set_shm_params.hpp: No such file or directory
[0.690s]     4 | #include [01;31m[K"shm/srv/set_shm_params.hpp"[m[K
[0.690s]       |          [01;31m[K^~~~~~~~~~~~~~~~~~~~~~~~~~~~[m[K
[0.690s] compilation terminated.
[0.691s] gmake[2]: *** [CMakeFiles/shm.dir/build.make:76: CMakeFiles/shm.dir/src/spring.cpp.o] Error 1
[0.691s] gmake[1]: *** [CMakeFiles/Makefile2:137: CMakeFiles/shm.dir/all] Error 2
[0.692s] gmake: *** [Makefile:146: all] Error 2
[0.694s] Invoked command in '/home/pratik/IITB_RacingTeam/AISD_Module/shm_visualization_Checkpoint1/shm/build/shm' returned '2': CMAKE_PREFIX_PATH=/opt/ros/humble /usr/bin/cmake --build /home/pratik/IITB_RacingTeam/AISD_Module/shm_visualization_Checkpoint1/shm/build/shm -- -j20 -l20
