[0.006s] Invoking command in '/home/pratik/IITB_RacingTeam/AISD_Module/shm_visualization_Checkpoint1/shm/build/shm': CMAKE_PREFIX_PATH=/opt/ros/humble /usr/bin/cmake --build /home/pratik/IITB_RacingTeam/AISD_Module/shm_visualization_Checkpoint1/shm/build/shm -- -j20 -l20
[0.025s] -- Found ament_cmake: 1.3.12 (/opt/ros/humble/share/ament_cmake/cmake)
[0.109s] -- Found rclcpp: 16.0.16 (/opt/ros/humble/share/rclcpp/cmake)
[0.123s] -- Found rosidl_generator_c: 3.1.7 (/opt/ros/humble/share/rosidl_generator_c/cmake)
[0.124s] -- Found rosidl_adapter: 3.1.7 (/opt/ros/humble/share/rosidl_adapter/cmake)
[0.127s] -- Found rosidl_generator_cpp: 3.1.7 (/opt/ros/humble/share/rosidl_generator_cpp/cmake)
[0.132s] -- Using all available rosidl_typesupport_c: rosidl_typesupport_fastrtps_c;rosidl_typesupport_introspection_c
[0.138s] -- Using all available rosidl_typesupport_cpp: rosidl_typesupport_fastrtps_cpp;rosidl_typesupport_introspection_cpp
[0.154s] -- Found rmw_implementation_cmake: 6.1.2 (/opt/ros/humble/share/rmw_implementation_cmake/cmake)
[0.154s] -- Found rmw_fastrtps_cpp: 6.2.9 (/opt/ros/humble/share/rmw_fastrtps_cpp/cmake)
[0.208s] -- Using RMW implementation 'rmw_fastrtps_cpp' as default
[0.239s] -- Found visualization_msgs: 4.9.0 (/opt/ros/humble/share/visualization_msgs/cmake)
[0.263s] -- Found rosidl_default_generators: 1.2.0 (/opt/ros/humble/share/rosidl_default_generators/cmake)
[0.457s] -- Found ament_cmake_ros: 0.10.0 (/opt/ros/humble/share/ament_cmake_ros/cmake)
[0.709s] -- Using all available rosidl_typesupport_c: rosidl_typesupport_fastrtps_c;rosidl_typesupport_introspection_c
[0.805s] -- Using all available rosidl_typesupport_cpp: rosidl_typesupport_fastrtps_cpp;rosidl_typesupport_introspection_cpp
[0.827s] -- Found PythonInterp: /usr/bin/python3 (found suitable version "3.10.12", minimum required is "3.6") 
[0.829s] -- Found python_cmake_module: 0.10.0 (/opt/ros/humble/share/python_cmake_module/cmake)
[0.851s] -- Found PythonLibs: /usr/lib/x86_64-linux-gnu/libpython3.10.so (found suitable version "3.10.12", minimum required is "3.5") 
[0.851s] -- Using PYTHON_EXECUTABLE: /usr/bin/python3
[0.851s] -- Using PYTHON_INCLUDE_DIRS: /usr/include/python3.10
[0.851s] -- Using PYTHON_LIBRARIES: /usr/lib/x86_64-linux-gnu/libpython3.10.so
[0.868s] -- Found PythonExtra: .so  
[0.889s] [31mCMake Error at CMakeLists.txt:24 (add_executable):
[0.889s]   add_executable cannot create target "shm" because another target with the
[0.889s]   same name already exists.  The existing target is a custom target created
[0.889s]   in source directory
[0.889s]   "/home/pratik/IITB_RacingTeam/AISD_Module/shm_visualization_Checkpoint1/shm".
[0.889s]   See documentation for policy CMP0002 for more details.
[0.889s] 
[0.889s] [0m
[0.890s] [31mCMake Error at /opt/ros/humble/share/ament_cmake_target_dependencies/cmake/ament_target_dependencies.cmake:128 (target_compile_definitions):
[0.890s]   target_compile_definitions called with non-compilable target type
[0.890s] Call Stack (most recent call first):
[0.890s]   CMakeLists.txt:26 (ament_target_dependencies)
[0.890s] 
[0.890s] [0m
[0.890s] [31mCMake Error at /opt/ros/humble/share/ament_cmake_target_dependencies/cmake/ament_target_dependencies.cmake:141 (target_include_directories):
[0.890s]   target_include_directories called with non-compilable target type
[0.890s] Call Stack (most recent call first):
[0.890s]   CMakeLists.txt:26 (ament_target_dependencies)
[0.890s] 
[0.890s] [0m
[0.890s] [31mCMake Error at /opt/ros/humble/share/ament_cmake_target_dependencies/cmake/ament_target_dependencies.cmake:145 (target_link_libraries):
[0.891s]   Utility target "shm" must not be used as the target of a
[0.891s]   target_link_libraries call.
[0.891s] Call Stack (most recent call first):
[0.891s]   CMakeLists.txt:26 (ament_target_dependencies)
[0.891s] 
[0.891s] [0m
[0.891s] [31mCMake Error at /opt/ros/humble/share/ament_cmake_target_dependencies/cmake/ament_target_dependencies.cmake:147 (target_include_directories):
[0.891s]   target_include_directories called with non-compilable target type
[0.891s] Call Stack (most recent call first):
[0.891s]   CMakeLists.txt:26 (ament_target_dependencies)
[0.891s] 
[0.891s] [0m
[0.891s] [31mCMake Error at /opt/ros/humble/share/ament_cmake_target_dependencies/cmake/ament_target_dependencies.cmake:151 (target_link_libraries):
[0.892s]   Utility target "shm" must not be used as the target of a
[0.892s]   target_link_libraries call.
[0.892s] Call Stack (most recent call first):
[0.892s]   CMakeLists.txt:26 (ament_target_dependencies)
[0.892s] 
[0.892s] [0m
[0.892s] [0mCMake Deprecation Warning at /opt/ros/humble/share/rosidl_cmake/cmake/rosidl_target_interfaces.cmake:32 (message):
[0.892s]   Use rosidl_get_typesupport_target() and target_link_libraries() instead of
[0.892s]   rosidl_target_interfaces()
[0.892s] Call Stack (most recent call first):
[0.892s]   CMakeLists.txt:33 (rosidl_target_interfaces)
[0.892s] 
[0.892s] [0m
[0.892s] [31mCMake Error at /opt/ros/humble/share/rosidl_cmake/cmake/rosidl_target_interfaces.cmake:58 (target_link_libraries):
[0.893s]   Utility target "shm" must not be used as the target of a
[0.893s]   target_link_libraries call.
[0.893s] Call Stack (most recent call first):
[0.893s]   CMakeLists.txt:33 (rosidl_target_interfaces)
[0.893s] 
[0.893s] [0m
[0.893s] [31mCMake Error at CMakeLists.txt:38 (install):
[0.893s]   install TARGETS given target "shm" which is not an executable, library, or
[0.893s]   module.
[0.893s] 
[0.893s] [0m
[0.894s] -- Configuring incomplete, errors occurred!
[0.894s] See also "/home/pratik/IITB_RacingTeam/AISD_Module/shm_visualization_Checkpoint1/shm/build/shm/CMakeFiles/CMakeOutput.log".
[0.898s] gmake: *** [Makefile:267: cmake_check_build_system] Error 1
[0.900s] Invoked command in '/home/pratik/IITB_RacingTeam/AISD_Module/shm_visualization_Checkpoint1/shm/build/shm' returned '2': CMAKE_PREFIX_PATH=/opt/ros/humble /usr/bin/cmake --build /home/pratik/IITB_RacingTeam/AISD_Module/shm_visualization_Checkpoint1/shm/build/shm -- -j20 -l20
