[01m[K/home/pratik/IITB_RacingTeam/AISD_Module/shm_visualization_Checkpoint1/shm/src/spring.cpp:[m[K In constructor ‘[01m[KDampedSHM::DampedSHM()[m[K’:
[01m[K/home/pratik/IITB_RacingTeam/AISD_Module/shm_visualization_Checkpoint1/shm/src/spring.cpp:43:54:[m[K [01;31m[Kerror: [m[K‘[01m[K_1[m[K’ was not declared in this scope; did you mean ‘[01m[Kstd::placeholders::_1[m[K’?
   43 |       std::bind(&DampedSHM::setParamsCallback, this, [01;31m[K_1[m[K, _2));
      |                                                      [01;31m[K^~[m[K
      |                                                      [32m[Kstd::placeholders::_1[m[K
In file included from [01m[K/usr/include/c++/11/pstl/glue_algorithm_defs.h:13[m[K,
                 from [01m[K/usr/include/c++/11/algorithm:74[m[K,
                 from [01m[K/opt/ros/humble/include/rclcpp/rclcpp/executor.hpp:18[m[K,
                 from [01m[K/opt/ros/humble/include/rclcpp/rclcpp/executors/multi_threaded_executor.hpp:25[m[K,
                 from [01m[K/opt/ros/humble/include/rclcpp/rclcpp/executors.hpp:21[m[K,
                 from [01m[K/opt/ros/humble/include/rclcpp/rclcpp/rclcpp.hpp:155[m[K,
                 from [01m[K/home/pratik/IITB_RacingTeam/AISD_Module/shm_visualization_Checkpoint1/shm/src/spring.cpp:1[m[K:
[01m[K/usr/include/c++/11/functional:225:34:[m[K [01;36m[Knote: [m[K‘[01m[Kstd::placeholders::_1[m[K’ declared here
  225 |     extern const _Placeholder<1> [01;36m[K_1[m[K;
      |                                  [01;36m[K^~[m[K
[01m[K/home/pratik/IITB_RacingTeam/AISD_Module/shm_visualization_Checkpoint1/shm/src/spring.cpp:43:58:[m[K [01;31m[Kerror: [m[K‘[01m[K_2[m[K’ was not declared in this scope; did you mean ‘[01m[Kstd::placeholders::_2[m[K’?
   43 |       std::bind(&DampedSHM::setParamsCallback, this, _1, [01;31m[K_2[m[K));
      |                                                          [01;31m[K^~[m[K
      |                                                          [32m[Kstd::placeholders::_2[m[K
In file included from [01m[K/usr/include/c++/11/pstl/glue_algorithm_defs.h:13[m[K,
                 from [01m[K/usr/include/c++/11/algorithm:74[m[K,
                 from [01m[K/opt/ros/humble/include/rclcpp/rclcpp/executor.hpp:18[m[K,
                 from [01m[K/opt/ros/humble/include/rclcpp/rclcpp/executors/multi_threaded_executor.hpp:25[m[K,
                 from [01m[K/opt/ros/humble/include/rclcpp/rclcpp/executors.hpp:21[m[K,
                 from [01m[K/opt/ros/humble/include/rclcpp/rclcpp/rclcpp.hpp:155[m[K,
                 from [01m[K/home/pratik/IITB_RacingTeam/AISD_Module/shm_visualization_Checkpoint1/shm/src/spring.cpp:1[m[K:
[01m[K/usr/include/c++/11/functional:226:34:[m[K [01;36m[Knote: [m[K‘[01m[Kstd::placeholders::_2[m[K’ declared here
  226 |     extern const _Placeholder<2> [01;36m[K_2[m[K;
      |                                  [01;36m[K^~[m[K
gmake[2]: *** [CMakeFiles/damped_shm_node.dir/build.make:76: CMakeFiles/damped_shm_node.dir/src/spring.cpp.o] Error 1
gmake[1]: *** [CMakeFiles/Makefile2:594: CMakeFiles/damped_shm_node.dir/all] Error 2
gmake: *** [Makefile:146: all] Error 2
