[35m[1mConsolidate compiler generated dependencies of target shm__rosidl_generator_c[0m
[  9%] Built target shm__rosidl_generator_c
[ 12%] Built target shm__cpp
[ 12%] Built target ament_cmake_python_copy_shm
[35m[1mConsolidate compiler generated dependencies of target shm__rosidl_typesupport_cpp[0m
[35m[1mConsolidate compiler generated dependencies of target shm__rosidl_typesupport_introspection_cpp[0m
[35m[1mConsolidate compiler generated dependencies of target shm__rosidl_typesupport_fastrtps_cpp[0m
[35m[1mConsolidate compiler generated dependencies of target shm__rosidl_typesupport_introspection_c[0m
[35m[1mConsolidate compiler generated dependencies of target shm__rosidl_typesupport_fastrtps_c[0m
[35m[1mConsolidate compiler generated dependencies of target shm__rosidl_typesupport_c[0m
[ 21%] Built target shm__rosidl_typesupport_cpp
[ 31%] Built target shm__rosidl_typesupport_c
[ 41%] Built target shm__rosidl_typesupport_introspection_c
[ 51%] Built target shm__rosidl_typesupport_introspection_cpp
[ 60%] Built target shm__rosidl_typesupport_fastrtps_cpp
[ 70%] Built target shm__rosidl_typesupport_fastrtps_c
[ 70%] Built target shm
[35m[1mConsolidate compiler generated dependencies of target damped_shm_node[0m
[ 73%] Built target shm__py
[35m[1mConsolidate compiler generated dependencies of target shm__rosidl_generator_py[0m
[ 75%] [32mBuilding CXX object CMakeFiles/damped_shm_node.dir/src/spring.cpp.o[0m
[ 82%] Built target shm__rosidl_generator_py
[35m[1mConsolidate compiler generated dependencies of target shm__rosidl_typesupport_c__pyext[0m
[35m[1mConsolidate compiler generated dependencies of target shm__rosidl_typesupport_fastrtps_c__pyext[0m
[35m[1mConsolidate compiler generated dependencies of target shm__rosidl_typesupport_introspection_c__pyext[0m
[ 87%] Built target shm__rosidl_typesupport_fastrtps_c__pyext
[ 95%] Built target shm__rosidl_typesupport_introspection_c__pyext
[ 97%] Built target shm__rosidl_typesupport_c__pyext
running egg_info
writing shm.egg-info/PKG-INFO
writing dependency_links to shm.egg-info/dependency_links.txt
writing top-level names to shm.egg-info/top_level.txt
reading manifest file 'shm.egg-info/SOURCES.txt'
writing manifest file 'shm.egg-info/SOURCES.txt'
[ 97%] Built target ament_cmake_python_build_shm_egg
[01m[K/home/pratik/IITB_RacingTeam/AISD_Module/shm_visualization_Checkpoint1/shm/src/spring.cpp:[m[K In constructor ‘[01m[KDampedSHM::DampedSHM()[m[K’:
[01m[K/home/pratik/IITB_RacingTeam/AISD_Module/shm_visualization_Checkpoint1/shm/src/spring.cpp:43:54:[m[K [01;31m[Kerror: [m[K‘[01m[K_1[m[K’ was not declared in this scope; did you mean ‘[01m[Kstd::placeholders::_1[m[K’?
   43 |       std::bind(&DampedSHM::setParamsCallback, this, [01;31m[K_1[m[K, _2));
      |                                                      [01;31m[K^~[m[K
      |                                                      [32m[Kstd::placeholders::_1[m[K
In file included from [01m[K/usr/include/c++/11/pstl/glue_algorithm_defs.h:13[m[K,
                 from [01m[K/usr/include/c++/11/algorithm:74[m[K,
                 from [01m[K/opt/ros/humble/include/rclcpp/rclcpp/executor.hpp:18[m[K,
                 from [01m[K/opt/ros/humble/include/rclcpp/rclcpp/executors/multi_threaded_executor.hpp:25[m[K,
                 from [01m[K/opt/ros/humble/include/rclcpp/rclcpp/executors.hpp:21[m[K,
                 from [01m[K/opt/ros/humble/include/rclcpp/rclcpp/rclcpp.hpp:155[m[K,
                 from [01m[K/home/pratik/IITB_RacingTeam/AISD_Module/shm_visualization_Checkpoint1/shm/src/spring.cpp:1[m[K:
[01m[K/usr/include/c++/11/functional:225:34:[m[K [01;36m[Knote: [m[K‘[01m[Kstd::placeholders::_1[m[K’ declared here
  225 |     extern const _Placeholder<1> [01;36m[K_1[m[K;
      |                                  [01;36m[K^~[m[K
[01m[K/home/pratik/IITB_RacingTeam/AISD_Module/shm_visualization_Checkpoint1/shm/src/spring.cpp:43:58:[m[K [01;31m[Kerror: [m[K‘[01m[K_2[m[K’ was not declared in this scope; did you mean ‘[01m[Kstd::placeholders::_2[m[K’?
   43 |       std::bind(&DampedSHM::setParamsCallback, this, _1, [01;31m[K_2[m[K));
      |                                                          [01;31m[K^~[m[K
      |                                                          [32m[Kstd::placeholders::_2[m[K
In file included from [01m[K/usr/include/c++/11/pstl/glue_algorithm_defs.h:13[m[K,
                 from [01m[K/usr/include/c++/11/algorithm:74[m[K,
                 from [01m[K/opt/ros/humble/include/rclcpp/rclcpp/executor.hpp:18[m[K,
                 from [01m[K/opt/ros/humble/include/rclcpp/rclcpp/executors/multi_threaded_executor.hpp:25[m[K,
                 from [01m[K/opt/ros/humble/include/rclcpp/rclcpp/executors.hpp:21[m[K,
                 from [01m[K/opt/ros/humble/include/rclcpp/rclcpp/rclcpp.hpp:155[m[K,
                 from [01m[K/home/pratik/IITB_RacingTeam/AISD_Module/shm_visualization_Checkpoint1/shm/src/spring.cpp:1[m[K:
[01m[K/usr/include/c++/11/functional:226:34:[m[K [01;36m[Knote: [m[K‘[01m[Kstd::placeholders::_2[m[K’ declared here
  226 |     extern const _Placeholder<2> [01;36m[K_2[m[K;
      |                                  [01;36m[K^~[m[K
gmake[2]: *** [CMakeFiles/damped_shm_node.dir/build.make:76: CMakeFiles/damped_shm_node.dir/src/spring.cpp.o] Error 1
gmake[1]: *** [CMakeFiles/Makefile2:594: CMakeFiles/damped_shm_node.dir/all] Error 2
gmake: *** [Makefile:146: all] Error 2
