[35m[1mConsolidate compiler generated dependencies of target shm__rosidl_generator_c[0m
[  9%] Built target shm__rosidl_generator_c
[ 12%] Built target shm__cpp
[ 12%] Built target ament_cmake_python_copy_shm
[35m[1mConsolidate compiler generated dependencies of target shm__rosidl_typesupport_cpp[0m
[35m[1mConsolidate compiler generated dependencies of target shm__rosidl_typesupport_introspection_cpp[0m
[35m[1mConsolidate compiler generated dependencies of target shm__rosidl_typesupport_fastrtps_cpp[0m
[35m[1mConsolidate compiler generated dependencies of target shm__rosidl_typesupport_introspection_c[0m
[35m[1mConsolidate compiler generated dependencies of target shm__rosidl_typesupport_fastrtps_c[0m
[35m[1mConsolidate compiler generated dependencies of target shm__rosidl_typesupport_c[0m
[ 21%] Built target shm__rosidl_typesupport_cpp
[ 31%] Built target shm__rosidl_typesupport_c
[ 41%] Built target shm__rosidl_typesupport_introspection_c
[ 51%] Built target shm__rosidl_typesupport_introspection_cpp
[ 60%] Built target shm__rosidl_typesupport_fastrtps_cpp
[ 70%] Built target shm__rosidl_typesupport_fastrtps_c
[ 70%] Built target shm
[35m[1mConsolidate compiler generated dependencies of target damped_shm_node[0m
[ 73%] Built target shm__py
[35m[1mConsolidate compiler generated dependencies of target shm__rosidl_generator_py[0m
[ 75%] [32mBuilding CXX object CMakeFiles/damped_shm_node.dir/src/spring.cpp.o[0m
[ 82%] Built target shm__rosidl_generator_py
[35m[1mConsolidate compiler generated dependencies of target shm__rosidl_typesupport_c__pyext[0m
[35m[1mConsolidate compiler generated dependencies of target shm__rosidl_typesupport_fastrtps_c__pyext[0m
[35m[1mConsolidate compiler generated dependencies of target shm__rosidl_typesupport_introspection_c__pyext[0m
[ 87%] Built target shm__rosidl_typesupport_fastrtps_c__pyext
[ 95%] Built target shm__rosidl_typesupport_introspection_c__pyext
[ 97%] Built target shm__rosidl_typesupport_c__pyext
running egg_info
writing shm.egg-info/PKG-INFO
writing dependency_links to shm.egg-info/dependency_links.txt
writing top-level names to shm.egg-info/top_level.txt
reading manifest file 'shm.egg-info/SOURCES.txt'
writing manifest file 'shm.egg-info/SOURCES.txt'
[ 97%] Built target ament_cmake_python_build_shm_egg
