[0.006s] Invoking command in '/home/pratik/IITB_RacingTeam/AISD_Module/shm_visualization_Checkpoint1/build/shm': CMAKE_PREFIX_PATH=${CMAKE_PREFIX_PATH}:/opt/ros/humble /usr/bin/cmake --build /home/pratik/IITB_RacingTeam/AISD_Module/shm_visualization_Checkpoint1/build/shm -- -j20 -l20
[0.039s] [35m[1mConsolidate compiler generated dependencies of target shm__rosidl_generator_c[0m
[0.046s] [  9%] Built target shm__rosidl_generator_c
[0.046s] [ 12%] Built target shm__cpp
[0.055s] [ 12%] Built target ament_cmake_python_copy_shm
[0.056s] [35m[1mConsolidate compiler generated dependencies of target shm__rosidl_typesupport_cpp[0m
[0.057s] [35m[1mConsolidate compiler generated dependencies of target shm__rosidl_typesupport_introspection_cpp[0m
[0.059s] [35m[1mConsolidate compiler generated dependencies of target shm__rosidl_typesupport_fastrtps_cpp[0m
[0.059s] [35m[1mConsolidate compiler generated dependencies of target shm__rosidl_typesupport_introspection_c[0m
[0.059s] [35m[1mConsolidate compiler generated dependencies of target shm__rosidl_typesupport_fastrtps_c[0m
[0.059s] [35m[1mConsolidate compiler generated dependencies of target shm__rosidl_typesupport_c[0m
[0.073s] [ 21%] Built target shm__rosidl_typesupport_cpp
[0.075s] [ 31%] Built target shm__rosidl_typesupport_c
[0.077s] [ 41%] Built target shm__rosidl_typesupport_introspection_c
[0.078s] [ 51%] Built target shm__rosidl_typesupport_introspection_cpp
[0.079s] [ 60%] Built target shm__rosidl_typesupport_fastrtps_cpp
[0.080s] [ 70%] Built target shm__rosidl_typesupport_fastrtps_c
[0.096s] [ 70%] Built target shm
[0.104s] [35m[1mConsolidate compiler generated dependencies of target damped_shm_node[0m
[0.109s] [ 73%] Built target shm__py
[0.116s] [35m[1mConsolidate compiler generated dependencies of target shm__rosidl_generator_py[0m
[0.117s] [ 75%] [32mBuilding CXX object CMakeFiles/damped_shm_node.dir/src/spring.cpp.o[0m
[0.125s] [ 82%] Built target shm__rosidl_generator_py
[0.131s] [35m[1mConsolidate compiler generated dependencies of target shm__rosidl_typesupport_c__pyext[0m
[0.131s] [35m[1mConsolidate compiler generated dependencies of target shm__rosidl_typesupport_fastrtps_c__pyext[0m
[0.133s] [35m[1mConsolidate compiler generated dependencies of target shm__rosidl_typesupport_introspection_c__pyext[0m
[0.140s] [ 87%] Built target shm__rosidl_typesupport_fastrtps_c__pyext
[0.140s] [ 95%] Built target shm__rosidl_typesupport_introspection_c__pyext
[0.140s] [ 97%] Built target shm__rosidl_typesupport_c__pyext
[0.193s] running egg_info
[0.193s] writing shm.egg-info/PKG-INFO
[0.193s] writing dependency_links to shm.egg-info/dependency_links.txt
[0.193s] writing top-level names to shm.egg-info/top_level.txt
[0.194s] reading manifest file 'shm.egg-info/SOURCES.txt'
[0.195s] writing manifest file 'shm.egg-info/SOURCES.txt'
[0.211s] [ 97%] Built target ament_cmake_python_build_shm_egg
[1.279s] [01m[K/home/pratik/IITB_RacingTeam/AISD_Module/shm_visualization_Checkpoint1/shm/src/spring.cpp:[m[K In constructor ‘[01m[KDampedSHM::DampedSHM()[m[K’:
[1.279s] [01m[K/home/pratik/IITB_RacingTeam/AISD_Module/shm_visualization_Checkpoint1/shm/src/spring.cpp:43:54:[m[K [01;31m[Kerror: [m[K‘[01m[K_1[m[K’ was not declared in this scope; did you mean ‘[01m[Kstd::placeholders::_1[m[K’?
[1.279s]    43 |       std::bind(&DampedSHM::setParamsCallback, this, [01;31m[K_1[m[K, _2));
[1.279s]       |                                                      [01;31m[K^~[m[K
[1.279s]       |                                                      [32m[Kstd::placeholders::_1[m[K
[1.279s] In file included from [01m[K/usr/include/c++/11/pstl/glue_algorithm_defs.h:13[m[K,
[1.279s]                  from [01m[K/usr/include/c++/11/algorithm:74[m[K,
[1.279s]                  from [01m[K/opt/ros/humble/include/rclcpp/rclcpp/executor.hpp:18[m[K,
[1.279s]                  from [01m[K/opt/ros/humble/include/rclcpp/rclcpp/executors/multi_threaded_executor.hpp:25[m[K,
[1.279s]                  from [01m[K/opt/ros/humble/include/rclcpp/rclcpp/executors.hpp:21[m[K,
[1.279s]                  from [01m[K/opt/ros/humble/include/rclcpp/rclcpp/rclcpp.hpp:155[m[K,
[1.280s]                  from [01m[K/home/pratik/IITB_RacingTeam/AISD_Module/shm_visualization_Checkpoint1/shm/src/spring.cpp:1[m[K:
[1.280s] [01m[K/usr/include/c++/11/functional:225:34:[m[K [01;36m[Knote: [m[K‘[01m[Kstd::placeholders::_1[m[K’ declared here
[1.280s]   225 |     extern const _Placeholder<1> [01;36m[K_1[m[K;
[1.280s]       |                                  [01;36m[K^~[m[K
[1.280s] [01m[K/home/pratik/IITB_RacingTeam/AISD_Module/shm_visualization_Checkpoint1/shm/src/spring.cpp:43:58:[m[K [01;31m[Kerror: [m[K‘[01m[K_2[m[K’ was not declared in this scope; did you mean ‘[01m[Kstd::placeholders::_2[m[K’?
[1.280s]    43 |       std::bind(&DampedSHM::setParamsCallback, this, _1, [01;31m[K_2[m[K));
[1.280s]       |                                                          [01;31m[K^~[m[K
[1.280s]       |                                                          [32m[Kstd::placeholders::_2[m[K
[1.280s] In file included from [01m[K/usr/include/c++/11/pstl/glue_algorithm_defs.h:13[m[K,
[1.280s]                  from [01m[K/usr/include/c++/11/algorithm:74[m[K,
[1.280s]                  from [01m[K/opt/ros/humble/include/rclcpp/rclcpp/executor.hpp:18[m[K,
[1.280s]                  from [01m[K/opt/ros/humble/include/rclcpp/rclcpp/executors/multi_threaded_executor.hpp:25[m[K,
[1.280s]                  from [01m[K/opt/ros/humble/include/rclcpp/rclcpp/executors.hpp:21[m[K,
[1.280s]                  from [01m[K/opt/ros/humble/include/rclcpp/rclcpp/rclcpp.hpp:155[m[K,
[1.280s]                  from [01m[K/home/pratik/IITB_RacingTeam/AISD_Module/shm_visualization_Checkpoint1/shm/src/spring.cpp:1[m[K:
[1.280s] [01m[K/usr/include/c++/11/functional:226:34:[m[K [01;36m[Knote: [m[K‘[01m[Kstd::placeholders::_2[m[K’ declared here
[1.280s]   226 |     extern const _Placeholder<2> [01;36m[K_2[m[K;
[1.280s]       |                                  [01;36m[K^~[m[K
[1.791s] gmake[2]: *** [CMakeFiles/damped_shm_node.dir/build.make:76: CMakeFiles/damped_shm_node.dir/src/spring.cpp.o] Error 1
[1.791s] gmake[1]: *** [CMakeFiles/Makefile2:594: CMakeFiles/damped_shm_node.dir/all] Error 2
[1.792s] gmake: *** [Makefile:146: all] Error 2
[1.794s] Invoked command in '/home/pratik/IITB_RacingTeam/AISD_Module/shm_visualization_Checkpoint1/build/shm' returned '2': CMAKE_PREFIX_PATH=${CMAKE_PREFIX_PATH}:/opt/ros/humble /usr/bin/cmake --build /home/pratik/IITB_RacingTeam/AISD_Module/shm_visualization_Checkpoint1/build/shm -- -j20 -l20
