[0.006s] Invoking command in '/home/pratik/ros2_ws/src/shm/build/shm': CMAKE_PREFIX_PATH=${CMAKE_PREFIX_PATH}:/opt/ros/humble /usr/bin/cmake --build /home/pratik/ros2_ws/src/shm/build/shm -- -j20 -l20
[0.044s] [35m[1mConsolidate compiler generated dependencies of target shm[0m
[0.064s] [ 50%] [32mBuilding CXX object CMakeFiles/shm.dir/src/spring.cpp.o[0m
[2.465s] [100%] [32m[1mLinking CXX executable shm[0m
[2.580s] [100%] Built target shm
[2.586s] Invoked command in '/home/pratik/ros2_ws/src/shm/build/shm' returned '0': CMAKE_PREFIX_PATH=${CMAKE_PREFIX_PATH}:/opt/ros/humble /usr/bin/cmake --build /home/pratik/ros2_ws/src/shm/build/shm -- -j20 -l20
[2.593s] Invoking command in '/home/pratik/ros2_ws/src/shm/build/shm': CMAKE_PREFIX_PATH=${CMAKE_PREFIX_PATH}:/opt/ros/humble /usr/bin/cmake --install /home/pratik/ros2_ws/src/shm/build/shm
[2.599s] -- Install configuration: ""
[2.599s] -- Installing: /home/pratik/ros2_ws/src/shm/install/shm/lib/shm/shm
[2.600s] -- Set runtime path of "/home/pratik/ros2_ws/src/shm/install/shm/lib/shm/shm" to ""
[2.600s] -- Up-to-date: /home/pratik/ros2_ws/src/shm/install/shm/share/ament_index/resource_index/package_run_dependencies/shm
[2.600s] -- Up-to-date: /home/pratik/ros2_ws/src/shm/install/shm/share/ament_index/resource_index/parent_prefix_path/shm
[2.600s] -- Up-to-date: /home/pratik/ros2_ws/src/shm/install/shm/share/shm/environment/ament_prefix_path.sh
[2.600s] -- Up-to-date: /home/pratik/ros2_ws/src/shm/install/shm/share/shm/environment/ament_prefix_path.dsv
[2.600s] -- Up-to-date: /home/pratik/ros2_ws/src/shm/install/shm/share/shm/environment/path.sh
[2.600s] -- Up-to-date: /home/pratik/ros2_ws/src/shm/install/shm/share/shm/environment/path.dsv
[2.600s] -- Up-to-date: /home/pratik/ros2_ws/src/shm/install/shm/share/shm/local_setup.bash
[2.600s] -- Up-to-date: /home/pratik/ros2_ws/src/shm/install/shm/share/shm/local_setup.sh
[2.600s] -- Up-to-date: /home/pratik/ros2_ws/src/shm/install/shm/share/shm/local_setup.zsh
[2.600s] -- Up-to-date: /home/pratik/ros2_ws/src/shm/install/shm/share/shm/local_setup.dsv
[2.600s] -- Installing: /home/pratik/ros2_ws/src/shm/install/shm/share/shm/package.dsv
[2.601s] -- Up-to-date: /home/pratik/ros2_ws/src/shm/install/shm/share/ament_index/resource_index/packages/shm
[2.601s] -- Up-to-date: /home/pratik/ros2_ws/src/shm/install/shm/share/shm/cmake/shmConfig.cmake
[2.601s] -- Up-to-date: /home/pratik/ros2_ws/src/shm/install/shm/share/shm/cmake/shmConfig-version.cmake
[2.601s] -- Up-to-date: /home/pratik/ros2_ws/src/shm/install/shm/share/shm/package.xml
[2.603s] Invoked command in '/home/pratik/ros2_ws/src/shm/build/shm' returned '0': CMAKE_PREFIX_PATH=${CMAKE_PREFIX_PATH}:/opt/ros/humble /usr/bin/cmake --install /home/pratik/ros2_ws/src/shm/build/shm
