-- Found ament_cmake: 1.3.12 (/opt/ros/humble/share/ament_cmake/cmake)
-- Found rclcpp: 16.0.16 (/opt/ros/humble/share/rclcpp/cmake)
-- Found rosidl_generator_c: 3.1.7 (/opt/ros/humble/share/rosidl_generator_c/cmake)
-- Found rosidl_adapter: 3.1.7 (/opt/ros/humble/share/rosidl_adapter/cmake)
-- Found rosidl_generator_cpp: 3.1.7 (/opt/ros/humble/share/rosidl_generator_cpp/cmake)
-- Using all available rosidl_typesupport_c: rosidl_typesupport_fastrtps_c;rosidl_typesupport_introspection_c
-- Using all available rosidl_typesupport_cpp: rosidl_typesupport_fastrtps_cpp;rosidl_typesupport_introspection_cpp
-- Found rmw_implementation_cmake: 6.1.2 (/opt/ros/humble/share/rmw_implementation_cmake/cmake)
-- Found rmw_fastrtps_cpp: 6.2.9 (/opt/ros/humble/share/rmw_fastrtps_cpp/cmake)
-- Using RMW implementation 'rmw_fastrtps_cpp' as default
-- Found visualization_msgs: 4.9.0 (/opt/ros/humble/share/visualization_msgs/cmake)
-- Found rosidl_default_generators: 1.2.0 (/opt/ros/humble/share/rosidl_default_generators/cmake)
-- Found ament_cmake_ros: 0.10.0 (/opt/ros/humble/share/ament_cmake_ros/cmake)
-- Using all available rosidl_typesupport_c: rosidl_typesupport_fastrtps_c;rosidl_typesupport_introspection_c
-- Using all available rosidl_typesupport_cpp: rosidl_typesupport_fastrtps_cpp;rosidl_typesupport_introspection_cpp
-- Found python_cmake_module: 0.10.0 (/opt/ros/humble/share/python_cmake_module/cmake)
-- Using PYTHON_EXECUTABLE: /usr/bin/python3
-- Using PYTHON_INCLUDE_DIRS: /usr/include/python3.10
-- Using PYTHON_LIBRARIES: /usr/lib/x86_64-linux-gnu/libpython3.10.so
-- Configuring done
-- Generating done
-- Build files have been written to: /home/pratik/IITB_RacingTeam/AISD_Module/shm_visualization_Checkpoint1/build/shm
[  2%] [34m[1mGenerating C code for ROS interfaces[0m
[  4%] [34m[1mGenerating C++ code for ROS interfaces[0m
[  4%] Built target ament_cmake_python_copy_shm
running egg_info
creating shm.egg-info
writing shm.egg-info/PKG-INFO
writing dependency_links to shm.egg-info/dependency_links.txt
writing top-level names to shm.egg-info/top_level.txt
writing manifest file 'shm.egg-info/SOURCES.txt'
reading manifest file 'shm.egg-info/SOURCES.txt'
writing manifest file 'shm.egg-info/SOURCES.txt'
[  4%] Built target ament_cmake_python_build_shm_egg
[  9%] [32mBuilding C object CMakeFiles/shm__rosidl_generator_c.dir/rosidl_generator_c/shm/srv/detail/set_shm_params__functions.c.o[0m
[  9%] [32mBuilding C object CMakeFiles/shm__rosidl_generator_c.dir/rosidl_generator_c/shm/srv/detail/apply_force__functions.c.o[0m
[  9%] Built target shm__cpp
[ 12%] [34m[1mGenerating C++ type support dispatch for ROS interfaces[0m
[ 17%] [34m[1mGenerating C++ introspection for ROS interfaces[0m
[ 17%] [34m[1mGenerating C++ type support for eProsima Fast-RTPS[0m
[ 19%] [32m[1mLinking C shared library libshm__rosidl_generator_c.so[0m
[ 19%] Built target shm__rosidl_generator_c
[ 21%] [34m[1mGenerating C introspection for ROS interfaces[0m
[ 26%] [34m[1mGenerating C type support dispatch for ROS interfaces[0m
[ 24%] [34m[1mGenerating C type support for eProsima Fast-RTPS[0m
[ 31%] [32mBuilding CXX object CMakeFiles/shm__rosidl_typesupport_cpp.dir/rosidl_typesupport_cpp/shm/srv/set_shm_params__type_support.cpp.o[0m
[ 31%] [32mBuilding CXX object CMakeFiles/shm__rosidl_typesupport_cpp.dir/rosidl_typesupport_cpp/shm/srv/apply_force__type_support.cpp.o[0m
[ 34%] [32mBuilding CXX object CMakeFiles/shm__rosidl_typesupport_introspection_cpp.dir/rosidl_typesupport_introspection_cpp/shm/srv/detail/apply_force__type_support.cpp.o[0m
[ 36%] [32mBuilding CXX object CMakeFiles/shm__rosidl_typesupport_introspection_cpp.dir/rosidl_typesupport_introspection_cpp/shm/srv/detail/set_shm_params__type_support.cpp.o[0m
[ 39%] [32mBuilding CXX object CMakeFiles/shm__rosidl_typesupport_fastrtps_cpp.dir/rosidl_typesupport_fastrtps_cpp/shm/srv/detail/dds_fastrtps/set_shm_params__type_support.cpp.o[0m
[ 41%] [32mBuilding CXX object CMakeFiles/shm__rosidl_typesupport_fastrtps_cpp.dir/rosidl_typesupport_fastrtps_cpp/shm/srv/detail/dds_fastrtps/apply_force__type_support.cpp.o[0m
[ 46%] [32mBuilding CXX object CMakeFiles/shm__rosidl_typesupport_c.dir/rosidl_typesupport_c/shm/srv/apply_force__type_support.cpp.o[0m
[ 46%] [32mBuilding CXX object CMakeFiles/shm__rosidl_typesupport_c.dir/rosidl_typesupport_c/shm/srv/set_shm_params__type_support.cpp.o[0m
[ 51%] [32mBuilding CXX object CMakeFiles/shm__rosidl_typesupport_fastrtps_c.dir/rosidl_typesupport_fastrtps_c/shm/srv/detail/set_shm_params__type_support_c.cpp.o[0m
[ 51%] [32mBuilding CXX object CMakeFiles/shm__rosidl_typesupport_fastrtps_c.dir/rosidl_typesupport_fastrtps_c/shm/srv/detail/apply_force__type_support_c.cpp.o[0m
[ 53%] [32m[1mLinking CXX shared library libshm__rosidl_typesupport_c.so[0m
[ 56%] [32mBuilding C object CMakeFiles/shm__rosidl_typesupport_introspection_c.dir/rosidl_typesupport_introspection_c/shm/srv/detail/apply_force__type_support.c.o[0m
[ 58%] [32mBuilding C object CMakeFiles/shm__rosidl_typesupport_introspection_c.dir/rosidl_typesupport_introspection_c/shm/srv/detail/set_shm_params__type_support.c.o[0m
[ 58%] Built target shm__rosidl_typesupport_c
[ 60%] [32m[1mLinking C shared library libshm__rosidl_typesupport_introspection_c.so[0m
[ 60%] Built target shm__rosidl_typesupport_introspection_c
[ 63%] [32m[1mLinking CXX shared library libshm__rosidl_typesupport_fastrtps_cpp.so[0m
[ 65%] [32m[1mLinking CXX shared library libshm__rosidl_typesupport_cpp.so[0m
[ 68%] [32m[1mLinking CXX shared library libshm__rosidl_typesupport_introspection_cpp.so[0m
[ 68%] Built target shm__rosidl_typesupport_cpp
[ 70%] [32m[1mLinking CXX shared library libshm__rosidl_typesupport_fastrtps_c.so[0m
[ 70%] Built target shm__rosidl_typesupport_fastrtps_cpp
[ 70%] Built target shm__rosidl_typesupport_introspection_cpp
[ 70%] Built target shm__rosidl_typesupport_fastrtps_c
[ 70%] Built target shm
[ 73%] [32mBuilding CXX object CMakeFiles/damped_shm_node.dir/src/spring.cpp.o[0m
[ 75%] [34m[1mGenerating Python code for ROS interfaces[0m
[ 75%] Built target shm__py
[ 78%] [32mBuilding C object CMakeFiles/shm__rosidl_generator_py.dir/rosidl_generator_py/shm/srv/_set_shm_params_s.c.o[0m
[ 80%] [32mBuilding C object CMakeFiles/shm__rosidl_generator_py.dir/rosidl_generator_py/shm/srv/_apply_force_s.c.o[0m
[ 82%] [32m[1mLinking C shared library rosidl_generator_py/shm/libshm__rosidl_generator_py.so[0m
[ 82%] Built target shm__rosidl_generator_py
[ 85%] [32mBuilding C object CMakeFiles/shm__rosidl_typesupport_fastrtps_c__pyext.dir/rosidl_generator_py/shm/_shm_s.ep.rosidl_typesupport_fastrtps_c.c.o[0m
[ 87%] [32mBuilding C object CMakeFiles/shm__rosidl_typesupport_introspection_c__pyext.dir/rosidl_generator_py/shm/_shm_s.ep.rosidl_typesupport_introspection_c.c.o[0m
[ 90%] [32mBuilding C object CMakeFiles/shm__rosidl_typesupport_c__pyext.dir/rosidl_generator_py/shm/_shm_s.ep.rosidl_typesupport_c.c.o[0m
[ 92%] [32m[1mLinking C shared library rosidl_generator_py/shm/shm_s__rosidl_typesupport_c.cpython-310-x86_64-linux-gnu.so[0m
[ 95%] [32m[1mLinking C shared library rosidl_generator_py/shm/shm_s__rosidl_typesupport_fastrtps_c.cpython-310-x86_64-linux-gnu.so[0m
[ 97%] [32m[1mLinking C shared library rosidl_generator_py/shm/shm_s__rosidl_typesupport_introspection_c.cpython-310-x86_64-linux-gnu.so[0m
[ 97%] Built target shm__rosidl_typesupport_introspection_c__pyext
[ 97%] Built target shm__rosidl_typesupport_c__pyext
[ 97%] Built target shm__rosidl_typesupport_fastrtps_c__pyext
