[0.007s] Invoking command in '/home/pratik/IITB_RacingTeam/AISD_Module/shm_visualization_Checkpoint1/build/shm': CMAKE_PREFIX_PATH=${CMAKE_PREFIX_PATH}:/opt/ros/humble /usr/bin/cmake /home/pratik/IITB_RacingTeam/AISD_Module/shm_visualization_Checkpoint1/shm -DCMAKE_INSTALL_PREFIX=/home/pratik/IITB_RacingTeam/AISD_Module/shm_visualization_Checkpoint1/install/shm
[0.015s] -- Found ament_cmake: 1.3.12 (/opt/ros/humble/share/ament_cmake/cmake)
[0.096s] -- Found rclcpp: 16.0.16 (/opt/ros/humble/share/rclcpp/cmake)
[0.110s] -- Found rosidl_generator_c: 3.1.7 (/opt/ros/humble/share/rosidl_generator_c/cmake)
[0.111s] -- Found rosidl_adapter: 3.1.7 (/opt/ros/humble/share/rosidl_adapter/cmake)
[0.114s] -- Found rosidl_generator_cpp: 3.1.7 (/opt/ros/humble/share/rosidl_generator_cpp/cmake)
[0.118s] -- Using all available rosidl_typesupport_c: rosidl_typesupport_fastrtps_c;rosidl_typesupport_introspection_c
[0.125s] -- Using all available rosidl_typesupport_cpp: rosidl_typesupport_fastrtps_cpp;rosidl_typesupport_introspection_cpp
[0.141s] -- Found rmw_implementation_cmake: 6.1.2 (/opt/ros/humble/share/rmw_implementation_cmake/cmake)
[0.141s] -- Found rmw_fastrtps_cpp: 6.2.9 (/opt/ros/humble/share/rmw_fastrtps_cpp/cmake)
[0.206s] -- Using RMW implementation 'rmw_fastrtps_cpp' as default
[0.231s] -- Found visualization_msgs: 4.9.0 (/opt/ros/humble/share/visualization_msgs/cmake)
[0.256s] -- Found rosidl_default_generators: 1.2.0 (/opt/ros/humble/share/rosidl_default_generators/cmake)
[0.428s] -- Found ament_cmake_ros: 0.10.0 (/opt/ros/humble/share/ament_cmake_ros/cmake)
[0.619s] -- Using all available rosidl_typesupport_c: rosidl_typesupport_fastrtps_c;rosidl_typesupport_introspection_c
[0.689s] -- Using all available rosidl_typesupport_cpp: rosidl_typesupport_fastrtps_cpp;rosidl_typesupport_introspection_cpp
[0.706s] -- Found python_cmake_module: 0.10.0 (/opt/ros/humble/share/python_cmake_module/cmake)
[0.729s] -- Using PYTHON_EXECUTABLE: /usr/bin/python3
[0.729s] -- Using PYTHON_INCLUDE_DIRS: /usr/include/python3.10
[0.729s] -- Using PYTHON_LIBRARIES: /usr/lib/x86_64-linux-gnu/libpython3.10.so
[0.742s] [0mCMake Deprecation Warning at /opt/ros/humble/share/rosidl_cmake/cmake/rosidl_target_interfaces.cmake:32 (message):
[0.742s]   Use rosidl_get_typesupport_target() and target_link_libraries() instead of
[0.742s]   rosidl_target_interfaces()
[0.742s] Call Stack (most recent call first):
[0.742s]   CMakeLists.txt:36 (rosidl_target_interfaces)
[0.742s] 
[0.742s] [0m
[0.744s] -- Configuring done
[0.760s] -- Generating done
[0.766s] -- Build files have been written to: /home/pratik/IITB_RacingTeam/AISD_Module/shm_visualization_Checkpoint1/build/shm
[0.772s] Invoked command in '/home/pratik/IITB_RacingTeam/AISD_Module/shm_visualization_Checkpoint1/build/shm' returned '0': CMAKE_PREFIX_PATH=${CMAKE_PREFIX_PATH}:/opt/ros/humble /usr/bin/cmake /home/pratik/IITB_RacingTeam/AISD_Module/shm_visualization_Checkpoint1/shm -DCMAKE_INSTALL_PREFIX=/home/pratik/IITB_RacingTeam/AISD_Module/shm_visualization_Checkpoint1/install/shm
[0.772s] Invoking command in '/home/pratik/IITB_RacingTeam/AISD_Module/shm_visualization_Checkpoint1/build/shm': CMAKE_PREFIX_PATH=${CMAKE_PREFIX_PATH}:/opt/ros/humble /usr/bin/cmake --build /home/pratik/IITB_RacingTeam/AISD_Module/shm_visualization_Checkpoint1/build/shm -- -j20 -l20
[0.806s] [  2%] [34m[1mGenerating C code for ROS interfaces[0m
[0.817s] [  4%] [34m[1mGenerating C++ code for ROS interfaces[0m
[0.823s] [  4%] Built target ament_cmake_python_copy_shm
[0.941s] running egg_info
[0.941s] creating shm.egg-info
[0.941s] writing shm.egg-info/PKG-INFO
[0.941s] writing dependency_links to shm.egg-info/dependency_links.txt
[0.941s] writing top-level names to shm.egg-info/top_level.txt
[0.941s] writing manifest file 'shm.egg-info/SOURCES.txt'
[0.942s] reading manifest file 'shm.egg-info/SOURCES.txt'
[0.942s] writing manifest file 'shm.egg-info/SOURCES.txt'
[0.960s] [  4%] Built target ament_cmake_python_build_shm_egg
[1.001s] [  9%] [32mBuilding C object CMakeFiles/shm__rosidl_generator_c.dir/rosidl_generator_c/shm/srv/detail/set_shm_params__functions.c.o[0m
[1.001s] [  9%] [32mBuilding C object CMakeFiles/shm__rosidl_generator_c.dir/rosidl_generator_c/shm/srv/detail/apply_force__functions.c.o[0m
[1.009s] [  9%] Built target shm__cpp
[1.017s] [ 12%] [34m[1mGenerating C++ type support dispatch for ROS interfaces[0m
[1.017s] [ 17%] [34m[1mGenerating C++ introspection for ROS interfaces[0m
[1.017s] [ 17%] [34m[1mGenerating C++ type support for eProsima Fast-RTPS[0m
[1.034s] [ 19%] [32m[1mLinking C shared library libshm__rosidl_generator_c.so[0m
[1.057s] [ 19%] Built target shm__rosidl_generator_c
[1.063s] [ 21%] [34m[1mGenerating C introspection for ROS interfaces[0m
[1.064s] [ 26%] [34m[1mGenerating C type support dispatch for ROS interfaces[0m
[1.064s] [ 24%] [34m[1mGenerating C type support for eProsima Fast-RTPS[0m
[1.188s] [ 31%] [32mBuilding CXX object CMakeFiles/shm__rosidl_typesupport_cpp.dir/rosidl_typesupport_cpp/shm/srv/set_shm_params__type_support.cpp.o[0m
[1.188s] [ 31%] [32mBuilding CXX object CMakeFiles/shm__rosidl_typesupport_cpp.dir/rosidl_typesupport_cpp/shm/srv/apply_force__type_support.cpp.o[0m
[1.195s] [ 34%] [32mBuilding CXX object CMakeFiles/shm__rosidl_typesupport_introspection_cpp.dir/rosidl_typesupport_introspection_cpp/shm/srv/detail/apply_force__type_support.cpp.o[0m
[1.196s] [ 36%] [32mBuilding CXX object CMakeFiles/shm__rosidl_typesupport_introspection_cpp.dir/rosidl_typesupport_introspection_cpp/shm/srv/detail/set_shm_params__type_support.cpp.o[0m
[1.210s] [ 39%] [32mBuilding CXX object CMakeFiles/shm__rosidl_typesupport_fastrtps_cpp.dir/rosidl_typesupport_fastrtps_cpp/shm/srv/detail/dds_fastrtps/set_shm_params__type_support.cpp.o[0m
[1.211s] [ 41%] [32mBuilding CXX object CMakeFiles/shm__rosidl_typesupport_fastrtps_cpp.dir/rosidl_typesupport_fastrtps_cpp/shm/srv/detail/dds_fastrtps/apply_force__type_support.cpp.o[0m
[1.239s] [ 46%] [32mBuilding CXX object CMakeFiles/shm__rosidl_typesupport_c.dir/rosidl_typesupport_c/shm/srv/apply_force__type_support.cpp.o[0m
[1.239s] [ 46%] [32mBuilding CXX object CMakeFiles/shm__rosidl_typesupport_c.dir/rosidl_typesupport_c/shm/srv/set_shm_params__type_support.cpp.o[0m
[1.262s] [ 51%] [32mBuilding CXX object CMakeFiles/shm__rosidl_typesupport_fastrtps_c.dir/rosidl_typesupport_fastrtps_c/shm/srv/detail/set_shm_params__type_support_c.cpp.o[0m
[1.262s] [ 51%] [32mBuilding CXX object CMakeFiles/shm__rosidl_typesupport_fastrtps_c.dir/rosidl_typesupport_fastrtps_c/shm/srv/detail/apply_force__type_support_c.cpp.o[0m
[1.267s] [ 53%] [32m[1mLinking CXX shared library libshm__rosidl_typesupport_c.so[0m
[1.283s] [ 56%] [32mBuilding C object CMakeFiles/shm__rosidl_typesupport_introspection_c.dir/rosidl_typesupport_introspection_c/shm/srv/detail/apply_force__type_support.c.o[0m
[1.285s] [ 58%] [32mBuilding C object CMakeFiles/shm__rosidl_typesupport_introspection_c.dir/rosidl_typesupport_introspection_c/shm/srv/detail/set_shm_params__type_support.c.o[0m
[1.295s] [ 58%] Built target shm__rosidl_typesupport_c
[1.312s] [ 60%] [32m[1mLinking C shared library libshm__rosidl_typesupport_introspection_c.so[0m
[1.337s] [ 60%] Built target shm__rosidl_typesupport_introspection_c
[1.444s] [ 63%] [32m[1mLinking CXX shared library libshm__rosidl_typesupport_fastrtps_cpp.so[0m
[1.445s] [ 65%] [32m[1mLinking CXX shared library libshm__rosidl_typesupport_cpp.so[0m
[1.459s] [ 68%] [32m[1mLinking CXX shared library libshm__rosidl_typesupport_introspection_cpp.so[0m
[1.474s] [ 68%] Built target shm__rosidl_typesupport_cpp
[1.487s] [ 70%] [32m[1mLinking CXX shared library libshm__rosidl_typesupport_fastrtps_c.so[0m
[1.487s] [ 70%] Built target shm__rosidl_typesupport_fastrtps_cpp
[1.496s] [ 70%] Built target shm__rosidl_typesupport_introspection_cpp
[1.535s] [ 70%] Built target shm__rosidl_typesupport_fastrtps_c
[1.554s] [ 70%] Built target shm
[1.569s] [ 73%] [32mBuilding CXX object CMakeFiles/damped_shm_node.dir/src/spring.cpp.o[0m
[1.573s] [ 75%] [34m[1mGenerating Python code for ROS interfaces[0m
[1.832s] [ 75%] Built target shm__py
[1.846s] [ 78%] [32mBuilding C object CMakeFiles/shm__rosidl_generator_py.dir/rosidl_generator_py/shm/srv/_set_shm_params_s.c.o[0m
[1.847s] [ 80%] [32mBuilding C object CMakeFiles/shm__rosidl_generator_py.dir/rosidl_generator_py/shm/srv/_apply_force_s.c.o[0m
[1.906s] [ 82%] [32m[1mLinking C shared library rosidl_generator_py/shm/libshm__rosidl_generator_py.so[0m
[1.935s] [ 82%] Built target shm__rosidl_generator_py
[1.948s] [ 85%] [32mBuilding C object CMakeFiles/shm__rosidl_typesupport_fastrtps_c__pyext.dir/rosidl_generator_py/shm/_shm_s.ep.rosidl_typesupport_fastrtps_c.c.o[0m
[1.949s] [ 87%] [32mBuilding C object CMakeFiles/shm__rosidl_typesupport_introspection_c__pyext.dir/rosidl_generator_py/shm/_shm_s.ep.rosidl_typesupport_introspection_c.c.o[0m
[1.951s] [ 90%] [32mBuilding C object CMakeFiles/shm__rosidl_typesupport_c__pyext.dir/rosidl_generator_py/shm/_shm_s.ep.rosidl_typesupport_c.c.o[0m
[2.003s] [ 92%] [32m[1mLinking C shared library rosidl_generator_py/shm/shm_s__rosidl_typesupport_c.cpython-310-x86_64-linux-gnu.so[0m
[2.003s] [ 95%] [32m[1mLinking C shared library rosidl_generator_py/shm/shm_s__rosidl_typesupport_fastrtps_c.cpython-310-x86_64-linux-gnu.so[0m
[2.003s] [ 97%] [32m[1mLinking C shared library rosidl_generator_py/shm/shm_s__rosidl_typesupport_introspection_c.cpython-310-x86_64-linux-gnu.so[0m
[2.026s] [ 97%] Built target shm__rosidl_typesupport_introspection_c__pyext
[2.026s] [ 97%] Built target shm__rosidl_typesupport_c__pyext
[2.026s] [ 97%] Built target shm__rosidl_typesupport_fastrtps_c__pyext
[2.753s] [01m[K/home/pratik/IITB_RacingTeam/AISD_Module/shm_visualization_Checkpoint1/shm/src/spring.cpp:[m[K In constructor ‘[01m[KDampedSHM::DampedSHM()[m[K’:
[2.754s] [01m[K/home/pratik/IITB_RacingTeam/AISD_Module/shm_visualization_Checkpoint1/shm/src/spring.cpp:43:54:[m[K [01;31m[Kerror: [m[K‘[01m[K_1[m[K’ was not declared in this scope; did you mean ‘[01m[Kstd::placeholders::_1[m[K’?
[2.754s]    43 |       std::bind(&DampedSHM::setParamsCallback, this, [01;31m[K_1[m[K, _2));
[2.754s]       |                                                      [01;31m[K^~[m[K
[2.754s]       |                                                      [32m[Kstd::placeholders::_1[m[K
[2.754s] In file included from [01m[K/usr/include/c++/11/pstl/glue_algorithm_defs.h:13[m[K,
[2.754s]                  from [01m[K/usr/include/c++/11/algorithm:74[m[K,
[2.754s]                  from [01m[K/opt/ros/humble/include/rclcpp/rclcpp/executor.hpp:18[m[K,
[2.754s]                  from [01m[K/opt/ros/humble/include/rclcpp/rclcpp/executors/multi_threaded_executor.hpp:25[m[K,
[2.754s]                  from [01m[K/opt/ros/humble/include/rclcpp/rclcpp/executors.hpp:21[m[K,
[2.754s]                  from [01m[K/opt/ros/humble/include/rclcpp/rclcpp/rclcpp.hpp:155[m[K,
[2.754s]                  from [01m[K/home/pratik/IITB_RacingTeam/AISD_Module/shm_visualization_Checkpoint1/shm/src/spring.cpp:1[m[K:
[2.754s] [01m[K/usr/include/c++/11/functional:225:34:[m[K [01;36m[Knote: [m[K‘[01m[Kstd::placeholders::_1[m[K’ declared here
[2.754s]   225 |     extern const _Placeholder<1> [01;36m[K_1[m[K;
[2.754s]       |                                  [01;36m[K^~[m[K
[2.754s] [01m[K/home/pratik/IITB_RacingTeam/AISD_Module/shm_visualization_Checkpoint1/shm/src/spring.cpp:43:58:[m[K [01;31m[Kerror: [m[K‘[01m[K_2[m[K’ was not declared in this scope; did you mean ‘[01m[Kstd::placeholders::_2[m[K’?
[2.754s]    43 |       std::bind(&DampedSHM::setParamsCallback, this, _1, [01;31m[K_2[m[K));
[2.754s]       |                                                          [01;31m[K^~[m[K
[2.755s]       |                                                          [32m[Kstd::placeholders::_2[m[K
[2.755s] In file included from [01m[K/usr/include/c++/11/pstl/glue_algorithm_defs.h:13[m[K,
[2.755s]                  from [01m[K/usr/include/c++/11/algorithm:74[m[K,
[2.755s]                  from [01m[K/opt/ros/humble/include/rclcpp/rclcpp/executor.hpp:18[m[K,
[2.755s]                  from [01m[K/opt/ros/humble/include/rclcpp/rclcpp/executors/multi_threaded_executor.hpp:25[m[K,
[2.755s]                  from [01m[K/opt/ros/humble/include/rclcpp/rclcpp/executors.hpp:21[m[K,
[2.755s]                  from [01m[K/opt/ros/humble/include/rclcpp/rclcpp/rclcpp.hpp:155[m[K,
[2.755s]                  from [01m[K/home/pratik/IITB_RacingTeam/AISD_Module/shm_visualization_Checkpoint1/shm/src/spring.cpp:1[m[K:
[2.755s] [01m[K/usr/include/c++/11/functional:226:34:[m[K [01;36m[Knote: [m[K‘[01m[Kstd::placeholders::_2[m[K’ declared here
[2.755s]   226 |     extern const _Placeholder<2> [01;36m[K_2[m[K;
[2.755s]       |                                  [01;36m[K^~[m[K
[3.269s] gmake[2]: *** [CMakeFiles/damped_shm_node.dir/build.make:76: CMakeFiles/damped_shm_node.dir/src/spring.cpp.o] Error 1
[3.269s] gmake[1]: *** [CMakeFiles/Makefile2:594: CMakeFiles/damped_shm_node.dir/all] Error 2
[3.269s] gmake: *** [Makefile:146: all] Error 2
[3.271s] Invoked command in '/home/pratik/IITB_RacingTeam/AISD_Module/shm_visualization_Checkpoint1/build/shm' returned '2': CMAKE_PREFIX_PATH=${CMAKE_PREFIX_PATH}:/opt/ros/humble /usr/bin/cmake --build /home/pratik/IITB_RacingTeam/AISD_Module/shm_visualization_Checkpoint1/build/shm -- -j20 -l20
