[0.006s] Invoking command in '/home/pratik/IITB_RacingTeam/AISD_Module/shm_visualization_Checkpoint1/shm/build/shm': CMAKE_PREFIX_PATH=/opt/ros/humble /usr/bin/cmake --build /home/pratik/IITB_RacingTeam/AISD_Module/shm_visualization_Checkpoint1/shm/build/shm -- -j20 -l20
[0.020s] -- Found ament_cmake: 1.3.12 (/opt/ros/humble/share/ament_cmake/cmake)
[0.091s] -- Found rclcpp: 16.0.16 (/opt/ros/humble/share/rclcpp/cmake)
[0.105s] -- Found rosidl_generator_c: 3.1.7 (/opt/ros/humble/share/rosidl_generator_c/cmake)
[0.106s] -- Found rosidl_adapter: 3.1.7 (/opt/ros/humble/share/rosidl_adapter/cmake)
[0.109s] -- Found rosidl_generator_cpp: 3.1.7 (/opt/ros/humble/share/rosidl_generator_cpp/cmake)
[0.113s] -- Using all available rosidl_typesupport_c: rosidl_typesupport_fastrtps_c;rosidl_typesupport_introspection_c
[0.119s] -- Using all available rosidl_typesupport_cpp: rosidl_typesupport_fastrtps_cpp;rosidl_typesupport_introspection_cpp
[0.135s] -- Found rmw_implementation_cmake: 6.1.2 (/opt/ros/humble/share/rmw_implementation_cmake/cmake)
[0.136s] -- Found rmw_fastrtps_cpp: 6.2.9 (/opt/ros/humble/share/rmw_fastrtps_cpp/cmake)
[0.198s] -- Using RMW implementation 'rmw_fastrtps_cpp' as default
[0.227s] -- Found visualization_msgs: 4.9.0 (/opt/ros/humble/share/visualization_msgs/cmake)
[0.251s] -- Found rosidl_default_generators: 1.2.0 (/opt/ros/humble/share/rosidl_default_generators/cmake)
[0.414s] -- Found ament_cmake_ros: 0.10.0 (/opt/ros/humble/share/ament_cmake_ros/cmake)
[0.590s] -- Using all available rosidl_typesupport_c: rosidl_typesupport_fastrtps_c;rosidl_typesupport_introspection_c
[0.674s] -- Using all available rosidl_typesupport_cpp: rosidl_typesupport_fastrtps_cpp;rosidl_typesupport_introspection_cpp
[0.689s] -- Found python_cmake_module: 0.10.0 (/opt/ros/humble/share/python_cmake_module/cmake)
[0.713s] -- Using PYTHON_EXECUTABLE: /usr/bin/python3
[0.713s] -- Using PYTHON_INCLUDE_DIRS: /usr/include/python3.10
[0.714s] -- Using PYTHON_LIBRARIES: /usr/lib/x86_64-linux-gnu/libpython3.10.so
[0.723s] [31mCMake Error at CMakeLists.txt:24 (add_executable):
[0.724s]   add_executable cannot create target "shm" because another target with the
[0.724s]   same name already exists.  The existing target is a custom target created
[0.724s]   in source directory
[0.724s]   "/home/pratik/IITB_RacingTeam/AISD_Module/shm_visualization_Checkpoint1/shm".
[0.724s]   See documentation for policy CMP0002 for more details.
[0.724s] 
[0.724s] [0m
[0.724s] [31mCMake Error at /opt/ros/humble/share/ament_cmake_target_dependencies/cmake/ament_target_dependencies.cmake:128 (target_compile_definitions):
[0.725s]   target_compile_definitions called with non-compilable target type
[0.725s] Call Stack (most recent call first):
[0.725s]   CMakeLists.txt:26 (ament_target_dependencies)
[0.725s] 
[0.725s] [0m
[0.725s] [31mCMake Error at /opt/ros/humble/share/ament_cmake_target_dependencies/cmake/ament_target_dependencies.cmake:141 (target_include_directories):
[0.725s]   target_include_directories called with non-compilable target type
[0.725s] Call Stack (most recent call first):
[0.725s]   CMakeLists.txt:26 (ament_target_dependencies)
[0.725s] 
[0.725s] [0m
[0.725s] [31mCMake Error at /opt/ros/humble/share/ament_cmake_target_dependencies/cmake/ament_target_dependencies.cmake:145 (target_link_libraries):
[0.725s]   Utility target "shm" must not be used as the target of a
[0.725s]   target_link_libraries call.
[0.726s] Call Stack (most recent call first):
[0.726s]   CMakeLists.txt:26 (ament_target_dependencies)
[0.726s] 
[0.726s] [0m
[0.726s] [31mCMake Error at /opt/ros/humble/share/ament_cmake_target_dependencies/cmake/ament_target_dependencies.cmake:147 (target_include_directories):
[0.726s]   target_include_directories called with non-compilable target type
[0.726s] Call Stack (most recent call first):
[0.726s]   CMakeLists.txt:26 (ament_target_dependencies)
[0.726s] 
[0.726s] [0m
[0.726s] [31mCMake Error at /opt/ros/humble/share/ament_cmake_target_dependencies/cmake/ament_target_dependencies.cmake:151 (target_link_libraries):
[0.726s]   Utility target "shm" must not be used as the target of a
[0.726s]   target_link_libraries call.
[0.726s] Call Stack (most recent call first):
[0.726s]   CMakeLists.txt:26 (ament_target_dependencies)
[0.726s] 
[0.726s] [0m
[0.726s] [0mCMake Deprecation Warning at /opt/ros/humble/share/rosidl_cmake/cmake/rosidl_target_interfaces.cmake:32 (message):
[0.726s]   Use rosidl_get_typesupport_target() and target_link_libraries() instead of
[0.726s]   rosidl_target_interfaces()
[0.727s] Call Stack (most recent call first):
[0.727s]   CMakeLists.txt:33 (rosidl_target_interfaces)
[0.727s] 
[0.727s] [0m
[0.727s] [31mCMake Error at /opt/ros/humble/share/rosidl_cmake/cmake/rosidl_target_interfaces.cmake:58 (target_link_libraries):
[0.727s]   Utility target "shm" must not be used as the target of a
[0.727s]   target_link_libraries call.
[0.727s] Call Stack (most recent call first):
[0.727s]   CMakeLists.txt:33 (rosidl_target_interfaces)
[0.727s] 
[0.727s] [0m
[0.727s] [31mCMake Error at CMakeLists.txt:38 (install):
[0.727s]   install TARGETS given target "shm" which is not an executable, library, or
[0.727s]   module.
[0.727s] 
[0.727s] [0m
[0.727s] -- Configuring incomplete, errors occurred!
[0.727s] See also "/home/pratik/IITB_RacingTeam/AISD_Module/shm_visualization_Checkpoint1/shm/build/shm/CMakeFiles/CMakeOutput.log".
[0.731s] gmake: *** [Makefile:267: cmake_check_build_system] Error 1
[0.733s] Invoked command in '/home/pratik/IITB_RacingTeam/AISD_Module/shm_visualization_Checkpoint1/shm/build/shm' returned '2': CMAKE_PREFIX_PATH=/opt/ros/humble /usr/bin/cmake --build /home/pratik/IITB_RacingTeam/AISD_Module/shm_visualization_Checkpoint1/shm/build/shm -- -j20 -l20
