[0.005s] Invoking command in '/home/pratik/IITB_RacingTeam/AISD_Module/shm_visualization_Checkpoint1/shm/build/shm': CMAKE_PREFIX_PATH=/opt/ros/humble /usr/bin/cmake /home/pratik/IITB_RacingTeam/AISD_Module/shm_visualization_Checkpoint1/shm -DCMAKE_INSTALL_PREFIX=/home/pratik/IITB_RacingTeam/AISD_Module/shm_visualization_Checkpoint1/shm/install/shm
[0.100s] -- The C compiler identification is GNU 11.4.0
[0.158s] -- The CXX compiler identification is GNU 11.4.0
[0.166s] -- Detecting C compiler ABI info
[0.235s] -- Detecting C compiler ABI info - done
[0.243s] -- Check for working C compiler: /usr/bin/cc - skipped
[0.245s] -- Detecting C compile features
[0.246s] -- Detecting C compile features - done
[0.252s] -- Detecting CXX compiler ABI info
[0.343s] -- Detecting CXX compiler ABI info - done
[0.346s] -- Check for working CXX compiler: /usr/bin/c++ - skipped
[0.347s] -- Detecting CXX compile features
[0.347s] -- Detecting CXX compile features - done
[0.351s] -- Found ament_cmake: 1.3.12 (/opt/ros/humble/share/ament_cmake/cmake)
[0.478s] -- Found Python3: /usr/bin/python3 (found version "3.10.12") found components: Interpreter 
[0.545s] -- Found rclcpp: 16.0.16 (/opt/ros/humble/share/rclcpp/cmake)
[0.592s] -- Found rosidl_generator_c: 3.1.7 (/opt/ros/humble/share/rosidl_generator_c/cmake)
[0.595s] -- Found rosidl_adapter: 3.1.7 (/opt/ros/humble/share/rosidl_adapter/cmake)
[0.601s] -- Found rosidl_generator_cpp: 3.1.7 (/opt/ros/humble/share/rosidl_generator_cpp/cmake)
[0.609s] -- Using all available rosidl_typesupport_c: rosidl_typesupport_fastrtps_c;rosidl_typesupport_introspection_c
[0.619s] -- Using all available rosidl_typesupport_cpp: rosidl_typesupport_fastrtps_cpp;rosidl_typesupport_introspection_cpp
[0.648s] -- Found rmw_implementation_cmake: 6.1.2 (/opt/ros/humble/share/rmw_implementation_cmake/cmake)
[0.650s] -- Found rmw_fastrtps_cpp: 6.2.9 (/opt/ros/humble/share/rmw_fastrtps_cpp/cmake)
[0.711s] -- Found OpenSSL: /usr/lib/x86_64-linux-gnu/libcrypto.so (found version "3.0.2")  
[0.730s] -- Found FastRTPS: /opt/ros/humble/include  
[0.761s] -- Using RMW implementation 'rmw_fastrtps_cpp' as default
[0.775s] -- Looking for pthread.h
[0.850s] -- Looking for pthread.h - found
[0.850s] -- Performing Test CMAKE_HAVE_LIBC_PTHREAD
[0.938s] -- Performing Test CMAKE_HAVE_LIBC_PTHREAD - Success
[0.940s] -- Found Threads: TRUE  
[0.992s] -- Found visualization_msgs: 4.9.0 (/opt/ros/humble/share/visualization_msgs/cmake)
[1.083s] -- Configuring done
[1.088s] -- Generating done
[1.090s] -- Build files have been written to: /home/pratik/IITB_RacingTeam/AISD_Module/shm_visualization_Checkpoint1/shm/build/shm
[1.096s] Invoked command in '/home/pratik/IITB_RacingTeam/AISD_Module/shm_visualization_Checkpoint1/shm/build/shm' returned '0': CMAKE_PREFIX_PATH=/opt/ros/humble /usr/bin/cmake /home/pratik/IITB_RacingTeam/AISD_Module/shm_visualization_Checkpoint1/shm -DCMAKE_INSTALL_PREFIX=/home/pratik/IITB_RacingTeam/AISD_Module/shm_visualization_Checkpoint1/shm/install/shm
[1.097s] Invoking command in '/home/pratik/IITB_RacingTeam/AISD_Module/shm_visualization_Checkpoint1/shm/build/shm': CMAKE_PREFIX_PATH=/opt/ros/humble /usr/bin/cmake --build /home/pratik/IITB_RacingTeam/AISD_Module/shm_visualization_Checkpoint1/shm/build/shm -- -j20 -l20
[1.135s] [ 50%] [32mBuilding CXX object CMakeFiles/shm.dir/src/spring.cpp.o[0m
[3.417s] [100%] [32m[1mLinking CXX executable shm[0m
[3.535s] [100%] Built target shm
[3.544s] Invoked command in '/home/pratik/IITB_RacingTeam/AISD_Module/shm_visualization_Checkpoint1/shm/build/shm' returned '0': CMAKE_PREFIX_PATH=/opt/ros/humble /usr/bin/cmake --build /home/pratik/IITB_RacingTeam/AISD_Module/shm_visualization_Checkpoint1/shm/build/shm -- -j20 -l20
[3.550s] Invoking command in '/home/pratik/IITB_RacingTeam/AISD_Module/shm_visualization_Checkpoint1/shm/build/shm': CMAKE_PREFIX_PATH=/opt/ros/humble /usr/bin/cmake --install /home/pratik/IITB_RacingTeam/AISD_Module/shm_visualization_Checkpoint1/shm/build/shm
[3.556s] -- Install configuration: ""
[3.557s] -- Installing: /home/pratik/IITB_RacingTeam/AISD_Module/shm_visualization_Checkpoint1/shm/install/shm/lib/shm/shm
[3.557s] -- Set runtime path of "/home/pratik/IITB_RacingTeam/AISD_Module/shm_visualization_Checkpoint1/shm/install/shm/lib/shm/shm" to ""
[3.557s] -- Installing: /home/pratik/IITB_RacingTeam/AISD_Module/shm_visualization_Checkpoint1/shm/install/shm/share/ament_index/resource_index/package_run_dependencies/shm
[3.558s] -- Installing: /home/pratik/IITB_RacingTeam/AISD_Module/shm_visualization_Checkpoint1/shm/install/shm/share/ament_index/resource_index/parent_prefix_path/shm
[3.558s] -- Installing: /home/pratik/IITB_RacingTeam/AISD_Module/shm_visualization_Checkpoint1/shm/install/shm/share/shm/environment/ament_prefix_path.sh
[3.558s] -- Installing: /home/pratik/IITB_RacingTeam/AISD_Module/shm_visualization_Checkpoint1/shm/install/shm/share/shm/environment/ament_prefix_path.dsv
[3.558s] -- Installing: /home/pratik/IITB_RacingTeam/AISD_Module/shm_visualization_Checkpoint1/shm/install/shm/share/shm/environment/path.sh
[3.558s] -- Installing: /home/pratik/IITB_RacingTeam/AISD_Module/shm_visualization_Checkpoint1/shm/install/shm/share/shm/environment/path.dsv
[3.558s] -- Installing: /home/pratik/IITB_RacingTeam/AISD_Module/shm_visualization_Checkpoint1/shm/install/shm/share/shm/local_setup.bash
[3.558s] -- Installing: /home/pratik/IITB_RacingTeam/AISD_Module/shm_visualization_Checkpoint1/shm/install/shm/share/shm/local_setup.sh
[3.558s] -- Installing: /home/pratik/IITB_RacingTeam/AISD_Module/shm_visualization_Checkpoint1/shm/install/shm/share/shm/local_setup.zsh
[3.558s] -- Installing: /home/pratik/IITB_RacingTeam/AISD_Module/shm_visualization_Checkpoint1/shm/install/shm/share/shm/local_setup.dsv
[3.558s] -- Installing: /home/pratik/IITB_RacingTeam/AISD_Module/shm_visualization_Checkpoint1/shm/install/shm/share/shm/package.dsv
[3.559s] -- Installing: /home/pratik/IITB_RacingTeam/AISD_Module/shm_visualization_Checkpoint1/shm/install/shm/share/ament_index/resource_index/packages/shm
[3.559s] -- Installing: /home/pratik/IITB_RacingTeam/AISD_Module/shm_visualization_Checkpoint1/shm/install/shm/share/shm/cmake/shmConfig.cmake
[3.559s] -- Installing: /home/pratik/IITB_RacingTeam/AISD_Module/shm_visualization_Checkpoint1/shm/install/shm/share/shm/cmake/shmConfig-version.cmake
[3.559s] -- Installing: /home/pratik/IITB_RacingTeam/AISD_Module/shm_visualization_Checkpoint1/shm/install/shm/share/shm/package.xml
[3.561s] Invoked command in '/home/pratik/IITB_RacingTeam/AISD_Module/shm_visualization_Checkpoint1/shm/build/shm' returned '0': CMAKE_PREFIX_PATH=/opt/ros/humble /usr/bin/cmake --install /home/pratik/IITB_RacingTeam/AISD_Module/shm_visualization_Checkpoint1/shm/build/shm
