[0.050s] DEBUG:colcon:Command line arguments: ['/usr/bin/colcon', 'build']
[0.050s] DEBUG:colcon:Parsed command line arguments: Namespace(log_base=None, log_level=None, verb_name='build', build_base='build', install_base='install', merge_install=False, symlink_install=False, test_result_base=None, continue_on_error=False, executor='parallel', parallel_workers=20, event_handlers=None, ignore_user_meta=False, metas=['./colcon.meta'], base_paths=['.'], packages_ignore=None, packages_ignore_regex=None, paths=None, packages_up_to=None, packages_up_to_regex=None, packages_above=None, packages_above_and_dependencies=None, packages_above_depth=None, packages_select_by_dep=None, packages_skip_by_dep=None, packages_skip_up_to=None, packages_select_build_failed=False, packages_skip_build_finished=False, packages_select_test_failures=False, packages_skip_test_passed=False, packages_select=None, packages_skip=None, packages_select_regex=None, packages_skip_regex=None, packages_start=None, packages_end=None, allow_overriding=[], cmake_args=None, cmake_target=None, cmake_target_skip_unavailable=False, cmake_clean_cache=False, cmake_clean_first=False, cmake_force_configure=False, ament_cmake_args=None, catkin_cmake_args=None, catkin_skip_building_tests=False, verb_parser=<colcon_defaults.argument_parser.defaults.DefaultArgumentsDecorator object at 0x79930d5f8400>, verb_extension=<colcon_core.verb.build.BuildVerb object at 0x79930d755ea0>, main=<bound method BuildVerb.main of <colcon_core.verb.build.BuildVerb object at 0x79930d755ea0>>)
[0.124s] Level 1:colcon.colcon_core.package_discovery:discover_packages(colcon_meta) check parameters
[0.124s] Level 1:colcon.colcon_core.package_discovery:discover_packages(recursive) check parameters
[0.124s] Level 1:colcon.colcon_core.package_discovery:discover_packages(ignore) check parameters
[0.124s] Level 1:colcon.colcon_core.package_discovery:discover_packages(path) check parameters
[0.124s] Level 1:colcon.colcon_core.package_discovery:discover_packages(colcon_meta) discover
[0.124s] Level 1:colcon.colcon_core.package_discovery:discover_packages(recursive) discover
[0.124s] INFO:colcon.colcon_core.package_discovery:Crawling recursively for packages in '/home/pratik/IITB_RacingTeam/AISD_Module/shm_visualization_Checkpoint1'
[0.124s] Level 1:colcon.colcon_core.package_identification:_identify(.) by extensions ['ignore', 'ignore_ament_install']
[0.124s] Level 1:colcon.colcon_core.package_identification:_identify(.) by extension 'ignore'
[0.125s] Level 1:colcon.colcon_core.package_identification:_identify(.) by extension 'ignore_ament_install'
[0.125s] Level 1:colcon.colcon_core.package_identification:_identify(.) by extensions ['colcon_pkg']
[0.125s] Level 1:colcon.colcon_core.package_identification:_identify(.) by extension 'colcon_pkg'
[0.125s] Level 1:colcon.colcon_core.package_identification:_identify(.) by extensions ['colcon_meta']
[0.125s] Level 1:colcon.colcon_core.package_identification:_identify(.) by extension 'colcon_meta'
[0.125s] Level 1:colcon.colcon_core.package_identification:_identify(.) by extensions ['ros']
[0.125s] Level 1:colcon.colcon_core.package_identification:_identify(.) by extension 'ros'
[0.144s] Level 1:colcon.colcon_core.package_identification:_identify(.) by extensions ['cmake', 'python']
[0.144s] Level 1:colcon.colcon_core.package_identification:_identify(.) by extension 'cmake'
[0.144s] Level 1:colcon.colcon_core.package_identification:_identify(.) by extension 'python'
[0.144s] Level 1:colcon.colcon_core.package_identification:_identify(.) by extensions ['python_setup_py']
[0.144s] Level 1:colcon.colcon_core.package_identification:_identify(.) by extension 'python_setup_py'
[0.145s] Level 1:colcon.colcon_core.package_identification:_identify(ScreenCast) by extensions ['ignore', 'ignore_ament_install']
[0.145s] Level 1:colcon.colcon_core.package_identification:_identify(ScreenCast) by extension 'ignore'
[0.145s] Level 1:colcon.colcon_core.package_identification:_identify(ScreenCast) by extension 'ignore_ament_install'
[0.145s] Level 1:colcon.colcon_core.package_identification:_identify(ScreenCast) by extensions ['colcon_pkg']
[0.145s] Level 1:colcon.colcon_core.package_identification:_identify(ScreenCast) by extension 'colcon_pkg'
[0.145s] Level 1:colcon.colcon_core.package_identification:_identify(ScreenCast) by extensions ['colcon_meta']
[0.145s] Level 1:colcon.colcon_core.package_identification:_identify(ScreenCast) by extension 'colcon_meta'
[0.145s] Level 1:colcon.colcon_core.package_identification:_identify(ScreenCast) by extensions ['ros']
[0.145s] Level 1:colcon.colcon_core.package_identification:_identify(ScreenCast) by extension 'ros'
[0.145s] Level 1:colcon.colcon_core.package_identification:_identify(ScreenCast) by extensions ['cmake', 'python']
[0.145s] Level 1:colcon.colcon_core.package_identification:_identify(ScreenCast) by extension 'cmake'
[0.145s] Level 1:colcon.colcon_core.package_identification:_identify(ScreenCast) by extension 'python'
[0.145s] Level 1:colcon.colcon_core.package_identification:_identify(ScreenCast) by extensions ['python_setup_py']
[0.145s] Level 1:colcon.colcon_core.package_identification:_identify(ScreenCast) by extension 'python_setup_py'
[0.145s] Level 1:colcon.colcon_core.package_identification:_identify(build) by extensions ['ignore', 'ignore_ament_install']
[0.145s] Level 1:colcon.colcon_core.package_identification:_identify(build) by extension 'ignore'
[0.145s] Level 1:colcon.colcon_core.package_identification:_identify(build) ignored
[0.145s] Level 1:colcon.colcon_core.package_identification:_identify(install) by extensions ['ignore', 'ignore_ament_install']
[0.145s] Level 1:colcon.colcon_core.package_identification:_identify(install) by extension 'ignore'
[0.145s] Level 1:colcon.colcon_core.package_identification:_identify(install) ignored
[0.145s] Level 1:colcon.colcon_core.package_identification:_identify(log) by extensions ['ignore', 'ignore_ament_install']
[0.145s] Level 1:colcon.colcon_core.package_identification:_identify(log) by extension 'ignore'
[0.145s] Level 1:colcon.colcon_core.package_identification:_identify(log) ignored
[0.145s] Level 1:colcon.colcon_core.package_identification:_identify(shm) by extensions ['ignore', 'ignore_ament_install']
[0.145s] Level 1:colcon.colcon_core.package_identification:_identify(shm) by extension 'ignore'
[0.145s] Level 1:colcon.colcon_core.package_identification:_identify(shm) by extension 'ignore_ament_install'
[0.145s] Level 1:colcon.colcon_core.package_identification:_identify(shm) by extensions ['colcon_pkg']
[0.145s] Level 1:colcon.colcon_core.package_identification:_identify(shm) by extension 'colcon_pkg'
[0.145s] Level 1:colcon.colcon_core.package_identification:_identify(shm) by extensions ['colcon_meta']
[0.145s] Level 1:colcon.colcon_core.package_identification:_identify(shm) by extension 'colcon_meta'
[0.145s] Level 1:colcon.colcon_core.package_identification:_identify(shm) by extensions ['ros']
[0.145s] Level 1:colcon.colcon_core.package_identification:_identify(shm) by extension 'ros'
[0.147s] DEBUG:colcon.colcon_core.package_identification:Package 'shm' with type 'ros.ament_cmake' and name 'shm'
[0.147s] Level 1:colcon.colcon_core.package_discovery:discover_packages(recursive) using defaults
[0.147s] Level 1:colcon.colcon_core.package_discovery:discover_packages(ignore) discover
[0.147s] Level 1:colcon.colcon_core.package_discovery:discover_packages(ignore) using defaults
[0.147s] Level 1:colcon.colcon_core.package_discovery:discover_packages(path) discover
[0.147s] Level 1:colcon.colcon_core.package_discovery:discover_packages(path) using defaults
[0.157s] Level 1:colcon.colcon_core.package_discovery:discover_packages(prefix_path) check parameters
[0.157s] Level 1:colcon.colcon_core.package_discovery:discover_packages(prefix_path) discover
[0.157s] DEBUG:colcon.colcon_installed_package_information.package_discovery:Found 1 installed packages in /home/pratik/IITB_RacingTeam/AISD_Module/shm_visualization_Checkpoint1/install
[0.158s] DEBUG:colcon.colcon_installed_package_information.package_discovery:Found 1 installed packages in /home/pratik/IITB_RacingTeam/AISD_Module/shm_visualization_Checkpoint1/shm/install
[0.158s] DEBUG:colcon.colcon_installed_package_information.package_discovery:Found 0 installed packages in /home/pratik/IITB_RacingTeam/AISD_Module/shm_visualization_Checkpoint1/shm/src/install
[0.158s] DEBUG:colcon.colcon_installed_package_information.package_discovery:Found 323 installed packages in /opt/ros/humble
[0.159s] Level 1:colcon.colcon_core.package_discovery:discover_packages(prefix_path) using defaults
[0.178s] Level 5:colcon.colcon_core.verb:set package 'shm' build argument 'cmake_args' from command line to 'None'
[0.178s] Level 5:colcon.colcon_core.verb:set package 'shm' build argument 'cmake_target' from command line to 'None'
[0.178s] Level 5:colcon.colcon_core.verb:set package 'shm' build argument 'cmake_target_skip_unavailable' from command line to 'False'
[0.178s] Level 5:colcon.colcon_core.verb:set package 'shm' build argument 'cmake_clean_cache' from command line to 'False'
[0.178s] Level 5:colcon.colcon_core.verb:set package 'shm' build argument 'cmake_clean_first' from command line to 'False'
[0.178s] Level 5:colcon.colcon_core.verb:set package 'shm' build argument 'cmake_force_configure' from command line to 'False'
[0.178s] Level 5:colcon.colcon_core.verb:set package 'shm' build argument 'ament_cmake_args' from command line to 'None'
[0.178s] Level 5:colcon.colcon_core.verb:set package 'shm' build argument 'catkin_cmake_args' from command line to 'None'
[0.178s] Level 5:colcon.colcon_core.verb:set package 'shm' build argument 'catkin_skip_building_tests' from command line to 'False'
[0.178s] DEBUG:colcon.colcon_core.verb:Building package 'shm' with the following arguments: {'ament_cmake_args': None, 'build_base': '/home/pratik/IITB_RacingTeam/AISD_Module/shm_visualization_Checkpoint1/build/shm', 'catkin_cmake_args': None, 'catkin_skip_building_tests': False, 'cmake_args': None, 'cmake_clean_cache': False, 'cmake_clean_first': False, 'cmake_force_configure': False, 'cmake_target': None, 'cmake_target_skip_unavailable': False, 'install_base': '/home/pratik/IITB_RacingTeam/AISD_Module/shm_visualization_Checkpoint1/install/shm', 'merge_install': False, 'path': '/home/pratik/IITB_RacingTeam/AISD_Module/shm_visualization_Checkpoint1/shm', 'symlink_install': False, 'test_result_base': None}
[0.178s] INFO:colcon.colcon_core.executor:Executing jobs using 'parallel' executor
[0.178s] DEBUG:colcon.colcon_parallel_executor.executor.parallel:run_until_complete
[0.178s] INFO:colcon.colcon_ros.task.ament_cmake.build:Building ROS package in '/home/pratik/IITB_RacingTeam/AISD_Module/shm_visualization_Checkpoint1/shm' with build type 'ament_cmake'
[0.178s] INFO:colcon.colcon_cmake.task.cmake.build:Building CMake package in '/home/pratik/IITB_RacingTeam/AISD_Module/shm_visualization_Checkpoint1/shm'
[0.179s] INFO:colcon.colcon_core.plugin_system:Skipping extension 'colcon_core.shell.bat': Not used on non-Windows systems
[0.180s] INFO:colcon.colcon_core.shell:Skip shell extension 'powershell' for command environment: Not usable outside of PowerShell
[0.180s] DEBUG:colcon.colcon_core.shell:Skip shell extension 'dsv' for command environment
[0.186s] DEBUG:colcon.colcon_core.event_handler.log_command:Invoking command in '/home/pratik/IITB_RacingTeam/AISD_Module/shm_visualization_Checkpoint1/build/shm': CMAKE_PREFIX_PATH=${CMAKE_PREFIX_PATH}:/opt/ros/humble /usr/bin/cmake /home/pratik/IITB_RacingTeam/AISD_Module/shm_visualization_Checkpoint1/shm -DCMAKE_INSTALL_PREFIX=/home/pratik/IITB_RacingTeam/AISD_Module/shm_visualization_Checkpoint1/install/shm
[0.951s] DEBUG:colcon.colcon_core.event_handler.log_command:Invoked command in '/home/pratik/IITB_RacingTeam/AISD_Module/shm_visualization_Checkpoint1/build/shm' returned '0': CMAKE_PREFIX_PATH=${CMAKE_PREFIX_PATH}:/opt/ros/humble /usr/bin/cmake /home/pratik/IITB_RacingTeam/AISD_Module/shm_visualization_Checkpoint1/shm -DCMAKE_INSTALL_PREFIX=/home/pratik/IITB_RacingTeam/AISD_Module/shm_visualization_Checkpoint1/install/shm
[0.951s] DEBUG:colcon.colcon_core.event_handler.log_command:Invoking command in '/home/pratik/IITB_RacingTeam/AISD_Module/shm_visualization_Checkpoint1/build/shm': CMAKE_PREFIX_PATH=${CMAKE_PREFIX_PATH}:/opt/ros/humble /usr/bin/cmake --build /home/pratik/IITB_RacingTeam/AISD_Module/shm_visualization_Checkpoint1/build/shm -- -j20 -l20
[3.450s] DEBUG:colcon.colcon_core.event_handler.log_command:Invoked command in '/home/pratik/IITB_RacingTeam/AISD_Module/shm_visualization_Checkpoint1/build/shm' returned '2': CMAKE_PREFIX_PATH=${CMAKE_PREFIX_PATH}:/opt/ros/humble /usr/bin/cmake --build /home/pratik/IITB_RacingTeam/AISD_Module/shm_visualization_Checkpoint1/build/shm -- -j20 -l20
[3.450s] Level 1:colcon.colcon_core.environment:create_environment_scripts_only(shm)
[3.451s] Level 1:colcon.colcon_core.environment:checking '/home/pratik/IITB_RacingTeam/AISD_Module/shm_visualization_Checkpoint1/install/shm' for CMake module files
[3.451s] Level 1:colcon.colcon_core.environment:checking '/home/pratik/IITB_RacingTeam/AISD_Module/shm_visualization_Checkpoint1/install/shm' for CMake config files
[3.452s] Level 1:colcon.colcon_core.environment:checking '/home/pratik/IITB_RacingTeam/AISD_Module/shm_visualization_Checkpoint1/install/shm/bin'
[3.452s] Level 1:colcon.colcon_core.environment:checking '/home/pratik/IITB_RacingTeam/AISD_Module/shm_visualization_Checkpoint1/install/shm/lib/pkgconfig/shm.pc'
[3.452s] Level 1:colcon.colcon_core.environment:checking '/home/pratik/IITB_RacingTeam/AISD_Module/shm_visualization_Checkpoint1/install/shm/lib/python3.10/site-packages'
[3.452s] Level 1:colcon.colcon_core.environment:checking '/home/pratik/IITB_RacingTeam/AISD_Module/shm_visualization_Checkpoint1/install/shm/bin'
[3.452s] INFO:colcon.colcon_core.shell:Creating package script '/home/pratik/IITB_RacingTeam/AISD_Module/shm_visualization_Checkpoint1/install/shm/share/shm/package.ps1'
[3.452s] INFO:colcon.colcon_core.shell:Creating package descriptor '/home/pratik/IITB_RacingTeam/AISD_Module/shm_visualization_Checkpoint1/install/shm/share/shm/package.dsv'
[3.453s] INFO:colcon.colcon_core.shell:Creating package script '/home/pratik/IITB_RacingTeam/AISD_Module/shm_visualization_Checkpoint1/install/shm/share/shm/package.sh'
[3.453s] INFO:colcon.colcon_core.shell:Creating package script '/home/pratik/IITB_RacingTeam/AISD_Module/shm_visualization_Checkpoint1/install/shm/share/shm/package.bash'
[3.453s] INFO:colcon.colcon_core.shell:Creating package script '/home/pratik/IITB_RacingTeam/AISD_Module/shm_visualization_Checkpoint1/install/shm/share/shm/package.zsh'
[3.454s] Level 1:colcon.colcon_core.environment:create_file_with_runtime_dependencies(/home/pratik/IITB_RacingTeam/AISD_Module/shm_visualization_Checkpoint1/install/shm/share/colcon-core/packages/shm)
[3.464s] DEBUG:colcon.colcon_parallel_executor.executor.parallel:closing loop
[3.464s] DEBUG:colcon.colcon_parallel_executor.executor.parallel:loop closed
[3.464s] DEBUG:colcon.colcon_parallel_executor.executor.parallel:run_until_complete finished with '2'
[3.464s] DEBUG:colcon.colcon_core.event_reactor:joining thread
[3.467s] INFO:colcon.colcon_core.plugin_system:Skipping extension 'colcon_notification.desktop_notification.terminal_notifier': Not used on non-Darwin systems
[3.467s] INFO:colcon.colcon_core.plugin_system:Skipping extension 'colcon_notification.desktop_notification.win32': Not used on non-Windows systems
[3.467s] INFO:colcon.colcon_notification.desktop_notification:Sending desktop notification using 'notify2'
[3.476s] DEBUG:colcon.colcon_core.event_reactor:joined thread
[3.477s] INFO:colcon.colcon_core.shell:Creating prefix script '/home/pratik/IITB_RacingTeam/AISD_Module/shm_visualization_Checkpoint1/install/local_setup.ps1'
[3.477s] INFO:colcon.colcon_core.shell:Creating prefix util module '/home/pratik/IITB_RacingTeam/AISD_Module/shm_visualization_Checkpoint1/install/_local_setup_util_ps1.py'
[3.478s] INFO:colcon.colcon_core.shell:Creating prefix chain script '/home/pratik/IITB_RacingTeam/AISD_Module/shm_visualization_Checkpoint1/install/setup.ps1'
[3.479s] INFO:colcon.colcon_core.shell:Creating prefix script '/home/pratik/IITB_RacingTeam/AISD_Module/shm_visualization_Checkpoint1/install/local_setup.sh'
[3.479s] INFO:colcon.colcon_core.shell:Creating prefix util module '/home/pratik/IITB_RacingTeam/AISD_Module/shm_visualization_Checkpoint1/install/_local_setup_util_sh.py'
[3.480s] INFO:colcon.colcon_core.shell:Creating prefix chain script '/home/pratik/IITB_RacingTeam/AISD_Module/shm_visualization_Checkpoint1/install/setup.sh'
[3.481s] INFO:colcon.colcon_core.shell:Creating prefix script '/home/pratik/IITB_RacingTeam/AISD_Module/shm_visualization_Checkpoint1/install/local_setup.bash'
[3.481s] INFO:colcon.colcon_core.shell:Creating prefix chain script '/home/pratik/IITB_RacingTeam/AISD_Module/shm_visualization_Checkpoint1/install/setup.bash'
[3.481s] INFO:colcon.colcon_core.shell:Creating prefix script '/home/pratik/IITB_RacingTeam/AISD_Module/shm_visualization_Checkpoint1/install/local_setup.zsh'
[3.482s] INFO:colcon.colcon_core.shell:Creating prefix chain script '/home/pratik/IITB_RacingTeam/AISD_Module/shm_visualization_Checkpoint1/install/setup.zsh'
