[0.007s] Invoking command in '/home/pratik/ros2_ws/src/shm/build/shm': CMAKE_PREFIX_PATH=${CMAKE_PREFIX_PATH}:/opt/ros/humble /usr/bin/cmake --build /home/pratik/ros2_ws/src/shm/build/shm -- -j20 -l20
[0.031s] -- Found ament_cmake: 1.3.12 (/opt/ros/humble/share/ament_cmake/cmake)
[0.113s] -- Found rclcpp: 16.0.16 (/opt/ros/humble/share/rclcpp/cmake)
[0.128s] -- Found rosidl_generator_c: 3.1.7 (/opt/ros/humble/share/rosidl_generator_c/cmake)
[0.129s] -- Found rosidl_adapter: 3.1.7 (/opt/ros/humble/share/rosidl_adapter/cmake)
[0.132s] -- Found rosidl_generator_cpp: 3.1.7 (/opt/ros/humble/share/rosidl_generator_cpp/cmake)
[0.137s] -- Using all available rosidl_typesupport_c: rosidl_typesupport_fastrtps_c;rosidl_typesupport_introspection_c
[0.143s] -- Using all available rosidl_typesupport_cpp: rosidl_typesupport_fastrtps_cpp;rosidl_typesupport_introspection_cpp
[0.160s] -- Found rmw_implementation_cmake: 6.1.2 (/opt/ros/humble/share/rmw_implementation_cmake/cmake)
[0.160s] -- Found rmw_fastrtps_cpp: 6.2.9 (/opt/ros/humble/share/rmw_fastrtps_cpp/cmake)
[0.215s] -- Using RMW implementation 'rmw_fastrtps_cpp' as default
[0.243s] -- Found visualization_msgs: 4.9.0 (/opt/ros/humble/share/visualization_msgs/cmake)
[0.318s] -- Configuring done
[0.322s] -- Generating done
[0.324s] -- Build files have been written to: /home/pratik/ros2_ws/src/shm/build/shm
[0.346s] [35m[1mConsolidate compiler generated dependencies of target shm[0m
[0.366s] [ 50%] [32mBuilding CXX object CMakeFiles/shm.dir/src/spring.cpp.o[0m
[2.604s] [100%] [32m[1mLinking CXX executable shm[0m
[2.722s] [100%] Built target shm
[2.732s] Invoked command in '/home/pratik/ros2_ws/src/shm/build/shm' returned '0': CMAKE_PREFIX_PATH=${CMAKE_PREFIX_PATH}:/opt/ros/humble /usr/bin/cmake --build /home/pratik/ros2_ws/src/shm/build/shm -- -j20 -l20
[2.744s] Invoking command in '/home/pratik/ros2_ws/src/shm/build/shm': CMAKE_PREFIX_PATH=${CMAKE_PREFIX_PATH}:/opt/ros/humble /usr/bin/cmake --install /home/pratik/ros2_ws/src/shm/build/shm
[2.752s] -- Install configuration: ""
[2.752s] -- Installing: /home/pratik/ros2_ws/src/shm/install/shm/lib/shm/shm
[2.754s] -- Set runtime path of "/home/pratik/ros2_ws/src/shm/install/shm/lib/shm/shm" to ""
[2.754s] -- Up-to-date: /home/pratik/ros2_ws/src/shm/install/shm/share/ament_index/resource_index/package_run_dependencies/shm
[2.754s] -- Installing: /home/pratik/ros2_ws/src/shm/install/shm/share/ament_index/resource_index/parent_prefix_path/shm
[2.754s] -- Up-to-date: /home/pratik/ros2_ws/src/shm/install/shm/share/shm/environment/ament_prefix_path.sh
[2.754s] -- Installing: /home/pratik/ros2_ws/src/shm/install/shm/share/shm/environment/ament_prefix_path.dsv
[2.754s] -- Up-to-date: /home/pratik/ros2_ws/src/shm/install/shm/share/shm/environment/path.sh
[2.754s] -- Installing: /home/pratik/ros2_ws/src/shm/install/shm/share/shm/environment/path.dsv
[2.754s] -- Up-to-date: /home/pratik/ros2_ws/src/shm/install/shm/share/shm/local_setup.bash
[2.755s] -- Up-to-date: /home/pratik/ros2_ws/src/shm/install/shm/share/shm/local_setup.sh
[2.755s] -- Up-to-date: /home/pratik/ros2_ws/src/shm/install/shm/share/shm/local_setup.zsh
[2.755s] -- Installing: /home/pratik/ros2_ws/src/shm/install/shm/share/shm/local_setup.dsv
[2.755s] -- Installing: /home/pratik/ros2_ws/src/shm/install/shm/share/shm/package.dsv
[2.755s] -- Up-to-date: /home/pratik/ros2_ws/src/shm/install/shm/share/ament_index/resource_index/packages/shm
[2.755s] -- Up-to-date: /home/pratik/ros2_ws/src/shm/install/shm/share/shm/cmake/shmConfig.cmake
[2.755s] -- Up-to-date: /home/pratik/ros2_ws/src/shm/install/shm/share/shm/cmake/shmConfig-version.cmake
[2.755s] -- Up-to-date: /home/pratik/ros2_ws/src/shm/install/shm/share/shm/package.xml
[2.757s] Invoked command in '/home/pratik/ros2_ws/src/shm/build/shm' returned '0': CMAKE_PREFIX_PATH=${CMAKE_PREFIX_PATH}:/opt/ros/humble /usr/bin/cmake --install /home/pratik/ros2_ws/src/shm/build/shm
