[0.006s] Invoking command in '/home/pratik/IITB_RacingTeam/AISD_Module/shm_visualization_Checkpoint1/build/shm': CMAKE_PREFIX_PATH=${CMAKE_PREFIX_PATH}:/opt/ros/humble /usr/bin/cmake --build /home/pratik/IITB_RacingTeam/AISD_Module/shm_visualization_Checkpoint1/build/shm -- -j20 -l20
[0.028s] -- Found ament_cmake: 1.3.12 (/opt/ros/humble/share/ament_cmake/cmake)
[0.105s] -- Found rclcpp: 16.0.16 (/opt/ros/humble/share/rclcpp/cmake)
[0.119s] -- Found rosidl_generator_c: 3.1.7 (/opt/ros/humble/share/rosidl_generator_c/cmake)
[0.120s] -- Found rosidl_adapter: 3.1.7 (/opt/ros/humble/share/rosidl_adapter/cmake)
[0.123s] -- Found rosidl_generator_cpp: 3.1.7 (/opt/ros/humble/share/rosidl_generator_cpp/cmake)
[0.128s] -- Using all available rosidl_typesupport_c: rosidl_typesupport_fastrtps_c;rosidl_typesupport_introspection_c
[0.134s] -- Using all available rosidl_typesupport_cpp: rosidl_typesupport_fastrtps_cpp;rosidl_typesupport_introspection_cpp
[0.150s] -- Found rmw_implementation_cmake: 6.1.2 (/opt/ros/humble/share/rmw_implementation_cmake/cmake)
[0.151s] -- Found rmw_fastrtps_cpp: 6.2.9 (/opt/ros/humble/share/rmw_fastrtps_cpp/cmake)
[0.216s] -- Using RMW implementation 'rmw_fastrtps_cpp' as default
[0.249s] -- Found visualization_msgs: 4.9.0 (/opt/ros/humble/share/visualization_msgs/cmake)
[0.274s] -- Found rosidl_default_generators: 1.2.0 (/opt/ros/humble/share/rosidl_default_generators/cmake)
[0.438s] -- Found ament_cmake_ros: 0.10.0 (/opt/ros/humble/share/ament_cmake_ros/cmake)
[0.682s] -- Using all available rosidl_typesupport_c: rosidl_typesupport_fastrtps_c;rosidl_typesupport_introspection_c
[0.762s] -- Using all available rosidl_typesupport_cpp: rosidl_typesupport_fastrtps_cpp;rosidl_typesupport_introspection_cpp
[0.778s] -- Found python_cmake_module: 0.10.0 (/opt/ros/humble/share/python_cmake_module/cmake)
[0.796s] -- Using PYTHON_EXECUTABLE: /usr/bin/python3
[0.796s] -- Using PYTHON_INCLUDE_DIRS: /usr/include/python3.10
[0.796s] -- Using PYTHON_LIBRARIES: /usr/lib/x86_64-linux-gnu/libpython3.10.so
[0.804s] [0mCMake Deprecation Warning at /opt/ros/humble/share/rosidl_cmake/cmake/rosidl_target_interfaces.cmake:32 (message):
[0.804s]   Use rosidl_get_typesupport_target() and target_link_libraries() instead of
[0.804s]   rosidl_target_interfaces()
[0.804s] Call Stack (most recent call first):
[0.804s]   CMakeLists.txt:36 (rosidl_target_interfaces)
[0.804s] 
[0.804s] [0m
[0.807s] -- Configuring done
[0.824s] -- Generating done
[0.831s] -- Build files have been written to: /home/pratik/IITB_RacingTeam/AISD_Module/shm_visualization_Checkpoint1/build/shm
[0.851s] [  2%] [34m[1mGenerating C code for ROS interfaces[0m
[0.860s] [  4%] [34m[1mGenerating C++ code for ROS interfaces[0m
[0.868s] [  4%] Built target ament_cmake_python_copy_shm
[0.991s] running egg_info
[0.992s] writing shm.egg-info/PKG-INFO
[0.992s] writing dependency_links to shm.egg-info/dependency_links.txt
[0.992s] writing top-level names to shm.egg-info/top_level.txt
[0.993s] reading manifest file 'shm.egg-info/SOURCES.txt'
[0.993s] writing manifest file 'shm.egg-info/SOURCES.txt'
[1.008s] [  4%] Built target ament_cmake_python_build_shm_egg
[1.037s] [35m[1mConsolidate compiler generated dependencies of target shm__rosidl_generator_c[0m
[1.039s] [  4%] Built target shm__cpp
[1.045s] [  7%] [34m[1mGenerating C++ introspection for ROS interfaces[0m
[1.045s] [ 12%] [32mBuilding C object CMakeFiles/shm__rosidl_generator_c.dir/rosidl_generator_c/shm/srv/detail/apply_force__functions.c.o[0m
[1.045s] [ 12%] [32mBuilding C object CMakeFiles/shm__rosidl_generator_c.dir/rosidl_generator_c/shm/srv/detail/set_shm_params__functions.c.o[0m
[1.047s] [ 14%] [34m[1mGenerating C++ type support dispatch for ROS interfaces[0m
[1.047s] [ 17%] [34m[1mGenerating C++ type support for eProsima Fast-RTPS[0m
[1.081s] [ 19%] [32m[1mLinking C shared library libshm__rosidl_generator_c.so[0m
[1.106s] [ 19%] Built target shm__rosidl_generator_c
[1.113s] [ 21%] [34m[1mGenerating C type support dispatch for ROS interfaces[0m
[1.114s] [ 26%] [34m[1mGenerating C type support for eProsima Fast-RTPS[0m
[1.114s] [ 26%] [34m[1mGenerating C introspection for ROS interfaces[0m
[1.193s] [35m[1mConsolidate compiler generated dependencies of target shm__rosidl_typesupport_cpp[0m
[1.200s] [35m[1mConsolidate compiler generated dependencies of target shm__rosidl_typesupport_introspection_cpp[0m
[1.203s] [ 31%] [32mBuilding CXX object CMakeFiles/shm__rosidl_typesupport_cpp.dir/rosidl_typesupport_cpp/shm/srv/set_shm_params__type_support.cpp.o[0m
[1.203s] [ 31%] [32mBuilding CXX object CMakeFiles/shm__rosidl_typesupport_cpp.dir/rosidl_typesupport_cpp/shm/srv/apply_force__type_support.cpp.o[0m
[1.209s] [ 34%] [32mBuilding CXX object CMakeFiles/shm__rosidl_typesupport_introspection_cpp.dir/rosidl_typesupport_introspection_cpp/shm/srv/detail/set_shm_params__type_support.cpp.o[0m
[1.211s] [ 36%] [32mBuilding CXX object CMakeFiles/shm__rosidl_typesupport_introspection_cpp.dir/rosidl_typesupport_introspection_cpp/shm/srv/detail/apply_force__type_support.cpp.o[0m
[1.244s] [35m[1mConsolidate compiler generated dependencies of target shm__rosidl_typesupport_fastrtps_cpp[0m
[1.255s] [ 39%] [32mBuilding CXX object CMakeFiles/shm__rosidl_typesupport_fastrtps_cpp.dir/rosidl_typesupport_fastrtps_cpp/shm/srv/detail/dds_fastrtps/set_shm_params__type_support.cpp.o[0m
[1.255s] [ 41%] [32mBuilding CXX object CMakeFiles/shm__rosidl_typesupport_fastrtps_cpp.dir/rosidl_typesupport_fastrtps_cpp/shm/srv/detail/dds_fastrtps/apply_force__type_support.cpp.o[0m
[1.261s] [35m[1mConsolidate compiler generated dependencies of target shm__rosidl_typesupport_c[0m
[1.268s] [ 46%] [32mBuilding CXX object CMakeFiles/shm__rosidl_typesupport_c.dir/rosidl_typesupport_c/shm/srv/set_shm_params__type_support.cpp.o[0m
[1.268s] [ 46%] [32mBuilding CXX object CMakeFiles/shm__rosidl_typesupport_c.dir/rosidl_typesupport_c/shm/srv/apply_force__type_support.cpp.o[0m
[1.288s] [ 48%] [32m[1mLinking CXX shared library libshm__rosidl_typesupport_c.so[0m
[1.291s] [35m[1mConsolidate compiler generated dependencies of target shm__rosidl_typesupport_introspection_c[0m
[1.300s] [ 51%] [32mBuilding C object CMakeFiles/shm__rosidl_typesupport_introspection_c.dir/rosidl_typesupport_introspection_c/shm/srv/detail/set_shm_params__type_support.c.o[0m
[1.300s] [ 53%] [32mBuilding C object CMakeFiles/shm__rosidl_typesupport_introspection_c.dir/rosidl_typesupport_introspection_c/shm/srv/detail/apply_force__type_support.c.o[0m
[1.315s] [35m[1mConsolidate compiler generated dependencies of target shm__rosidl_typesupport_fastrtps_c[0m
[1.317s] [ 53%] Built target shm__rosidl_typesupport_c
[1.323s] [ 56%] [32mBuilding CXX object CMakeFiles/shm__rosidl_typesupport_fastrtps_c.dir/rosidl_typesupport_fastrtps_c/shm/srv/detail/set_shm_params__type_support_c.cpp.o[0m
[1.326s] [ 58%] [32mBuilding CXX object CMakeFiles/shm__rosidl_typesupport_fastrtps_c.dir/rosidl_typesupport_fastrtps_c/shm/srv/detail/apply_force__type_support_c.cpp.o[0m
[1.327s] [ 60%] [32m[1mLinking C shared library libshm__rosidl_typesupport_introspection_c.so[0m
[1.353s] [ 60%] Built target shm__rosidl_typesupport_introspection_c
[1.407s] [ 63%] [32m[1mLinking CXX shared library libshm__rosidl_typesupport_cpp.so[0m
[1.444s] [ 63%] Built target shm__rosidl_typesupport_cpp
[1.521s] [ 65%] [32m[1mLinking CXX shared library libshm__rosidl_typesupport_fastrtps_cpp.so[0m
[1.522s] [ 68%] [32m[1mLinking CXX shared library libshm__rosidl_typesupport_fastrtps_c.so[0m
[1.533s] [ 70%] [32m[1mLinking CXX shared library libshm__rosidl_typesupport_introspection_cpp.so[0m
[1.565s] [ 70%] Built target shm__rosidl_typesupport_fastrtps_c
[1.565s] [ 70%] Built target shm__rosidl_typesupport_fastrtps_cpp
[1.570s] [ 70%] Built target shm__rosidl_typesupport_introspection_cpp
[1.581s] [ 70%] Built target shm
[1.589s] [35m[1mConsolidate compiler generated dependencies of target damped_shm_node[0m
[1.598s] [ 73%] [34m[1mGenerating Python code for ROS interfaces[0m
[1.603s] [ 75%] [32mBuilding CXX object CMakeFiles/damped_shm_node.dir/src/spring.cpp.o[0m
[1.838s] [ 75%] Built target shm__py
[1.846s] [35m[1mConsolidate compiler generated dependencies of target shm__rosidl_generator_py[0m
[1.856s] [ 80%] [32mBuilding C object CMakeFiles/shm__rosidl_generator_py.dir/rosidl_generator_py/shm/srv/_apply_force_s.c.o[0m
[1.856s] [ 80%] [32mBuilding C object CMakeFiles/shm__rosidl_generator_py.dir/rosidl_generator_py/shm/srv/_set_shm_params_s.c.o[0m
[1.915s] [ 82%] [32m[1mLinking C shared library rosidl_generator_py/shm/libshm__rosidl_generator_py.so[0m
[1.940s] [ 82%] Built target shm__rosidl_generator_py
[1.946s] [35m[1mConsolidate compiler generated dependencies of target shm__rosidl_typesupport_fastrtps_c__pyext[0m
[1.946s] [35m[1mConsolidate compiler generated dependencies of target shm__rosidl_typesupport_introspection_c__pyext[0m
[1.948s] [35m[1mConsolidate compiler generated dependencies of target shm__rosidl_typesupport_c__pyext[0m
[1.954s] [ 85%] [32mBuilding C object CMakeFiles/shm__rosidl_typesupport_fastrtps_c__pyext.dir/rosidl_generator_py/shm/_shm_s.ep.rosidl_typesupport_fastrtps_c.c.o[0m
[1.956s] [ 87%] [32mBuilding C object CMakeFiles/shm__rosidl_typesupport_introspection_c__pyext.dir/rosidl_generator_py/shm/_shm_s.ep.rosidl_typesupport_introspection_c.c.o[0m
[1.958s] [ 90%] [32mBuilding C object CMakeFiles/shm__rosidl_typesupport_c__pyext.dir/rosidl_generator_py/shm/_shm_s.ep.rosidl_typesupport_c.c.o[0m
[2.009s] [ 92%] [32m[1mLinking C shared library rosidl_generator_py/shm/shm_s__rosidl_typesupport_fastrtps_c.cpython-310-x86_64-linux-gnu.so[0m
[2.011s] [ 95%] [32m[1mLinking C shared library rosidl_generator_py/shm/shm_s__rosidl_typesupport_introspection_c.cpython-310-x86_64-linux-gnu.so[0m
[2.011s] [ 97%] [32m[1mLinking C shared library rosidl_generator_py/shm/shm_s__rosidl_typesupport_c.cpython-310-x86_64-linux-gnu.so[0m
[2.035s] [ 97%] Built target shm__rosidl_typesupport_introspection_c__pyext
[2.035s] [ 97%] Built target shm__rosidl_typesupport_fastrtps_c__pyext
[2.038s] [ 97%] Built target shm__rosidl_typesupport_c__pyext
[4.826s] [100%] [32m[1mLinking CXX executable damped_shm_node[0m
[4.981s] [100%] Built target damped_shm_node
[4.990s] Invoked command in '/home/pratik/IITB_RacingTeam/AISD_Module/shm_visualization_Checkpoint1/build/shm' returned '0': CMAKE_PREFIX_PATH=${CMAKE_PREFIX_PATH}:/opt/ros/humble /usr/bin/cmake --build /home/pratik/IITB_RacingTeam/AISD_Module/shm_visualization_Checkpoint1/build/shm -- -j20 -l20
[5.001s] Invoking command in '/home/pratik/IITB_RacingTeam/AISD_Module/shm_visualization_Checkpoint1/build/shm': CMAKE_PREFIX_PATH=${CMAKE_PREFIX_PATH}:/opt/ros/humble /usr/bin/cmake --install /home/pratik/IITB_RacingTeam/AISD_Module/shm_visualization_Checkpoint1/build/shm
[5.010s] -- Install configuration: ""
[5.010s] -- Installing: /home/pratik/IITB_RacingTeam/AISD_Module/shm_visualization_Checkpoint1/install/shm/share/ament_index/resource_index/rosidl_interfaces/shm
[5.010s] -- Installing: /home/pratik/IITB_RacingTeam/AISD_Module/shm_visualization_Checkpoint1/install/shm/include/shm/shm
[5.010s] -- Installing: /home/pratik/IITB_RacingTeam/AISD_Module/shm_visualization_Checkpoint1/install/shm/include/shm/shm/srv
[5.010s] -- Installing: /home/pratik/IITB_RacingTeam/AISD_Module/shm_visualization_Checkpoint1/install/shm/include/shm/shm/srv/detail
[5.011s] -- Installing: /home/pratik/IITB_RacingTeam/AISD_Module/shm_visualization_Checkpoint1/install/shm/include/shm/shm/srv/detail/apply_force__struct.h
[5.011s] -- Installing: /home/pratik/IITB_RacingTeam/AISD_Module/shm_visualization_Checkpoint1/install/shm/include/shm/shm/srv/detail/apply_force__functions.c
[5.011s] -- Installing: /home/pratik/IITB_RacingTeam/AISD_Module/shm_visualization_Checkpoint1/install/shm/include/shm/shm/srv/detail/set_shm_params__functions.c
[5.011s] -- Installing: /home/pratik/IITB_RacingTeam/AISD_Module/shm_visualization_Checkpoint1/install/shm/include/shm/shm/srv/detail/apply_force__functions.h
[5.011s] -- Installing: /home/pratik/IITB_RacingTeam/AISD_Module/shm_visualization_Checkpoint1/install/shm/include/shm/shm/srv/detail/apply_force__type_support.h
[5.011s] -- Installing: /home/pratik/IITB_RacingTeam/AISD_Module/shm_visualization_Checkpoint1/install/shm/include/shm/shm/srv/detail/set_shm_params__functions.h
[5.011s] -- Installing: /home/pratik/IITB_RacingTeam/AISD_Module/shm_visualization_Checkpoint1/install/shm/include/shm/shm/srv/detail/set_shm_params__struct.h
[5.011s] -- Installing: /home/pratik/IITB_RacingTeam/AISD_Module/shm_visualization_Checkpoint1/install/shm/include/shm/shm/srv/detail/set_shm_params__type_support.h
[5.011s] -- Installing: /home/pratik/IITB_RacingTeam/AISD_Module/shm_visualization_Checkpoint1/install/shm/include/shm/shm/srv/apply_force.h
[5.011s] -- Installing: /home/pratik/IITB_RacingTeam/AISD_Module/shm_visualization_Checkpoint1/install/shm/include/shm/shm/srv/set_shm_params.h
[5.011s] -- Installing: /home/pratik/IITB_RacingTeam/AISD_Module/shm_visualization_Checkpoint1/install/shm/include/shm/shm/msg
[5.011s] -- Installing: /home/pratik/IITB_RacingTeam/AISD_Module/shm_visualization_Checkpoint1/install/shm/include/shm/shm/msg/rosidl_generator_c__visibility_control.h
[5.011s] -- Installing: /home/pratik/IITB_RacingTeam/AISD_Module/shm_visualization_Checkpoint1/install/shm/share/shm/environment/library_path.sh
[5.011s] -- Installing: /home/pratik/IITB_RacingTeam/AISD_Module/shm_visualization_Checkpoint1/install/shm/share/shm/environment/library_path.dsv
[5.011s] -- Installing: /home/pratik/IITB_RacingTeam/AISD_Module/shm_visualization_Checkpoint1/install/shm/lib/libshm__rosidl_generator_c.so
[5.012s] -- Set runtime path of "/home/pratik/IITB_RacingTeam/AISD_Module/shm_visualization_Checkpoint1/install/shm/lib/libshm__rosidl_generator_c.so" to ""
[5.012s] -- Up-to-date: /home/pratik/IITB_RacingTeam/AISD_Module/shm_visualization_Checkpoint1/install/shm/include/shm/shm
[5.012s] -- Up-to-date: /home/pratik/IITB_RacingTeam/AISD_Module/shm_visualization_Checkpoint1/install/shm/include/shm/shm/srv
[5.012s] -- Up-to-date: /home/pratik/IITB_RacingTeam/AISD_Module/shm_visualization_Checkpoint1/install/shm/include/shm/shm/srv/detail
[5.012s] -- Installing: /home/pratik/IITB_RacingTeam/AISD_Module/shm_visualization_Checkpoint1/install/shm/include/shm/shm/srv/detail/set_shm_params__rosidl_typesupport_fastrtps_c.h
[5.012s] -- Installing: /home/pratik/IITB_RacingTeam/AISD_Module/shm_visualization_Checkpoint1/install/shm/include/shm/shm/srv/detail/apply_force__rosidl_typesupport_fastrtps_c.h
[5.012s] -- Up-to-date: /home/pratik/IITB_RacingTeam/AISD_Module/shm_visualization_Checkpoint1/install/shm/include/shm/shm/msg
[5.012s] -- Installing: /home/pratik/IITB_RacingTeam/AISD_Module/shm_visualization_Checkpoint1/install/shm/include/shm/shm/msg/rosidl_typesupport_fastrtps_c__visibility_control.h
[5.012s] -- Installing: /home/pratik/IITB_RacingTeam/AISD_Module/shm_visualization_Checkpoint1/install/shm/lib/libshm__rosidl_typesupport_fastrtps_c.so
[5.012s] -- Set runtime path of "/home/pratik/IITB_RacingTeam/AISD_Module/shm_visualization_Checkpoint1/install/shm/lib/libshm__rosidl_typesupport_fastrtps_c.so" to ""
[5.012s] -- Up-to-date: /home/pratik/IITB_RacingTeam/AISD_Module/shm_visualization_Checkpoint1/install/shm/include/shm/shm
[5.012s] -- Up-to-date: /home/pratik/IITB_RacingTeam/AISD_Module/shm_visualization_Checkpoint1/install/shm/include/shm/shm/srv
[5.012s] -- Installing: /home/pratik/IITB_RacingTeam/AISD_Module/shm_visualization_Checkpoint1/install/shm/include/shm/shm/srv/apply_force.hpp
[5.012s] -- Up-to-date: /home/pratik/IITB_RacingTeam/AISD_Module/shm_visualization_Checkpoint1/install/shm/include/shm/shm/srv/detail
[5.012s] -- Installing: /home/pratik/IITB_RacingTeam/AISD_Module/shm_visualization_Checkpoint1/install/shm/include/shm/shm/srv/detail/apply_force__builder.hpp
[5.012s] -- Installing: /home/pratik/IITB_RacingTeam/AISD_Module/shm_visualization_Checkpoint1/install/shm/include/shm/shm/srv/detail/set_shm_params__struct.hpp
[5.013s] -- Installing: /home/pratik/IITB_RacingTeam/AISD_Module/shm_visualization_Checkpoint1/install/shm/include/shm/shm/srv/detail/set_shm_params__type_support.hpp
[5.013s] -- Installing: /home/pratik/IITB_RacingTeam/AISD_Module/shm_visualization_Checkpoint1/install/shm/include/shm/shm/srv/detail/apply_force__struct.hpp
[5.013s] -- Installing: /home/pratik/IITB_RacingTeam/AISD_Module/shm_visualization_Checkpoint1/install/shm/include/shm/shm/srv/detail/set_shm_params__traits.hpp
[5.013s] -- Installing: /home/pratik/IITB_RacingTeam/AISD_Module/shm_visualization_Checkpoint1/install/shm/include/shm/shm/srv/detail/apply_force__traits.hpp
[5.013s] -- Installing: /home/pratik/IITB_RacingTeam/AISD_Module/shm_visualization_Checkpoint1/install/shm/include/shm/shm/srv/detail/apply_force__type_support.hpp
[5.013s] -- Installing: /home/pratik/IITB_RacingTeam/AISD_Module/shm_visualization_Checkpoint1/install/shm/include/shm/shm/srv/detail/set_shm_params__builder.hpp
[5.013s] -- Installing: /home/pratik/IITB_RacingTeam/AISD_Module/shm_visualization_Checkpoint1/install/shm/include/shm/shm/srv/set_shm_params.hpp
[5.013s] -- Up-to-date: /home/pratik/IITB_RacingTeam/AISD_Module/shm_visualization_Checkpoint1/install/shm/include/shm/shm/msg
[5.013s] -- Installing: /home/pratik/IITB_RacingTeam/AISD_Module/shm_visualization_Checkpoint1/install/shm/include/shm/shm/msg/rosidl_generator_cpp__visibility_control.hpp
[5.013s] -- Up-to-date: /home/pratik/IITB_RacingTeam/AISD_Module/shm_visualization_Checkpoint1/install/shm/include/shm/shm
[5.013s] -- Up-to-date: /home/pratik/IITB_RacingTeam/AISD_Module/shm_visualization_Checkpoint1/install/shm/include/shm/shm/srv
[5.013s] -- Up-to-date: /home/pratik/IITB_RacingTeam/AISD_Module/shm_visualization_Checkpoint1/install/shm/include/shm/shm/srv/detail
[5.013s] -- Installing: /home/pratik/IITB_RacingTeam/AISD_Module/shm_visualization_Checkpoint1/install/shm/include/shm/shm/srv/detail/dds_fastrtps
[5.013s] -- Installing: /home/pratik/IITB_RacingTeam/AISD_Module/shm_visualization_Checkpoint1/install/shm/include/shm/shm/srv/detail/set_shm_params__rosidl_typesupport_fastrtps_cpp.hpp
[5.013s] -- Installing: /home/pratik/IITB_RacingTeam/AISD_Module/shm_visualization_Checkpoint1/install/shm/include/shm/shm/srv/detail/apply_force__rosidl_typesupport_fastrtps_cpp.hpp
[5.014s] -- Up-to-date: /home/pratik/IITB_RacingTeam/AISD_Module/shm_visualization_Checkpoint1/install/shm/include/shm/shm/msg
[5.014s] -- Installing: /home/pratik/IITB_RacingTeam/AISD_Module/shm_visualization_Checkpoint1/install/shm/include/shm/shm/msg/rosidl_typesupport_fastrtps_cpp__visibility_control.h
[5.014s] -- Installing: /home/pratik/IITB_RacingTeam/AISD_Module/shm_visualization_Checkpoint1/install/shm/lib/libshm__rosidl_typesupport_fastrtps_cpp.so
[5.014s] -- Set runtime path of "/home/pratik/IITB_RacingTeam/AISD_Module/shm_visualization_Checkpoint1/install/shm/lib/libshm__rosidl_typesupport_fastrtps_cpp.so" to ""
[5.014s] -- Up-to-date: /home/pratik/IITB_RacingTeam/AISD_Module/shm_visualization_Checkpoint1/install/shm/include/shm/shm
[5.014s] -- Up-to-date: /home/pratik/IITB_RacingTeam/AISD_Module/shm_visualization_Checkpoint1/install/shm/include/shm/shm/srv
[5.014s] -- Up-to-date: /home/pratik/IITB_RacingTeam/AISD_Module/shm_visualization_Checkpoint1/install/shm/include/shm/shm/srv/detail
[5.014s] -- Installing: /home/pratik/IITB_RacingTeam/AISD_Module/shm_visualization_Checkpoint1/install/shm/include/shm/shm/srv/detail/set_shm_params__rosidl_typesupport_introspection_c.h
[5.014s] -- Installing: /home/pratik/IITB_RacingTeam/AISD_Module/shm_visualization_Checkpoint1/install/shm/include/shm/shm/srv/detail/apply_force__rosidl_typesupport_introspection_c.h
[5.014s] -- Installing: /home/pratik/IITB_RacingTeam/AISD_Module/shm_visualization_Checkpoint1/install/shm/include/shm/shm/srv/detail/set_shm_params__type_support.c
[5.014s] -- Installing: /home/pratik/IITB_RacingTeam/AISD_Module/shm_visualization_Checkpoint1/install/shm/include/shm/shm/srv/detail/apply_force__type_support.c
[5.014s] -- Up-to-date: /home/pratik/IITB_RacingTeam/AISD_Module/shm_visualization_Checkpoint1/install/shm/include/shm/shm/msg
[5.014s] -- Installing: /home/pratik/IITB_RacingTeam/AISD_Module/shm_visualization_Checkpoint1/install/shm/include/shm/shm/msg/rosidl_typesupport_introspection_c__visibility_control.h
[5.014s] -- Installing: /home/pratik/IITB_RacingTeam/AISD_Module/shm_visualization_Checkpoint1/install/shm/lib/libshm__rosidl_typesupport_introspection_c.so
[5.014s] -- Set runtime path of "/home/pratik/IITB_RacingTeam/AISD_Module/shm_visualization_Checkpoint1/install/shm/lib/libshm__rosidl_typesupport_introspection_c.so" to ""
[5.014s] -- Installing: /home/pratik/IITB_RacingTeam/AISD_Module/shm_visualization_Checkpoint1/install/shm/lib/libshm__rosidl_typesupport_c.so
[5.015s] -- Set runtime path of "/home/pratik/IITB_RacingTeam/AISD_Module/shm_visualization_Checkpoint1/install/shm/lib/libshm__rosidl_typesupport_c.so" to ""
[5.015s] -- Up-to-date: /home/pratik/IITB_RacingTeam/AISD_Module/shm_visualization_Checkpoint1/install/shm/include/shm/shm
[5.015s] -- Up-to-date: /home/pratik/IITB_RacingTeam/AISD_Module/shm_visualization_Checkpoint1/install/shm/include/shm/shm/srv
[5.015s] -- Up-to-date: /home/pratik/IITB_RacingTeam/AISD_Module/shm_visualization_Checkpoint1/install/shm/include/shm/shm/srv/detail
[5.015s] -- Installing: /home/pratik/IITB_RacingTeam/AISD_Module/shm_visualization_Checkpoint1/install/shm/include/shm/shm/srv/detail/set_shm_params__type_support.cpp
[5.015s] -- Installing: /home/pratik/IITB_RacingTeam/AISD_Module/shm_visualization_Checkpoint1/install/shm/include/shm/shm/srv/detail/apply_force__type_support.cpp
[5.015s] -- Installing: /home/pratik/IITB_RacingTeam/AISD_Module/shm_visualization_Checkpoint1/install/shm/include/shm/shm/srv/detail/set_shm_params__rosidl_typesupport_introspection_cpp.hpp
[5.015s] -- Installing: /home/pratik/IITB_RacingTeam/AISD_Module/shm_visualization_Checkpoint1/install/shm/include/shm/shm/srv/detail/apply_force__rosidl_typesupport_introspection_cpp.hpp
[5.015s] -- Installing: /home/pratik/IITB_RacingTeam/AISD_Module/shm_visualization_Checkpoint1/install/shm/lib/libshm__rosidl_typesupport_introspection_cpp.so
[5.015s] -- Set runtime path of "/home/pratik/IITB_RacingTeam/AISD_Module/shm_visualization_Checkpoint1/install/shm/lib/libshm__rosidl_typesupport_introspection_cpp.so" to ""
[5.016s] -- Installing: /home/pratik/IITB_RacingTeam/AISD_Module/shm_visualization_Checkpoint1/install/shm/lib/libshm__rosidl_typesupport_cpp.so
[5.016s] -- Set runtime path of "/home/pratik/IITB_RacingTeam/AISD_Module/shm_visualization_Checkpoint1/install/shm/lib/libshm__rosidl_typesupport_cpp.so" to ""
[5.016s] -- Installing: /home/pratik/IITB_RacingTeam/AISD_Module/shm_visualization_Checkpoint1/install/shm/share/shm/environment/pythonpath.sh
[5.016s] -- Installing: /home/pratik/IITB_RacingTeam/AISD_Module/shm_visualization_Checkpoint1/install/shm/share/shm/environment/pythonpath.dsv
[5.016s] -- Installing: /home/pratik/IITB_RacingTeam/AISD_Module/shm_visualization_Checkpoint1/install/shm/local/lib/python3.10/dist-packages/shm-0.0.0-py3.10.egg-info
[5.016s] -- Installing: /home/pratik/IITB_RacingTeam/AISD_Module/shm_visualization_Checkpoint1/install/shm/local/lib/python3.10/dist-packages/shm-0.0.0-py3.10.egg-info/PKG-INFO
[5.016s] -- Installing: /home/pratik/IITB_RacingTeam/AISD_Module/shm_visualization_Checkpoint1/install/shm/local/lib/python3.10/dist-packages/shm-0.0.0-py3.10.egg-info/SOURCES.txt
[5.016s] -- Installing: /home/pratik/IITB_RacingTeam/AISD_Module/shm_visualization_Checkpoint1/install/shm/local/lib/python3.10/dist-packages/shm-0.0.0-py3.10.egg-info/top_level.txt
[5.016s] -- Installing: /home/pratik/IITB_RacingTeam/AISD_Module/shm_visualization_Checkpoint1/install/shm/local/lib/python3.10/dist-packages/shm-0.0.0-py3.10.egg-info/dependency_links.txt
[5.016s] -- Installing: /home/pratik/IITB_RacingTeam/AISD_Module/shm_visualization_Checkpoint1/install/shm/local/lib/python3.10/dist-packages/shm
[5.016s] -- Installing: /home/pratik/IITB_RacingTeam/AISD_Module/shm_visualization_Checkpoint1/install/shm/local/lib/python3.10/dist-packages/shm/shm_s__rosidl_typesupport_fastrtps_c.cpython-310-x86_64-linux-gnu.so
[5.016s] -- Installing: /home/pratik/IITB_RacingTeam/AISD_Module/shm_visualization_Checkpoint1/install/shm/local/lib/python3.10/dist-packages/shm/_shm_s.ep.rosidl_typesupport_c.c
[5.016s] -- Installing: /home/pratik/IITB_RacingTeam/AISD_Module/shm_visualization_Checkpoint1/install/shm/local/lib/python3.10/dist-packages/shm/__init__.py
[5.017s] -- Installing: /home/pratik/IITB_RacingTeam/AISD_Module/shm_visualization_Checkpoint1/install/shm/local/lib/python3.10/dist-packages/shm/_shm_s.ep.rosidl_typesupport_fastrtps_c.c
[5.017s] -- Installing: /home/pratik/IITB_RacingTeam/AISD_Module/shm_visualization_Checkpoint1/install/shm/local/lib/python3.10/dist-packages/shm/_shm_s.ep.rosidl_typesupport_introspection_c.c
[5.017s] -- Installing: /home/pratik/IITB_RacingTeam/AISD_Module/shm_visualization_Checkpoint1/install/shm/local/lib/python3.10/dist-packages/shm/libshm__rosidl_generator_py.so
[5.017s] -- Installing: /home/pratik/IITB_RacingTeam/AISD_Module/shm_visualization_Checkpoint1/install/shm/local/lib/python3.10/dist-packages/shm/shm_s__rosidl_typesupport_c.cpython-310-x86_64-linux-gnu.so
[5.017s] -- Installing: /home/pratik/IITB_RacingTeam/AISD_Module/shm_visualization_Checkpoint1/install/shm/local/lib/python3.10/dist-packages/shm/srv
[5.017s] -- Installing: /home/pratik/IITB_RacingTeam/AISD_Module/shm_visualization_Checkpoint1/install/shm/local/lib/python3.10/dist-packages/shm/srv/__init__.py
[5.017s] -- Installing: /home/pratik/IITB_RacingTeam/AISD_Module/shm_visualization_Checkpoint1/install/shm/local/lib/python3.10/dist-packages/shm/srv/_apply_force.py
[5.017s] -- Installing: /home/pratik/IITB_RacingTeam/AISD_Module/shm_visualization_Checkpoint1/install/shm/local/lib/python3.10/dist-packages/shm/srv/_apply_force_s.c
[5.017s] -- Installing: /home/pratik/IITB_RacingTeam/AISD_Module/shm_visualization_Checkpoint1/install/shm/local/lib/python3.10/dist-packages/shm/srv/_set_shm_params.py
[5.017s] -- Installing: /home/pratik/IITB_RacingTeam/AISD_Module/shm_visualization_Checkpoint1/install/shm/local/lib/python3.10/dist-packages/shm/srv/_set_shm_params_s.c
[5.017s] -- Installing: /home/pratik/IITB_RacingTeam/AISD_Module/shm_visualization_Checkpoint1/install/shm/local/lib/python3.10/dist-packages/shm/shm_s__rosidl_typesupport_introspection_c.cpython-310-x86_64-linux-gnu.so
[5.047s] Listing '/home/pratik/IITB_RacingTeam/AISD_Module/shm_visualization_Checkpoint1/install/shm/local/lib/python3.10/dist-packages/shm'...
[5.047s] Compiling '/home/pratik/IITB_RacingTeam/AISD_Module/shm_visualization_Checkpoint1/install/shm/local/lib/python3.10/dist-packages/shm/__init__.py'...
[5.047s] Listing '/home/pratik/IITB_RacingTeam/AISD_Module/shm_visualization_Checkpoint1/install/shm/local/lib/python3.10/dist-packages/shm/srv'...
[5.047s] Compiling '/home/pratik/IITB_RacingTeam/AISD_Module/shm_visualization_Checkpoint1/install/shm/local/lib/python3.10/dist-packages/shm/srv/__init__.py'...
[5.047s] Compiling '/home/pratik/IITB_RacingTeam/AISD_Module/shm_visualization_Checkpoint1/install/shm/local/lib/python3.10/dist-packages/shm/srv/_apply_force.py'...
[5.047s] Compiling '/home/pratik/IITB_RacingTeam/AISD_Module/shm_visualization_Checkpoint1/install/shm/local/lib/python3.10/dist-packages/shm/srv/_set_shm_params.py'...
[5.050s] -- Installing: /home/pratik/IITB_RacingTeam/AISD_Module/shm_visualization_Checkpoint1/install/shm/local/lib/python3.10/dist-packages/shm/shm_s__rosidl_typesupport_fastrtps_c.cpython-310-x86_64-linux-gnu.so
[5.050s] -- Set runtime path of "/home/pratik/IITB_RacingTeam/AISD_Module/shm_visualization_Checkpoint1/install/shm/local/lib/python3.10/dist-packages/shm/shm_s__rosidl_typesupport_fastrtps_c.cpython-310-x86_64-linux-gnu.so" to ""
[5.050s] -- Installing: /home/pratik/IITB_RacingTeam/AISD_Module/shm_visualization_Checkpoint1/install/shm/local/lib/python3.10/dist-packages/shm/shm_s__rosidl_typesupport_introspection_c.cpython-310-x86_64-linux-gnu.so
[5.050s] -- Set runtime path of "/home/pratik/IITB_RacingTeam/AISD_Module/shm_visualization_Checkpoint1/install/shm/local/lib/python3.10/dist-packages/shm/shm_s__rosidl_typesupport_introspection_c.cpython-310-x86_64-linux-gnu.so" to ""
[5.050s] -- Installing: /home/pratik/IITB_RacingTeam/AISD_Module/shm_visualization_Checkpoint1/install/shm/local/lib/python3.10/dist-packages/shm/shm_s__rosidl_typesupport_c.cpython-310-x86_64-linux-gnu.so
[5.050s] -- Set runtime path of "/home/pratik/IITB_RacingTeam/AISD_Module/shm_visualization_Checkpoint1/install/shm/local/lib/python3.10/dist-packages/shm/shm_s__rosidl_typesupport_c.cpython-310-x86_64-linux-gnu.so" to ""
[5.050s] -- Installing: /home/pratik/IITB_RacingTeam/AISD_Module/shm_visualization_Checkpoint1/install/shm/lib/libshm__rosidl_generator_py.so
[5.050s] -- Set runtime path of "/home/pratik/IITB_RacingTeam/AISD_Module/shm_visualization_Checkpoint1/install/shm/lib/libshm__rosidl_generator_py.so" to ""
[5.050s] -- Installing: /home/pratik/IITB_RacingTeam/AISD_Module/shm_visualization_Checkpoint1/install/shm/share/shm/srv/SetSHMParams.idl
[5.050s] -- Installing: /home/pratik/IITB_RacingTeam/AISD_Module/shm_visualization_Checkpoint1/install/shm/share/shm/srv/ApplyForce.idl
[5.050s] -- Installing: /home/pratik/IITB_RacingTeam/AISD_Module/shm_visualization_Checkpoint1/install/shm/share/shm/srv/SetSHMParams.srv
[5.050s] -- Installing: /home/pratik/IITB_RacingTeam/AISD_Module/shm_visualization_Checkpoint1/install/shm/share/shm/srv/SetSHMParams_Request.msg
[5.050s] -- Installing: /home/pratik/IITB_RacingTeam/AISD_Module/shm_visualization_Checkpoint1/install/shm/share/shm/srv/SetSHMParams_Response.msg
[5.051s] -- Installing: /home/pratik/IITB_RacingTeam/AISD_Module/shm_visualization_Checkpoint1/install/shm/share/shm/srv/ApplyForce.srv
[5.051s] -- Installing: /home/pratik/IITB_RacingTeam/AISD_Module/shm_visualization_Checkpoint1/install/shm/share/shm/srv/ApplyForce_Request.msg
[5.051s] -- Installing: /home/pratik/IITB_RacingTeam/AISD_Module/shm_visualization_Checkpoint1/install/shm/share/shm/srv/ApplyForce_Response.msg
[5.051s] -- Installing: /home/pratik/IITB_RacingTeam/AISD_Module/shm_visualization_Checkpoint1/install/shm/lib/shm/damped_shm_node
[5.051s] -- Set runtime path of "/home/pratik/IITB_RacingTeam/AISD_Module/shm_visualization_Checkpoint1/install/shm/lib/shm/damped_shm_node" to ""
[5.051s] -- Installing: /home/pratik/IITB_RacingTeam/AISD_Module/shm_visualization_Checkpoint1/install/shm/share/ament_index/resource_index/package_run_dependencies/shm
[5.051s] -- Installing: /home/pratik/IITB_RacingTeam/AISD_Module/shm_visualization_Checkpoint1/install/shm/share/ament_index/resource_index/parent_prefix_path/shm
[5.051s] -- Installing: /home/pratik/IITB_RacingTeam/AISD_Module/shm_visualization_Checkpoint1/install/shm/share/shm/environment/ament_prefix_path.sh
[5.051s] -- Installing: /home/pratik/IITB_RacingTeam/AISD_Module/shm_visualization_Checkpoint1/install/shm/share/shm/environment/ament_prefix_path.dsv
[5.052s] -- Installing: /home/pratik/IITB_RacingTeam/AISD_Module/shm_visualization_Checkpoint1/install/shm/share/shm/environment/path.sh
[5.052s] -- Installing: /home/pratik/IITB_RacingTeam/AISD_Module/shm_visualization_Checkpoint1/install/shm/share/shm/environment/path.dsv
[5.052s] -- Installing: /home/pratik/IITB_RacingTeam/AISD_Module/shm_visualization_Checkpoint1/install/shm/share/shm/local_setup.bash
[5.052s] -- Installing: /home/pratik/IITB_RacingTeam/AISD_Module/shm_visualization_Checkpoint1/install/shm/share/shm/local_setup.sh
[5.052s] -- Installing: /home/pratik/IITB_RacingTeam/AISD_Module/shm_visualization_Checkpoint1/install/shm/share/shm/local_setup.zsh
[5.052s] -- Installing: /home/pratik/IITB_RacingTeam/AISD_Module/shm_visualization_Checkpoint1/install/shm/share/shm/local_setup.dsv
[5.052s] -- Installing: /home/pratik/IITB_RacingTeam/AISD_Module/shm_visualization_Checkpoint1/install/shm/share/shm/package.dsv
[5.052s] -- Installing: /home/pratik/IITB_RacingTeam/AISD_Module/shm_visualization_Checkpoint1/install/shm/share/ament_index/resource_index/packages/shm
[5.052s] -- Installing: /home/pratik/IITB_RacingTeam/AISD_Module/shm_visualization_Checkpoint1/install/shm/share/shm/cmake/export_shm__rosidl_generator_cExport.cmake
[5.052s] -- Installing: /home/pratik/IITB_RacingTeam/AISD_Module/shm_visualization_Checkpoint1/install/shm/share/shm/cmake/export_shm__rosidl_generator_cExport-noconfig.cmake
[5.052s] -- Installing: /home/pratik/IITB_RacingTeam/AISD_Module/shm_visualization_Checkpoint1/install/shm/share/shm/cmake/export_shm__rosidl_typesupport_fastrtps_cExport.cmake
[5.052s] -- Installing: /home/pratik/IITB_RacingTeam/AISD_Module/shm_visualization_Checkpoint1/install/shm/share/shm/cmake/export_shm__rosidl_typesupport_fastrtps_cExport-noconfig.cmake
[5.052s] -- Installing: /home/pratik/IITB_RacingTeam/AISD_Module/shm_visualization_Checkpoint1/install/shm/share/shm/cmake/export_shm__rosidl_generator_cppExport.cmake
[5.052s] -- Installing: /home/pratik/IITB_RacingTeam/AISD_Module/shm_visualization_Checkpoint1/install/shm/share/shm/cmake/export_shm__rosidl_typesupport_fastrtps_cppExport.cmake
[5.052s] -- Installing: /home/pratik/IITB_RacingTeam/AISD_Module/shm_visualization_Checkpoint1/install/shm/share/shm/cmake/export_shm__rosidl_typesupport_fastrtps_cppExport-noconfig.cmake
[5.052s] -- Installing: /home/pratik/IITB_RacingTeam/AISD_Module/shm_visualization_Checkpoint1/install/shm/share/shm/cmake/shm__rosidl_typesupport_introspection_cExport.cmake
[5.053s] -- Installing: /home/pratik/IITB_RacingTeam/AISD_Module/shm_visualization_Checkpoint1/install/shm/share/shm/cmake/shm__rosidl_typesupport_introspection_cExport-noconfig.cmake
[5.053s] -- Installing: /home/pratik/IITB_RacingTeam/AISD_Module/shm_visualization_Checkpoint1/install/shm/share/shm/cmake/shm__rosidl_typesupport_cExport.cmake
[5.053s] -- Installing: /home/pratik/IITB_RacingTeam/AISD_Module/shm_visualization_Checkpoint1/install/shm/share/shm/cmake/shm__rosidl_typesupport_cExport-noconfig.cmake
[5.053s] -- Installing: /home/pratik/IITB_RacingTeam/AISD_Module/shm_visualization_Checkpoint1/install/shm/share/shm/cmake/shm__rosidl_typesupport_introspection_cppExport.cmake
[5.053s] -- Installing: /home/pratik/IITB_RacingTeam/AISD_Module/shm_visualization_Checkpoint1/install/shm/share/shm/cmake/shm__rosidl_typesupport_introspection_cppExport-noconfig.cmake
[5.053s] -- Installing: /home/pratik/IITB_RacingTeam/AISD_Module/shm_visualization_Checkpoint1/install/shm/share/shm/cmake/shm__rosidl_typesupport_cppExport.cmake
[5.053s] -- Installing: /home/pratik/IITB_RacingTeam/AISD_Module/shm_visualization_Checkpoint1/install/shm/share/shm/cmake/shm__rosidl_typesupport_cppExport-noconfig.cmake
[5.053s] -- Installing: /home/pratik/IITB_RacingTeam/AISD_Module/shm_visualization_Checkpoint1/install/shm/share/shm/cmake/export_shm__rosidl_generator_pyExport.cmake
[5.053s] -- Installing: /home/pratik/IITB_RacingTeam/AISD_Module/shm_visualization_Checkpoint1/install/shm/share/shm/cmake/export_shm__rosidl_generator_pyExport-noconfig.cmake
[5.053s] -- Installing: /home/pratik/IITB_RacingTeam/AISD_Module/shm_visualization_Checkpoint1/install/shm/share/shm/cmake/rosidl_cmake-extras.cmake
[5.053s] -- Installing: /home/pratik/IITB_RacingTeam/AISD_Module/shm_visualization_Checkpoint1/install/shm/share/shm/cmake/ament_cmake_export_include_directories-extras.cmake
[5.053s] -- Installing: /home/pratik/IITB_RacingTeam/AISD_Module/shm_visualization_Checkpoint1/install/shm/share/shm/cmake/ament_cmake_export_libraries-extras.cmake
[5.053s] -- Installing: /home/pratik/IITB_RacingTeam/AISD_Module/shm_visualization_Checkpoint1/install/shm/share/shm/cmake/ament_cmake_export_targets-extras.cmake
[5.053s] -- Installing: /home/pratik/IITB_RacingTeam/AISD_Module/shm_visualization_Checkpoint1/install/shm/share/shm/cmake/rosidl_cmake_export_typesupport_targets-extras.cmake
[5.053s] -- Installing: /home/pratik/IITB_RacingTeam/AISD_Module/shm_visualization_Checkpoint1/install/shm/share/shm/cmake/ament_cmake_export_dependencies-extras.cmake
[5.053s] -- Installing: /home/pratik/IITB_RacingTeam/AISD_Module/shm_visualization_Checkpoint1/install/shm/share/shm/cmake/rosidl_cmake_export_typesupport_libraries-extras.cmake
[5.053s] -- Installing: /home/pratik/IITB_RacingTeam/AISD_Module/shm_visualization_Checkpoint1/install/shm/share/shm/cmake/shmConfig.cmake
[5.054s] -- Installing: /home/pratik/IITB_RacingTeam/AISD_Module/shm_visualization_Checkpoint1/install/shm/share/shm/cmake/shmConfig-version.cmake
[5.054s] -- Installing: /home/pratik/IITB_RacingTeam/AISD_Module/shm_visualization_Checkpoint1/install/shm/share/shm/package.xml
[5.054s] Invoked command in '/home/pratik/IITB_RacingTeam/AISD_Module/shm_visualization_Checkpoint1/build/shm' returned '0': CMAKE_PREFIX_PATH=${CMAKE_PREFIX_PATH}:/opt/ros/humble /usr/bin/cmake --install /home/pratik/IITB_RacingTeam/AISD_Module/shm_visualization_Checkpoint1/build/shm
