[0.005s] Invoking command in '/home/pratik/IITB_RacingTeam/AISD_Module/shm_visualization_Checkpoint1/build/shm': CMAKE_PREFIX_PATH=${CMAKE_PREFIX_PATH}:/opt/ros/humble /usr/bin/cmake /home/pratik/IITB_RacingTeam/AISD_Module/shm_visualization_Checkpoint1/shm -DCMAKE_INSTALL_PREFIX=/home/pratik/IITB_RacingTeam/AISD_Module/shm_visualization_Checkpoint1/install/shm
[0.064s] -- The C compiler identification is GNU 11.4.0
[0.118s] -- The CXX compiler identification is GNU 11.4.0
[0.122s] -- Detecting C compiler ABI info
[0.189s] -- Detecting C compiler ABI info - done
[0.194s] -- Check for working C compiler: /usr/bin/cc - skipped
[0.195s] -- Detecting C compile features
[0.195s] -- Detecting C compile features - done
[0.198s] -- Detecting CXX compiler ABI info
[0.285s] -- Detecting CXX compiler ABI info - done
[0.294s] -- Check for working CXX compiler: /usr/bin/c++ - skipped
[0.294s] -- Detecting CXX compile features
[0.294s] -- Detecting CXX compile features - done
[0.295s] -- Found ament_cmake: 1.3.12 (/opt/ros/humble/share/ament_cmake/cmake)
[0.405s] -- Found Python3: /usr/bin/python3 (found version "3.10.12") found components: Interpreter 
[0.453s] -- Found rclcpp: 16.0.16 (/opt/ros/humble/share/rclcpp/cmake)
[0.474s] -- Found rosidl_generator_c: 3.1.7 (/opt/ros/humble/share/rosidl_generator_c/cmake)
[0.477s] -- Found rosidl_adapter: 3.1.7 (/opt/ros/humble/share/rosidl_adapter/cmake)
[0.481s] -- Found rosidl_generator_cpp: 3.1.7 (/opt/ros/humble/share/rosidl_generator_cpp/cmake)
[0.486s] -- Using all available rosidl_typesupport_c: rosidl_typesupport_fastrtps_c;rosidl_typesupport_introspection_c
[0.494s] -- Using all available rosidl_typesupport_cpp: rosidl_typesupport_fastrtps_cpp;rosidl_typesupport_introspection_cpp
[0.515s] -- Found rmw_implementation_cmake: 6.1.2 (/opt/ros/humble/share/rmw_implementation_cmake/cmake)
[0.516s] -- Found rmw_fastrtps_cpp: 6.2.9 (/opt/ros/humble/share/rmw_fastrtps_cpp/cmake)
[0.579s] -- Found OpenSSL: /usr/lib/x86_64-linux-gnu/libcrypto.so (found version "3.0.2")  
[0.603s] -- Found FastRTPS: /opt/ros/humble/include  
[0.630s] -- Using RMW implementation 'rmw_fastrtps_cpp' as default
[0.638s] -- Looking for pthread.h
[0.709s] -- Looking for pthread.h - found
[0.710s] -- Performing Test CMAKE_HAVE_LIBC_PTHREAD
[0.781s] -- Performing Test CMAKE_HAVE_LIBC_PTHREAD - Success
[0.782s] -- Found Threads: TRUE  
[0.814s] -- Found visualization_msgs: 4.9.0 (/opt/ros/humble/share/visualization_msgs/cmake)
[0.840s] -- Found rosidl_default_generators: 1.2.0 (/opt/ros/humble/share/rosidl_default_generators/cmake)
[1.014s] -- Found ament_cmake_ros: 0.10.0 (/opt/ros/humble/share/ament_cmake_ros/cmake)
[1.211s] -- Using all available rosidl_typesupport_c: rosidl_typesupport_fastrtps_c;rosidl_typesupport_introspection_c
[1.291s] -- Using all available rosidl_typesupport_cpp: rosidl_typesupport_fastrtps_cpp;rosidl_typesupport_introspection_cpp
[1.311s] -- Found PythonInterp: /usr/bin/python3 (found suitable version "3.10.12", minimum required is "3.6") 
[1.312s] -- Found python_cmake_module: 0.10.0 (/opt/ros/humble/share/python_cmake_module/cmake)
[1.332s] -- Found PythonLibs: /usr/lib/x86_64-linux-gnu/libpython3.10.so (found suitable version "3.10.12", minimum required is "3.5") 
[1.332s] -- Using PYTHON_EXECUTABLE: /usr/bin/python3
[1.332s] -- Using PYTHON_INCLUDE_DIRS: /usr/include/python3.10
[1.332s] -- Using PYTHON_LIBRARIES: /usr/lib/x86_64-linux-gnu/libpython3.10.so
[1.345s] -- Found PythonExtra: .so  
[1.366s] [31mCMake Error at /opt/ros/humble/share/ament_cmake_target_dependencies/cmake/ament_target_dependencies.cmake:128 (target_compile_definitions):
[1.366s]   target_compile_definitions called with non-compilable target type
[1.366s] Call Stack (most recent call first):
[1.366s]   CMakeLists.txt:28 (ament_target_dependencies)
[1.366s] 
[1.366s] [0m
[1.366s] [31mCMake Error at /opt/ros/humble/share/ament_cmake_target_dependencies/cmake/ament_target_dependencies.cmake:141 (target_include_directories):
[1.366s]   target_include_directories called with non-compilable target type
[1.366s] Call Stack (most recent call first):
[1.366s]   CMakeLists.txt:28 (ament_target_dependencies)
[1.366s] 
[1.366s] [0m
[1.366s] [31mCMake Error at /opt/ros/humble/share/ament_cmake_target_dependencies/cmake/ament_target_dependencies.cmake:145 (target_link_libraries):
[1.367s]   Utility target "shm" must not be used as the target of a
[1.367s]   target_link_libraries call.
[1.367s] Call Stack (most recent call first):
[1.367s]   CMakeLists.txt:28 (ament_target_dependencies)
[1.367s] 
[1.367s] [0m
[1.367s] [31mCMake Error at /opt/ros/humble/share/ament_cmake_target_dependencies/cmake/ament_target_dependencies.cmake:147 (target_include_directories):
[1.367s]   target_include_directories called with non-compilable target type
[1.367s] Call Stack (most recent call first):
[1.367s]   CMakeLists.txt:28 (ament_target_dependencies)
[1.367s] 
[1.367s] [0m
[1.367s] [31mCMake Error at /opt/ros/humble/share/ament_cmake_target_dependencies/cmake/ament_target_dependencies.cmake:151 (target_link_libraries):
[1.367s]   Utility target "shm" must not be used as the target of a
[1.367s]   target_link_libraries call.
[1.367s] Call Stack (most recent call first):
[1.367s]   CMakeLists.txt:28 (ament_target_dependencies)
[1.368s] 
[1.368s] [0m
[1.368s] [0mCMake Deprecation Warning at /opt/ros/humble/share/rosidl_cmake/cmake/rosidl_target_interfaces.cmake:32 (message):
[1.368s]   Use rosidl_get_typesupport_target() and target_link_libraries() instead of
[1.368s]   rosidl_target_interfaces()
[1.368s] Call Stack (most recent call first):
[1.368s]   CMakeLists.txt:36 (rosidl_target_interfaces)
[1.368s] 
[1.368s] [0m
[1.368s] [31mCMake Error at /opt/ros/humble/share/rosidl_cmake/cmake/rosidl_target_interfaces.cmake:58 (target_link_libraries):
[1.368s]   Utility target "shm" must not be used as the target of a
[1.368s]   target_link_libraries call.
[1.368s] Call Stack (most recent call first):
[1.368s]   CMakeLists.txt:36 (rosidl_target_interfaces)
[1.368s] 
[1.369s] [0m
[1.369s] [31mCMake Error at CMakeLists.txt:41 (install):
[1.369s]   install TARGETS given target "shm" which is not an executable, library, or
[1.369s]   module.
[1.369s] 
[1.369s] [0m
[1.369s] -- Configuring incomplete, errors occurred!
[1.369s] See also "/home/pratik/IITB_RacingTeam/AISD_Module/shm_visualization_Checkpoint1/build/shm/CMakeFiles/CMakeOutput.log".
[1.376s] Invoked command in '/home/pratik/IITB_RacingTeam/AISD_Module/shm_visualization_Checkpoint1/build/shm' returned '1': CMAKE_PREFIX_PATH=${CMAKE_PREFIX_PATH}:/opt/ros/humble /usr/bin/cmake /home/pratik/IITB_RacingTeam/AISD_Module/shm_visualization_Checkpoint1/shm -DCMAKE_INSTALL_PREFIX=/home/pratik/IITB_RacingTeam/AISD_Module/shm_visualization_Checkpoint1/install/shm
