[  9%] Built target shm__rosidl_generator_c
[ 12%] Built target shm__cpp
[ 12%] Built target ament_cmake_python_copy_shm
[ 21%] Built target shm__rosidl_typesupport_introspection_c
[ 31%] Built target shm__rosidl_typesupport_introspection_cpp
[ 41%] Built target shm__rosidl_typesupport_fastrtps_cpp
[ 51%] Built target shm__rosidl_typesupport_fastrtps_c
[ 60%] Built target shm__rosidl_typesupport_c
[ 70%] Built target shm__rosidl_typesupport_cpp
[ 70%] Built target shm
[ 73%] Built target shm__py
[ 78%] Built target damped_shm_node
[ 85%] Built target shm__rosidl_generator_py
[ 90%] Built target shm__rosidl_typesupport_c__pyext
[ 95%] Built target shm__rosidl_typesupport_introspection_c__pyext
[100%] Built target shm__rosidl_typesupport_fastrtps_c__pyext
running egg_info
writing shm.egg-info/PKG-INFO
writing dependency_links to shm.egg-info/dependency_links.txt
writing top-level names to shm.egg-info/top_level.txt
reading manifest file 'shm.egg-info/SOURCES.txt'
writing manifest file 'shm.egg-info/SOURCES.txt'
[100%] Built target ament_cmake_python_build_shm_egg
-- Install configuration: ""
-- Up-to-date: /home/pratik/IITB_RacingTeam/AISD_Module/shm_visualization_Checkpoint1/shm/install/shm/share/ament_index/resource_index/rosidl_interfaces/shm
-- Up-to-date: /home/pratik/IITB_RacingTeam/AISD_Module/shm_visualization_Checkpoint1/shm/install/shm/include/shm/shm
-- Up-to-date: /home/pratik/IITB_RacingTeam/AISD_Module/shm_visualization_Checkpoint1/shm/install/shm/include/shm/shm/srv
-- Up-to-date: /home/pratik/IITB_RacingTeam/AISD_Module/shm_visualization_Checkpoint1/shm/install/shm/include/shm/shm/srv/detail
-- Up-to-date: /home/pratik/IITB_RacingTeam/AISD_Module/shm_visualization_Checkpoint1/shm/install/shm/include/shm/shm/srv/detail/apply_force__struct.h
-- Up-to-date: /home/pratik/IITB_RacingTeam/AISD_Module/shm_visualization_Checkpoint1/shm/install/shm/include/shm/shm/srv/detail/apply_force__functions.c
-- Up-to-date: /home/pratik/IITB_RacingTeam/AISD_Module/shm_visualization_Checkpoint1/shm/install/shm/include/shm/shm/srv/detail/set_shm_params__functions.c
-- Up-to-date: /home/pratik/IITB_RacingTeam/AISD_Module/shm_visualization_Checkpoint1/shm/install/shm/include/shm/shm/srv/detail/apply_force__functions.h
-- Up-to-date: /home/pratik/IITB_RacingTeam/AISD_Module/shm_visualization_Checkpoint1/shm/install/shm/include/shm/shm/srv/detail/apply_force__type_support.h
-- Up-to-date: /home/pratik/IITB_RacingTeam/AISD_Module/shm_visualization_Checkpoint1/shm/install/shm/include/shm/shm/srv/detail/set_shm_params__functions.h
-- Up-to-date: /home/pratik/IITB_RacingTeam/AISD_Module/shm_visualization_Checkpoint1/shm/install/shm/include/shm/shm/srv/detail/set_shm_params__struct.h
-- Up-to-date: /home/pratik/IITB_RacingTeam/AISD_Module/shm_visualization_Checkpoint1/shm/install/shm/include/shm/shm/srv/detail/set_shm_params__type_support.h
-- Up-to-date: /home/pratik/IITB_RacingTeam/AISD_Module/shm_visualization_Checkpoint1/shm/install/shm/include/shm/shm/srv/apply_force.h
-- Up-to-date: /home/pratik/IITB_RacingTeam/AISD_Module/shm_visualization_Checkpoint1/shm/install/shm/include/shm/shm/srv/set_shm_params.h
-- Up-to-date: /home/pratik/IITB_RacingTeam/AISD_Module/shm_visualization_Checkpoint1/shm/install/shm/include/shm/shm/msg
-- Up-to-date: /home/pratik/IITB_RacingTeam/AISD_Module/shm_visualization_Checkpoint1/shm/install/shm/include/shm/shm/msg/rosidl_generator_c__visibility_control.h
-- Up-to-date: /home/pratik/IITB_RacingTeam/AISD_Module/shm_visualization_Checkpoint1/shm/install/shm/share/shm/environment/library_path.sh
-- Up-to-date: /home/pratik/IITB_RacingTeam/AISD_Module/shm_visualization_Checkpoint1/shm/install/shm/share/shm/environment/library_path.dsv
-- Up-to-date: /home/pratik/IITB_RacingTeam/AISD_Module/shm_visualization_Checkpoint1/shm/install/shm/lib/libshm__rosidl_generator_c.so
-- Up-to-date: /home/pratik/IITB_RacingTeam/AISD_Module/shm_visualization_Checkpoint1/shm/install/shm/include/shm/shm
-- Up-to-date: /home/pratik/IITB_RacingTeam/AISD_Module/shm_visualization_Checkpoint1/shm/install/shm/include/shm/shm/srv
-- Up-to-date: /home/pratik/IITB_RacingTeam/AISD_Module/shm_visualization_Checkpoint1/shm/install/shm/include/shm/shm/srv/detail
-- Up-to-date: /home/pratik/IITB_RacingTeam/AISD_Module/shm_visualization_Checkpoint1/shm/install/shm/include/shm/shm/srv/detail/set_shm_params__rosidl_typesupport_fastrtps_c.h
-- Up-to-date: /home/pratik/IITB_RacingTeam/AISD_Module/shm_visualization_Checkpoint1/shm/install/shm/include/shm/shm/srv/detail/apply_force__rosidl_typesupport_fastrtps_c.h
-- Up-to-date: /home/pratik/IITB_RacingTeam/AISD_Module/shm_visualization_Checkpoint1/shm/install/shm/include/shm/shm/msg
-- Up-to-date: /home/pratik/IITB_RacingTeam/AISD_Module/shm_visualization_Checkpoint1/shm/install/shm/include/shm/shm/msg/rosidl_typesupport_fastrtps_c__visibility_control.h
-- Up-to-date: /home/pratik/IITB_RacingTeam/AISD_Module/shm_visualization_Checkpoint1/shm/install/shm/lib/libshm__rosidl_typesupport_fastrtps_c.so
-- Up-to-date: /home/pratik/IITB_RacingTeam/AISD_Module/shm_visualization_Checkpoint1/shm/install/shm/include/shm/shm
-- Up-to-date: /home/pratik/IITB_RacingTeam/AISD_Module/shm_visualization_Checkpoint1/shm/install/shm/include/shm/shm/srv
-- Up-to-date: /home/pratik/IITB_RacingTeam/AISD_Module/shm_visualization_Checkpoint1/shm/install/shm/include/shm/shm/srv/apply_force.hpp
-- Up-to-date: /home/pratik/IITB_RacingTeam/AISD_Module/shm_visualization_Checkpoint1/shm/install/shm/include/shm/shm/srv/detail
-- Up-to-date: /home/pratik/IITB_RacingTeam/AISD_Module/shm_visualization_Checkpoint1/shm/install/shm/include/shm/shm/srv/detail/apply_force__builder.hpp
-- Up-to-date: /home/pratik/IITB_RacingTeam/AISD_Module/shm_visualization_Checkpoint1/shm/install/shm/include/shm/shm/srv/detail/set_shm_params__struct.hpp
-- Up-to-date: /home/pratik/IITB_RacingTeam/AISD_Module/shm_visualization_Checkpoint1/shm/install/shm/include/shm/shm/srv/detail/set_shm_params__type_support.hpp
-- Up-to-date: /home/pratik/IITB_RacingTeam/AISD_Module/shm_visualization_Checkpoint1/shm/install/shm/include/shm/shm/srv/detail/apply_force__struct.hpp
-- Up-to-date: /home/pratik/IITB_RacingTeam/AISD_Module/shm_visualization_Checkpoint1/shm/install/shm/include/shm/shm/srv/detail/set_shm_params__traits.hpp
-- Up-to-date: /home/pratik/IITB_RacingTeam/AISD_Module/shm_visualization_Checkpoint1/shm/install/shm/include/shm/shm/srv/detail/apply_force__traits.hpp
-- Up-to-date: /home/pratik/IITB_RacingTeam/AISD_Module/shm_visualization_Checkpoint1/shm/install/shm/include/shm/shm/srv/detail/apply_force__type_support.hpp
-- Up-to-date: /home/pratik/IITB_RacingTeam/AISD_Module/shm_visualization_Checkpoint1/shm/install/shm/include/shm/shm/srv/detail/set_shm_params__builder.hpp
-- Up-to-date: /home/pratik/IITB_RacingTeam/AISD_Module/shm_visualization_Checkpoint1/shm/install/shm/include/shm/shm/srv/set_shm_params.hpp
-- Up-to-date: /home/pratik/IITB_RacingTeam/AISD_Module/shm_visualization_Checkpoint1/shm/install/shm/include/shm/shm/msg
-- Up-to-date: /home/pratik/IITB_RacingTeam/AISD_Module/shm_visualization_Checkpoint1/shm/install/shm/include/shm/shm/msg/rosidl_generator_cpp__visibility_control.hpp
-- Up-to-date: /home/pratik/IITB_RacingTeam/AISD_Module/shm_visualization_Checkpoint1/shm/install/shm/include/shm/shm
-- Up-to-date: /home/pratik/IITB_RacingTeam/AISD_Module/shm_visualization_Checkpoint1/shm/install/shm/include/shm/shm/srv
-- Up-to-date: /home/pratik/IITB_RacingTeam/AISD_Module/shm_visualization_Checkpoint1/shm/install/shm/include/shm/shm/srv/detail
-- Up-to-date: /home/pratik/IITB_RacingTeam/AISD_Module/shm_visualization_Checkpoint1/shm/install/shm/include/shm/shm/srv/detail/dds_fastrtps
-- Up-to-date: /home/pratik/IITB_RacingTeam/AISD_Module/shm_visualization_Checkpoint1/shm/install/shm/include/shm/shm/srv/detail/set_shm_params__rosidl_typesupport_fastrtps_cpp.hpp
-- Up-to-date: /home/pratik/IITB_RacingTeam/AISD_Module/shm_visualization_Checkpoint1/shm/install/shm/include/shm/shm/srv/detail/apply_force__rosidl_typesupport_fastrtps_cpp.hpp
-- Up-to-date: /home/pratik/IITB_RacingTeam/AISD_Module/shm_visualization_Checkpoint1/shm/install/shm/include/shm/shm/msg
-- Up-to-date: /home/pratik/IITB_RacingTeam/AISD_Module/shm_visualization_Checkpoint1/shm/install/shm/include/shm/shm/msg/rosidl_typesupport_fastrtps_cpp__visibility_control.h
-- Up-to-date: /home/pratik/IITB_RacingTeam/AISD_Module/shm_visualization_Checkpoint1/shm/install/shm/lib/libshm__rosidl_typesupport_fastrtps_cpp.so
-- Up-to-date: /home/pratik/IITB_RacingTeam/AISD_Module/shm_visualization_Checkpoint1/shm/install/shm/include/shm/shm
-- Up-to-date: /home/pratik/IITB_RacingTeam/AISD_Module/shm_visualization_Checkpoint1/shm/install/shm/include/shm/shm/srv
-- Up-to-date: /home/pratik/IITB_RacingTeam/AISD_Module/shm_visualization_Checkpoint1/shm/install/shm/include/shm/shm/srv/detail
-- Up-to-date: /home/pratik/IITB_RacingTeam/AISD_Module/shm_visualization_Checkpoint1/shm/install/shm/include/shm/shm/srv/detail/set_shm_params__rosidl_typesupport_introspection_c.h
-- Up-to-date: /home/pratik/IITB_RacingTeam/AISD_Module/shm_visualization_Checkpoint1/shm/install/shm/include/shm/shm/srv/detail/apply_force__rosidl_typesupport_introspection_c.h
-- Up-to-date: /home/pratik/IITB_RacingTeam/AISD_Module/shm_visualization_Checkpoint1/shm/install/shm/include/shm/shm/srv/detail/set_shm_params__type_support.c
-- Up-to-date: /home/pratik/IITB_RacingTeam/AISD_Module/shm_visualization_Checkpoint1/shm/install/shm/include/shm/shm/srv/detail/apply_force__type_support.c
-- Up-to-date: /home/pratik/IITB_RacingTeam/AISD_Module/shm_visualization_Checkpoint1/shm/install/shm/include/shm/shm/msg
-- Up-to-date: /home/pratik/IITB_RacingTeam/AISD_Module/shm_visualization_Checkpoint1/shm/install/shm/include/shm/shm/msg/rosidl_typesupport_introspection_c__visibility_control.h
-- Up-to-date: /home/pratik/IITB_RacingTeam/AISD_Module/shm_visualization_Checkpoint1/shm/install/shm/lib/libshm__rosidl_typesupport_introspection_c.so
-- Up-to-date: /home/pratik/IITB_RacingTeam/AISD_Module/shm_visualization_Checkpoint1/shm/install/shm/lib/libshm__rosidl_typesupport_c.so
-- Up-to-date: /home/pratik/IITB_RacingTeam/AISD_Module/shm_visualization_Checkpoint1/shm/install/shm/include/shm/shm
-- Up-to-date: /home/pratik/IITB_RacingTeam/AISD_Module/shm_visualization_Checkpoint1/shm/install/shm/include/shm/shm/srv
-- Up-to-date: /home/pratik/IITB_RacingTeam/AISD_Module/shm_visualization_Checkpoint1/shm/install/shm/include/shm/shm/srv/detail
-- Up-to-date: /home/pratik/IITB_RacingTeam/AISD_Module/shm_visualization_Checkpoint1/shm/install/shm/include/shm/shm/srv/detail/set_shm_params__type_support.cpp
-- Up-to-date: /home/pratik/IITB_RacingTeam/AISD_Module/shm_visualization_Checkpoint1/shm/install/shm/include/shm/shm/srv/detail/apply_force__type_support.cpp
-- Up-to-date: /home/pratik/IITB_RacingTeam/AISD_Module/shm_visualization_Checkpoint1/shm/install/shm/include/shm/shm/srv/detail/set_shm_params__rosidl_typesupport_introspection_cpp.hpp
-- Up-to-date: /home/pratik/IITB_RacingTeam/AISD_Module/shm_visualization_Checkpoint1/shm/install/shm/include/shm/shm/srv/detail/apply_force__rosidl_typesupport_introspection_cpp.hpp
-- Up-to-date: /home/pratik/IITB_RacingTeam/AISD_Module/shm_visualization_Checkpoint1/shm/install/shm/lib/libshm__rosidl_typesupport_introspection_cpp.so
-- Up-to-date: /home/pratik/IITB_RacingTeam/AISD_Module/shm_visualization_Checkpoint1/shm/install/shm/lib/libshm__rosidl_typesupport_cpp.so
-- Up-to-date: /home/pratik/IITB_RacingTeam/AISD_Module/shm_visualization_Checkpoint1/shm/install/shm/share/shm/environment/pythonpath.sh
-- Up-to-date: /home/pratik/IITB_RacingTeam/AISD_Module/shm_visualization_Checkpoint1/shm/install/shm/share/shm/environment/pythonpath.dsv
-- Up-to-date: /home/pratik/IITB_RacingTeam/AISD_Module/shm_visualization_Checkpoint1/shm/install/shm/local/lib/python3.10/dist-packages/shm-0.0.0-py3.10.egg-info
-- Installing: /home/pratik/IITB_RacingTeam/AISD_Module/shm_visualization_Checkpoint1/shm/install/shm/local/lib/python3.10/dist-packages/shm-0.0.0-py3.10.egg-info/PKG-INFO
-- Installing: /home/pratik/IITB_RacingTeam/AISD_Module/shm_visualization_Checkpoint1/shm/install/shm/local/lib/python3.10/dist-packages/shm-0.0.0-py3.10.egg-info/SOURCES.txt
-- Installing: /home/pratik/IITB_RacingTeam/AISD_Module/shm_visualization_Checkpoint1/shm/install/shm/local/lib/python3.10/dist-packages/shm-0.0.0-py3.10.egg-info/top_level.txt
-- Installing: /home/pratik/IITB_RacingTeam/AISD_Module/shm_visualization_Checkpoint1/shm/install/shm/local/lib/python3.10/dist-packages/shm-0.0.0-py3.10.egg-info/dependency_links.txt
-- Up-to-date: /home/pratik/IITB_RacingTeam/AISD_Module/shm_visualization_Checkpoint1/shm/install/shm/local/lib/python3.10/dist-packages/shm
-- Up-to-date: /home/pratik/IITB_RacingTeam/AISD_Module/shm_visualization_Checkpoint1/shm/install/shm/local/lib/python3.10/dist-packages/shm/shm_s__rosidl_typesupport_fastrtps_c.cpython-310-x86_64-linux-gnu.so
-- Up-to-date: /home/pratik/IITB_RacingTeam/AISD_Module/shm_visualization_Checkpoint1/shm/install/shm/local/lib/python3.10/dist-packages/shm/_shm_s.ep.rosidl_typesupport_c.c
-- Up-to-date: /home/pratik/IITB_RacingTeam/AISD_Module/shm_visualization_Checkpoint1/shm/install/shm/local/lib/python3.10/dist-packages/shm/__init__.py
-- Up-to-date: /home/pratik/IITB_RacingTeam/AISD_Module/shm_visualization_Checkpoint1/shm/install/shm/local/lib/python3.10/dist-packages/shm/_shm_s.ep.rosidl_typesupport_fastrtps_c.c
-- Up-to-date: /home/pratik/IITB_RacingTeam/AISD_Module/shm_visualization_Checkpoint1/shm/install/shm/local/lib/python3.10/dist-packages/shm/_shm_s.ep.rosidl_typesupport_introspection_c.c
-- Up-to-date: /home/pratik/IITB_RacingTeam/AISD_Module/shm_visualization_Checkpoint1/shm/install/shm/local/lib/python3.10/dist-packages/shm/libshm__rosidl_generator_py.so
-- Up-to-date: /home/pratik/IITB_RacingTeam/AISD_Module/shm_visualization_Checkpoint1/shm/install/shm/local/lib/python3.10/dist-packages/shm/shm_s__rosidl_typesupport_c.cpython-310-x86_64-linux-gnu.so
-- Up-to-date: /home/pratik/IITB_RacingTeam/AISD_Module/shm_visualization_Checkpoint1/shm/install/shm/local/lib/python3.10/dist-packages/shm/srv
-- Up-to-date: /home/pratik/IITB_RacingTeam/AISD_Module/shm_visualization_Checkpoint1/shm/install/shm/local/lib/python3.10/dist-packages/shm/srv/__init__.py
-- Up-to-date: /home/pratik/IITB_RacingTeam/AISD_Module/shm_visualization_Checkpoint1/shm/install/shm/local/lib/python3.10/dist-packages/shm/srv/_apply_force.py
-- Up-to-date: /home/pratik/IITB_RacingTeam/AISD_Module/shm_visualization_Checkpoint1/shm/install/shm/local/lib/python3.10/dist-packages/shm/srv/_apply_force_s.c
-- Up-to-date: /home/pratik/IITB_RacingTeam/AISD_Module/shm_visualization_Checkpoint1/shm/install/shm/local/lib/python3.10/dist-packages/shm/srv/_set_shm_params.py
-- Up-to-date: /home/pratik/IITB_RacingTeam/AISD_Module/shm_visualization_Checkpoint1/shm/install/shm/local/lib/python3.10/dist-packages/shm/srv/_set_shm_params_s.c
-- Up-to-date: /home/pratik/IITB_RacingTeam/AISD_Module/shm_visualization_Checkpoint1/shm/install/shm/local/lib/python3.10/dist-packages/shm/shm_s__rosidl_typesupport_introspection_c.cpython-310-x86_64-linux-gnu.so
Listing '/home/pratik/IITB_RacingTeam/AISD_Module/shm_visualization_Checkpoint1/shm/install/shm/local/lib/python3.10/dist-packages/shm'...
Listing '/home/pratik/IITB_RacingTeam/AISD_Module/shm_visualization_Checkpoint1/shm/install/shm/local/lib/python3.10/dist-packages/shm/srv'...
-- Up-to-date: /home/pratik/IITB_RacingTeam/AISD_Module/shm_visualization_Checkpoint1/shm/install/shm/local/lib/python3.10/dist-packages/shm/shm_s__rosidl_typesupport_fastrtps_c.cpython-310-x86_64-linux-gnu.so
-- Up-to-date: /home/pratik/IITB_RacingTeam/AISD_Module/shm_visualization_Checkpoint1/shm/install/shm/local/lib/python3.10/dist-packages/shm/shm_s__rosidl_typesupport_introspection_c.cpython-310-x86_64-linux-gnu.so
-- Up-to-date: /home/pratik/IITB_RacingTeam/AISD_Module/shm_visualization_Checkpoint1/shm/install/shm/local/lib/python3.10/dist-packages/shm/shm_s__rosidl_typesupport_c.cpython-310-x86_64-linux-gnu.so
-- Up-to-date: /home/pratik/IITB_RacingTeam/AISD_Module/shm_visualization_Checkpoint1/shm/install/shm/lib/libshm__rosidl_generator_py.so
-- Up-to-date: /home/pratik/IITB_RacingTeam/AISD_Module/shm_visualization_Checkpoint1/shm/install/shm/share/shm/srv/SetSHMParams.idl
-- Up-to-date: /home/pratik/IITB_RacingTeam/AISD_Module/shm_visualization_Checkpoint1/shm/install/shm/share/shm/srv/ApplyForce.idl
-- Up-to-date: /home/pratik/IITB_RacingTeam/AISD_Module/shm_visualization_Checkpoint1/shm/install/shm/share/shm/srv/SetSHMParams.srv
-- Up-to-date: /home/pratik/IITB_RacingTeam/AISD_Module/shm_visualization_Checkpoint1/shm/install/shm/share/shm/srv/SetSHMParams_Request.msg
-- Up-to-date: /home/pratik/IITB_RacingTeam/AISD_Module/shm_visualization_Checkpoint1/shm/install/shm/share/shm/srv/SetSHMParams_Response.msg
-- Up-to-date: /home/pratik/IITB_RacingTeam/AISD_Module/shm_visualization_Checkpoint1/shm/install/shm/share/shm/srv/ApplyForce.srv
-- Up-to-date: /home/pratik/IITB_RacingTeam/AISD_Module/shm_visualization_Checkpoint1/shm/install/shm/share/shm/srv/ApplyForce_Request.msg
-- Up-to-date: /home/pratik/IITB_RacingTeam/AISD_Module/shm_visualization_Checkpoint1/shm/install/shm/share/shm/srv/ApplyForce_Response.msg
-- Up-to-date: /home/pratik/IITB_RacingTeam/AISD_Module/shm_visualization_Checkpoint1/shm/install/shm/lib/shm/damped_shm_node
-- Up-to-date: /home/pratik/IITB_RacingTeam/AISD_Module/shm_visualization_Checkpoint1/shm/install/shm/share/ament_index/resource_index/package_run_dependencies/shm
-- Up-to-date: /home/pratik/IITB_RacingTeam/AISD_Module/shm_visualization_Checkpoint1/shm/install/shm/share/ament_index/resource_index/parent_prefix_path/shm
-- Up-to-date: /home/pratik/IITB_RacingTeam/AISD_Module/shm_visualization_Checkpoint1/shm/install/shm/share/shm/environment/ament_prefix_path.sh
-- Up-to-date: /home/pratik/IITB_RacingTeam/AISD_Module/shm_visualization_Checkpoint1/shm/install/shm/share/shm/environment/ament_prefix_path.dsv
-- Up-to-date: /home/pratik/IITB_RacingTeam/AISD_Module/shm_visualization_Checkpoint1/shm/install/shm/share/shm/environment/path.sh
-- Up-to-date: /home/pratik/IITB_RacingTeam/AISD_Module/shm_visualization_Checkpoint1/shm/install/shm/share/shm/environment/path.dsv
-- Up-to-date: /home/pratik/IITB_RacingTeam/AISD_Module/shm_visualization_Checkpoint1/shm/install/shm/share/shm/local_setup.bash
-- Up-to-date: /home/pratik/IITB_RacingTeam/AISD_Module/shm_visualization_Checkpoint1/shm/install/shm/share/shm/local_setup.sh
-- Up-to-date: /home/pratik/IITB_RacingTeam/AISD_Module/shm_visualization_Checkpoint1/shm/install/shm/share/shm/local_setup.zsh
-- Up-to-date: /home/pratik/IITB_RacingTeam/AISD_Module/shm_visualization_Checkpoint1/shm/install/shm/share/shm/local_setup.dsv
-- Installing: /home/pratik/IITB_RacingTeam/AISD_Module/shm_visualization_Checkpoint1/shm/install/shm/share/shm/package.dsv
-- Up-to-date: /home/pratik/IITB_RacingTeam/AISD_Module/shm_visualization_Checkpoint1/shm/install/shm/share/ament_index/resource_index/packages/shm
-- Up-to-date: /home/pratik/IITB_RacingTeam/AISD_Module/shm_visualization_Checkpoint1/shm/install/shm/share/shm/cmake/export_shm__rosidl_generator_cExport.cmake
-- Up-to-date: /home/pratik/IITB_RacingTeam/AISD_Module/shm_visualization_Checkpoint1/shm/install/shm/share/shm/cmake/export_shm__rosidl_generator_cExport-noconfig.cmake
-- Up-to-date: /home/pratik/IITB_RacingTeam/AISD_Module/shm_visualization_Checkpoint1/shm/install/shm/share/shm/cmake/export_shm__rosidl_typesupport_fastrtps_cExport.cmake
-- Up-to-date: /home/pratik/IITB_RacingTeam/AISD_Module/shm_visualization_Checkpoint1/shm/install/shm/share/shm/cmake/export_shm__rosidl_typesupport_fastrtps_cExport-noconfig.cmake
-- Up-to-date: /home/pratik/IITB_RacingTeam/AISD_Module/shm_visualization_Checkpoint1/shm/install/shm/share/shm/cmake/export_shm__rosidl_generator_cppExport.cmake
-- Up-to-date: /home/pratik/IITB_RacingTeam/AISD_Module/shm_visualization_Checkpoint1/shm/install/shm/share/shm/cmake/export_shm__rosidl_typesupport_fastrtps_cppExport.cmake
-- Up-to-date: /home/pratik/IITB_RacingTeam/AISD_Module/shm_visualization_Checkpoint1/shm/install/shm/share/shm/cmake/export_shm__rosidl_typesupport_fastrtps_cppExport-noconfig.cmake
-- Up-to-date: /home/pratik/IITB_RacingTeam/AISD_Module/shm_visualization_Checkpoint1/shm/install/shm/share/shm/cmake/shm__rosidl_typesupport_introspection_cExport.cmake
-- Up-to-date: /home/pratik/IITB_RacingTeam/AISD_Module/shm_visualization_Checkpoint1/shm/install/shm/share/shm/cmake/shm__rosidl_typesupport_introspection_cExport-noconfig.cmake
-- Up-to-date: /home/pratik/IITB_RacingTeam/AISD_Module/shm_visualization_Checkpoint1/shm/install/shm/share/shm/cmake/shm__rosidl_typesupport_cExport.cmake
-- Up-to-date: /home/pratik/IITB_RacingTeam/AISD_Module/shm_visualization_Checkpoint1/shm/install/shm/share/shm/cmake/shm__rosidl_typesupport_cExport-noconfig.cmake
-- Up-to-date: /home/pratik/IITB_RacingTeam/AISD_Module/shm_visualization_Checkpoint1/shm/install/shm/share/shm/cmake/shm__rosidl_typesupport_introspection_cppExport.cmake
-- Up-to-date: /home/pratik/IITB_RacingTeam/AISD_Module/shm_visualization_Checkpoint1/shm/install/shm/share/shm/cmake/shm__rosidl_typesupport_introspection_cppExport-noconfig.cmake
-- Up-to-date: /home/pratik/IITB_RacingTeam/AISD_Module/shm_visualization_Checkpoint1/shm/install/shm/share/shm/cmake/shm__rosidl_typesupport_cppExport.cmake
-- Up-to-date: /home/pratik/IITB_RacingTeam/AISD_Module/shm_visualization_Checkpoint1/shm/install/shm/share/shm/cmake/shm__rosidl_typesupport_cppExport-noconfig.cmake
-- Up-to-date: /home/pratik/IITB_RacingTeam/AISD_Module/shm_visualization_Checkpoint1/shm/install/shm/share/shm/cmake/export_shm__rosidl_generator_pyExport.cmake
-- Up-to-date: /home/pratik/IITB_RacingTeam/AISD_Module/shm_visualization_Checkpoint1/shm/install/shm/share/shm/cmake/export_shm__rosidl_generator_pyExport-noconfig.cmake
-- Up-to-date: /home/pratik/IITB_RacingTeam/AISD_Module/shm_visualization_Checkpoint1/shm/install/shm/share/shm/cmake/rosidl_cmake-extras.cmake
-- Up-to-date: /home/pratik/IITB_RacingTeam/AISD_Module/shm_visualization_Checkpoint1/shm/install/shm/share/shm/cmake/ament_cmake_export_include_directories-extras.cmake
-- Up-to-date: /home/pratik/IITB_RacingTeam/AISD_Module/shm_visualization_Checkpoint1/shm/install/shm/share/shm/cmake/ament_cmake_export_libraries-extras.cmake
-- Up-to-date: /home/pratik/IITB_RacingTeam/AISD_Module/shm_visualization_Checkpoint1/shm/install/shm/share/shm/cmake/ament_cmake_export_targets-extras.cmake
-- Up-to-date: /home/pratik/IITB_RacingTeam/AISD_Module/shm_visualization_Checkpoint1/shm/install/shm/share/shm/cmake/rosidl_cmake_export_typesupport_targets-extras.cmake
-- Up-to-date: /home/pratik/IITB_RacingTeam/AISD_Module/shm_visualization_Checkpoint1/shm/install/shm/share/shm/cmake/ament_cmake_export_dependencies-extras.cmake
-- Up-to-date: /home/pratik/IITB_RacingTeam/AISD_Module/shm_visualization_Checkpoint1/shm/install/shm/share/shm/cmake/rosidl_cmake_export_typesupport_libraries-extras.cmake
-- Up-to-date: /home/pratik/IITB_RacingTeam/AISD_Module/shm_visualization_Checkpoint1/shm/install/shm/share/shm/cmake/shmConfig.cmake
-- Up-to-date: /home/pratik/IITB_RacingTeam/AISD_Module/shm_visualization_Checkpoint1/shm/install/shm/share/shm/cmake/shmConfig-version.cmake
-- Up-to-date: /home/pratik/IITB_RacingTeam/AISD_Module/shm_visualization_Checkpoint1/shm/install/shm/share/shm/package.xml
